== TSan clean build + full tests (setarch -R) ==
2026-10-02T15:56:17+08:00
-- The CXX compiler identification is GNU 11.4.0
-- Detecting CXX compiler ABI info
-- Detecting CXX compiler ABI info - done
-- Check for working CXX compiler: /usr/bin/c++ - skipped
-- Detecting CXX compile features
-- Detecting CXX compile features - done
-- Looking for C++ include pthread.h
-- Looking for C++ include pthread.h - found
-- Performing Test CMAKE_HAVE_LIBC_PTHREAD
-- Performing Test CMAKE_HAVE_LIBC_PTHREAD - Success
-- Found Threads: TRUE  
-- Configuring done
-- Generating done
-- Build files have been written to: /home/tengyujie/lsm-kv/build-tsan
TSAN_CMAKE_RC=0
[  2%] Building CXX object CMakeFiles/lsm_sstable.dir/src/sstable/block.cpp.o
[  2%] Building CXX object CMakeFiles/lsm_sstable.dir/src/sstable/format.cpp.o
[  3%] Building CXX object CMakeFiles/lsm.dir/src/sstable/format.cpp.o
[  4%] Building CXX object CMakeFiles/lsm.dir/src/sstable/block.cpp.o
[  5%] Building CXX object CMakeFiles/lsm_sstable.dir/src/sstable/table_builder.cpp.o
[  8%] Building CXX object CMakeFiles/lsm_sstable.dir/src/sstable/table.cpp.o
[  8%] Building CXX object CMakeFiles/lsm_version.dir/src/version_edit.cpp.o
[  9%] Building CXX object CMakeFiles/fsbench_commit_latency.dir/scripts/fsbench_commit_latency.cpp.o
[ 10%] Building CXX object CMakeFiles/lsm.dir/src/sstable/table_builder.cpp.o
[ 11%] Building CXX object CMakeFiles/lsm_sstable.dir/src/bloom.cpp.o
[ 13%] Building CXX object CMakeFiles/lsm_sstable.dir/src/util/status.cpp.o
[ 14%] Linking CXX executable bin/fsbench_commit_latency
[ 14%] Built target fsbench_commit_latency
[ 15%] Building CXX object CMakeFiles/lsm.dir/src/sstable/table.cpp.o
[ 16%] Building CXX object CMakeFiles/lsm_sstable.dir/src/util/coding.cpp.o
[ 17%] Building CXX object CMakeFiles/lsm_sstable.dir/src/util/crc32c.cpp.o
[ 19%] Building CXX object CMakeFiles/lsm.dir/src/bloom.cpp.o
[ 20%] Building CXX object CMakeFiles/lsm.dir/src/util/status.cpp.o
[ 21%] Building CXX object CMakeFiles/lsm.dir/src/util/coding.cpp.o
[ 22%] Building CXX object CMakeFiles/lsm.dir/src/util/crc32c.cpp.o
[ 23%] Building CXX object CMakeFiles/lsm.dir/src/util/arena.cpp.o
[ 25%] Building CXX object CMakeFiles/lsm.dir/src/util/env_posix.cpp.o
[ 26%] Building CXX object CMakeFiles/lsm.dir/src/memtable.cpp.o
[ 27%] Building CXX object CMakeFiles/lsm.dir/src/db.cpp.o
[ 28%] Building CXX object CMakeFiles/lsm.dir/src/write_batch.cpp.o
[ 29%] Linking CXX static library liblsm_sstable.a
[ 29%] Built target lsm_sstable
[ 30%] Building CXX object CMakeFiles/lsm_version.dir/src/version_set.cpp.o
[ 32%] Building CXX object CMakeFiles/lsm.dir/src/wal.cpp.o
[ 33%] Building CXX object CMakeFiles/lsm_version.dir/src/filename.cpp.o
[ 34%] Building CXX object CMakeFiles/lsm.dir/src/filename.cpp.o
[ 35%] Building CXX object CMakeFiles/lsm.dir/src/db_impl.cpp.o
[ 36%] Building CXX object CMakeFiles/lsm.dir/src/version_edit.cpp.o
[ 38%] Building CXX object CMakeFiles/lsm_version.dir/src/util/status.cpp.o
[ 39%] Building CXX object CMakeFiles/lsm.dir/src/version_set.cpp.o
[ 40%] Building CXX object CMakeFiles/lsm_version.dir/src/util/coding.cpp.o
[ 41%] Building CXX object CMakeFiles/lsm_version.dir/src/util/crc32c.cpp.o
[ 42%] Building CXX object CMakeFiles/lsm.dir/src/compaction.cpp.o
[ 44%] Building CXX object CMakeFiles/lsm.dir/src/merging_iterator.cpp.o
[ 45%] Building CXX object CMakeFiles/lsm.dir/src/db_iter.cpp.o
[ 46%] Linking CXX static library liblsm_version.a
[ 46%] Built target lsm_version
[ 47%] Linking CXX static library liblsm.a
[ 47%] Built target lsm
[ 48%] Building CXX object CMakeFiles/lsm_tests.dir/tests/sstable_format_test.cpp.o
[ 51%] Building CXX object CMakeFiles/lsm_crash_writer.dir/scripts/crash_writer.cpp.o
[ 51%] Building CXX object CMakeFiles/lsm_ampl_probe.dir/scripts/lsm_ampl_probe.cpp.o
[ 54%] Building CXX object CMakeFiles/lsm_m3_probe.dir/scripts/m3_probe.cpp.o
[ 54%] Building CXX object CMakeFiles/lsm_damage_test.dir/scripts/lsm_damage_test.cpp.o
[ 54%] Building CXX object CMakeFiles/lsm_crash_recover.dir/scripts/crash_recover.cpp.o
[ 55%] Building CXX object CMakeFiles/lsm_batch_crash_writer.dir/scripts/batch_crash_writer.cpp.o
[ 57%] Building CXX object CMakeFiles/lsm_compaction_crash.dir/scripts/lsm_compaction_crash.cpp.o
[ 58%] Linking CXX executable bin/lsm_batch_crash_writer
[ 59%] Linking CXX executable bin/lsm_crash_writer
[ 60%] Linking CXX executable bin/lsm_damage_test
[ 60%] Built target lsm_crash_writer
[ 60%] Built target lsm_batch_crash_writer
[ 61%] Building CXX object CMakeFiles/lsm_batch_crash_recover.dir/scripts/batch_crash_recover.cpp.o
[ 63%] Building CXX object CMakeFiles/bench_lsm.dir/bench/bench_lsm.cpp.o
[ 64%] Linking CXX executable bin/lsm_crash_recover
[ 64%] Built target lsm_damage_test
[ 65%] Building CXX object CMakeFiles/sync_isolation_probe.dir/scripts/sync_isolation_probe.cpp.o
[ 65%] Built target lsm_crash_recover
[ 66%] Building CXX object CMakeFiles/lsm_level_stats.dir/scripts/lsm_level_stats.cpp.o
[ 67%] Linking CXX executable bin/lsm_ampl_probe
[ 69%] Linking CXX executable bin/lsm_compaction_crash
[ 70%] Linking CXX executable bin/lsm_batch_crash_recover
[ 70%] Built target lsm_ampl_probe
[ 71%] Building CXX object CMakeFiles/lsm_filter_damage.dir/scripts/lsm_filter_damage.cpp.o
[ 71%] Built target lsm_compaction_crash
[ 72%] Building CXX object CMakeFiles/lsm_tests.dir/tests/sstable_table_test.cpp.o
[ 73%] Linking CXX executable bin/lsm_m3_probe
[ 73%] Built target lsm_batch_crash_recover
[ 75%] Building CXX object CMakeFiles/lsm_tests.dir/tests/util_test.cpp.o
[ 75%] Built target lsm_m3_probe
[ 76%] Building CXX object CMakeFiles/lsm_tests.dir/tests/memtable_test.cpp.o
[ 77%] Linking CXX executable bin/lsm_level_stats
[ 77%] Built target lsm_level_stats
[ 78%] Building CXX object CMakeFiles/lsm_tests.dir/tests/wal_test.cpp.o
[ 79%] Linking CXX executable bin/sync_isolation_probe
[ 79%] Built target sync_isolation_probe
[ 80%] Building CXX object CMakeFiles/lsm_tests.dir/tests/faulty_env.cpp.o
[ 82%] Linking CXX executable bin/lsm_filter_damage
[ 82%] Built target lsm_filter_damage
[ 83%] Building CXX object CMakeFiles/lsm_tests.dir/tests/recovery_test.cpp.o
[ 84%] Building CXX object CMakeFiles/lsm_tests.dir/tests/memenv.cpp.o
[ 85%] Linking CXX executable bin/bench_lsm
[ 85%] Built target bench_lsm
[ 86%] Building CXX object CMakeFiles/lsm_tests.dir/tests/crash_test.cpp.o
[ 88%] Building CXX object CMakeFiles/lsm_tests.dir/tests/flush_test.cpp.o
[ 89%] Building CXX object CMakeFiles/lsm_tests.dir/tests/iterator_test.cpp.o
[ 90%] Building CXX object CMakeFiles/lsm_tests.dir/tests/recovery_m3_test.cpp.o
[ 91%] Building CXX object CMakeFiles/lsm_tests.dir/tests/crash_flush_test.cpp.o
[ 92%] Building CXX object CMakeFiles/lsm_tests.dir/tests/version_test.cpp.o
[ 94%] Building CXX object CMakeFiles/lsm_tests.dir/tests/compaction_test.cpp.o
[ 95%] Building CXX object CMakeFiles/lsm_tests.dir/tests/compaction_db_test.cpp.o
[ 96%] Building CXX object CMakeFiles/lsm_tests.dir/tests/filter_test.cpp.o
[ 97%] Building CXX object CMakeFiles/lsm_tests.dir/tests/batch_test.cpp.o
[ 98%] Building CXX object CMakeFiles/lsm_tests.dir/tests/sync_isolation_test.cpp.o
[100%] Linking CXX executable bin/lsm_tests
[100%] Built target lsm_tests
TSAN_BUILD_RC=0
Running main() from /home/tengyujie/googletest/googletest/src/gtest_main.cc
[==========] Running 208 tests from 57 test suites.
[----------] Global test environment set-up.
[----------] 6 tests from Block
[ RUN      ] Block.RoundTripEmptySingleMany
[       OK ] Block.RoundTripEmptySingleMany (23 ms)
[ RUN      ] Block.PrefixCompressionAndRestartGroups
[       OK ] Block.PrefixCompressionAndRestartGroups (4 ms)
[ RUN      ] Block.RestartOffsetsMonotonicAndAligned
[       OK ] Block.RestartOffsetsMonotonicAndAligned (2 ms)
[ RUN      ] Block.SeekSemantics
[       OK ] Block.SeekSemantics (2 ms)
[ RUN      ] Block.MalformedEntryRejectedWithoutOOB
[       OK ] Block.MalformedEntryRejectedWithoutOOB (1 ms)
[ RUN      ] Block.IteratorBidirectional
[       OK ] Block.IteratorBidirectional (6 ms)
[----------] 6 tests from Block (42 ms total)

[----------] 2 tests from Footer
[ RUN      ] Footer.RoundTrip
[       OK ] Footer.RoundTrip (0 ms)
[ RUN      ] Footer.RejectMatrix
[       OK ] Footer.RejectMatrix (1 ms)
[----------] 2 tests from Footer (2 ms total)

[----------] 12 tests from Table
[ RUN      ] Table.EmptyAndBoundarySizes
[       OK ] Table.EmptyAndBoundarySizes (15 ms)
[ RUN      ] Table.CrossBlockLargeValue
[       OK ] Table.CrossBlockLargeValue (24 ms)
[ RUN      ] Table.LargeNumberOfBlocksIndexWarn
WARN: sstable index_size_warn: block_count=65538 > 65536 (single-level index > ~2.5MB); two-level index is an M4 item
[       OK ] Table.LargeNumberOfBlocksIndexWarn (5073 ms)
[ RUN      ] Table.CrcDetectsSingleByteFlipInDataBlock
FLIPS_DONE_A12=4912
[       OK ] Table.CrcDetectsSingleByteFlipInDataBlock (6661 ms)
[ RUN      ] Table.CrcDetectsFlipInHeaderLengthAndTrailer
FLIPS_DONE_A13=11
[       OK ] Table.CrcDetectsFlipInHeaderLengthAndTrailer (3 ms)
[ RUN      ] Table.CrcDetectsFlipInIndexAndFooter
FLIPS_DONE_A14_INDEX=42
FLIPS_DONE_A14_TOTAL=45
[       OK ] Table.CrcDetectsFlipInIndexAndFooter (14 ms)
[ RUN      ] Table.VerifyChecksumsOffIsActuallyOff
[       OK ] Table.VerifyChecksumsOffIsActuallyOff (6 ms)
[ RUN      ] Table.IndexHandleTypeMismatchRejected
[       OK ] Table.IndexHandleTypeMismatchRejected (2 ms)
[ RUN      ] Table.HandleSizeVsBlockLengthMismatch
[       OK ] Table.HandleSizeVsBlockLengthMismatch (2 ms)
[ RUN      ] Table.MetaIndexEmptyBlockParses
[       OK ] Table.MetaIndexEmptyBlockParses (4 ms)
[ RUN      ] Table.KeyRangeFilterDoesZeroIo
[       OK ] Table.KeyRangeFilterDoesZeroIo (4 ms)
[ RUN      ] Table.SeekWithSnapshotLookupKeyUsesInternalKeyComparator
[       OK ] Table.SeekWithSnapshotLookupKeyUsesInternalKeyComparator (3 ms)
[----------] 12 tests from Table (11818 ms total)

[----------] 2 tests from Slice
[ RUN      ] Slice.CompareAndStartsWith
[       OK ] Slice.CompareAndStartsWith (0 ms)
[ RUN      ] Slice.ToString
[       OK ] Slice.ToString (0 ms)
[----------] 2 tests from Slice (0 ms total)

[----------] 1 test from Status
[ RUN      ] Status.CodesAndToString
[       OK ] Status.CodesAndToString (0 ms)
[----------] 1 test from Status (0 ms total)

[----------] 6 tests from Coding
[ RUN      ] Coding.Fixed32RoundTrip
[       OK ] Coding.Fixed32RoundTrip (0 ms)
[ RUN      ] Coding.Fixed64RoundTrip
[       OK ] Coding.Fixed64RoundTrip (0 ms)
[ RUN      ] Coding.Varint32RoundTrip
[       OK ] Coding.Varint32RoundTrip (0 ms)
[ RUN      ] Coding.Varint64RoundTrip
[       OK ] Coding.Varint64RoundTrip (0 ms)
[ RUN      ] Coding.VarintRejectsOverflowAndTruncation
[       OK ] Coding.VarintRejectsOverflowAndTruncation (0 ms)
[ RUN      ] Coding.LengthPrefixedRoundTrip
[       OK ] Coding.LengthPrefixedRoundTrip (8 ms)
[----------] 6 tests from Coding (10 ms total)

[----------] 2 tests from CRC32C
[ RUN      ] CRC32C.KnownVectors
[       OK ] CRC32C.KnownVectors (0 ms)
[ RUN      ] CRC32C.SingleBitFlipDetected
[       OK ] CRC32C.SingleBitFlipDetected (618 ms)
[----------] 2 tests from CRC32C (618 ms total)

[----------] 2 tests from Arena
[ RUN      ] Arena.AlignmentAndUsage
[       OK ] Arena.AlignmentAndUsage (7 ms)
[ RUN      ] Arena.Reset
[       OK ] Arena.Reset (5 ms)
[----------] 2 tests from Arena (12 ms total)

[----------] 2 tests from Env
[ RUN      ] Env.TimeMonotonic
[       OK ] Env.TimeMonotonic (1 ms)
[ RUN      ] Env.FileRoundTrip
[       OK ] Env.FileRoundTrip (5 ms)
[----------] 2 tests from Env (7 ms total)

[----------] 4 tests from InternalKey
[ RUN      ] InternalKey.BuildParseRoundTrip
[       OK ] InternalKey.BuildParseRoundTrip (89 ms)
[ RUN      ] InternalKey.ParseMalformed
[       OK ] InternalKey.ParseMalformed (0 ms)
[ RUN      ] InternalKey.CompareOrder
[       OK ] InternalKey.CompareOrder (254 ms)
[ RUN      ] InternalKey.LookupKeySemantics
[       OK ] InternalKey.LookupKeySemantics (1 ms)
[----------] 4 tests from InternalKey (346 ms total)

[----------] 1 test from MemTableKeyComparator
[ RUN      ] MemTableKeyComparator.TotalOrder
[       OK ] MemTableKeyComparator.TotalOrder (1625 ms)
[----------] 1 test from MemTableKeyComparator (1625 ms total)

[----------] 4 tests from Skiplist
[ RUN      ] Skiplist.InsertContainsWithStdMultimap
[       OK ] Skiplist.InsertContainsWithStdMultimap (14715 ms)
[ RUN      ] Skiplist.RandomLayerDistribution
[   INFO   ] Skiplist.RandomLayerDistribution: node_count=100000 mean_height=1.33456 P(h>=2)=0.2502 P(h>=3)=0.06272 max_height=9
[       OK ] Skiplist.RandomLayerDistribution (2343 ms)
[ RUN      ] Skiplist.IteratorForwardBackward
[       OK ] Skiplist.IteratorForwardBackward (639 ms)
[ RUN      ] Skiplist.DuplicateKeys
[       OK ] Skiplist.DuplicateKeys (0 ms)
[----------] 4 tests from Skiplist (17700 ms total)

[----------] 14 tests from MemTable
[ RUN      ] MemTable.PutGetRoundTrip
[       OK ] MemTable.PutGetRoundTrip (168 ms)
[ RUN      ] MemTable.OverwriteNewestWins
[       OK ] MemTable.OverwriteNewestWins (1 ms)
[ RUN      ] MemTable.DeleteThenNotFound
[       OK ] MemTable.DeleteThenNotFound (0 ms)
[ RUN      ] MemTable.DeleteThenPutNewerStaysVisible
[       OK ] MemTable.DeleteThenPutNewerStaysVisible (0 ms)
[ RUN      ] MemTable.MultiVersionOrderInInternalIterator
[       OK ] MemTable.MultiVersionOrderInInternalIterator (0 ms)
[ RUN      ] MemTable.UserIteratorDedupAndTombstone
[       OK ] MemTable.UserIteratorDedupAndTombstone (2 ms)
[ RUN      ] MemTable.IteratorStateMachine
[       OK ] MemTable.IteratorStateMachine (0 ms)
[ RUN      ] MemTable.InsertDuringIteration
[       OK ] MemTable.InsertDuringIteration (0 ms)
[ RUN      ] MemTable.FreezeRejectsWriteWithFrozenStatus
[       OK ] MemTable.FreezeRejectsWriteWithFrozenStatus (0 ms)
[ RUN      ] MemTable.FrozenStillReadable
[       OK ] MemTable.FrozenStillReadable (0 ms)
[ RUN      ] MemTable.CapacityStatsMonotonic
[       OK ] MemTable.CapacityStatsMonotonic (12 ms)
[ RUN      ] MemTable.RejectsEmptyAndOversizedKey
[       OK ] MemTable.RejectsEmptyAndOversizedKey (19 ms)
[ RUN      ] MemTable.CustomComparatorEqualityIsHonored
[       OK ] MemTable.CustomComparatorEqualityIsHonored (1 ms)
[ RUN      ] MemTable.MalformedInputDoesNotReadOutOfBounds
[       OK ] MemTable.MalformedInputDoesNotReadOutOfBounds (0 ms)
[----------] 14 tests from MemTable (213 ms total)

[----------] 6 tests from DB
[ RUN      ] DB.PutBlocksUntilFlush
[       OK ] DB.PutBlocksUntilFlush (401 ms)
[ RUN      ] DB.OpenMemoryMode
[       OK ] DB.OpenMemoryMode (0 ms)
[ RUN      ] DB.OpenPersistentMode
[       OK ] DB.OpenPersistentMode (27 ms)
[ RUN      ] DB.OpenRejectsInvalidOptions
[       OK ] DB.OpenRejectsInvalidOptions (0 ms)
[ RUN      ] DB.PutGetDeleteRoundTrip
[       OK ] DB.PutGetDeleteRoundTrip (6 ms)
[ RUN      ] DB.PutAfterFreezeReturnsFrozen
[       OK ] DB.PutAfterFreezeReturnsFrozen (2 ms)
[----------] 6 tests from DB (439 ms total)

[----------] 4 tests from Stress
[ RUN      ] Stress.OneMillionKeysReconcile
[   INFO   ] Stress.OneMillionKeysReconcile: n=1000000 write_ms=232962 reconcile_ms=15607 ApproximateMemoryUsage=155998029 bytes
[       OK ] Stress.OneMillionKeysReconcile (253264 ms)
[ RUN      ] Stress.DeleteThirtyPercentReconcile
[   INFO   ] Stress.DeleteThirtyPercentReconcile: entries=390000 visible=210000 deleted=90000 elapsed_ms=119777 memtable_bytes=61318518
[       OK ] Stress.DeleteThirtyPercentReconcile (122621 ms)
[ RUN      ] Stress.SameKey100kTimes
[   INFO   ] Stress.SameKey100kTimes: versions=100000 elapsed_ms=12393 memtable_bytes=14389159
[       OK ] Stress.SameKey100kTimes (12477 ms)
[ RUN      ] Stress.AlignmentUnderSanitizers
[   INFO   ] Stress.AlignmentUnderSanitizers: build=tsan
[   INFO   ] Stress.AlignmentUnderSanitizers: allocations=2000 alignof(max_align_t)=16
[       OK ] Stress.AlignmentUnderSanitizers (332 ms)
[----------] 4 tests from Stress (388698 ms total)

[----------] 10 tests from WAL
[ RUN      ] WAL.WriteReadRoundTrip
[       OK ] WAL.WriteReadRoundTrip (8 ms)
[ RUN      ] WAL.LargeRecordCrossBlockSplit
[       OK ] WAL.LargeRecordCrossBlockSplit (65 ms)
[ RUN      ] WAL.BlockTailPadding
[       OK ] WAL.BlockTailPadding (49 ms)
[ RUN      ] WAL.CrcDetectsSingleByteFlip
[       OK ] WAL.CrcDetectsSingleByteFlip (313 ms)
[ RUN      ] WAL.RejectsIllegalTypeAndLength
[       OK ] WAL.RejectsIllegalTypeAndLength (12 ms)
[ RUN      ] WAL.TruncatedTailIsCut
[       OK ] WAL.TruncatedTailIsCut (1031 ms)
[ RUN      ] WAL.MiddleCorruptionRejected
[       OK ] WAL.MiddleCorruptionRejected (6 ms)
[ RUN      ] WAL.TailCorruptionWithNoValidRecordAfterIsCut
[       OK ] WAL.TailCorruptionWithNoValidRecordAfterIsCut (6 ms)
[ RUN      ] WAL.ShortWriteIsRetriedThenFails
[       OK ] WAL.ShortWriteIsRetriedThenFails (10 ms)
[ RUN      ] WAL.FsyncFailurePropagates
[       OK ] WAL.FsyncFailurePropagates (0 ms)
[----------] 10 tests from WAL (1507 ms total)

[----------] 11 tests from Recovery
[ RUN      ] Recovery.AckedDataVisibleAfterManifestReplay
[       OK ] Recovery.AckedDataVisibleAfterManifestReplay (290 ms)
[ RUN      ] Recovery.ReplayPutDeleteAndBatches
[       OK ] Recovery.ReplayPutDeleteAndBatches (33 ms)
[ RUN      ] Recovery.AllLogsAreReplayed
[       OK ] Recovery.AllLogsAreReplayed (23 ms)
[ RUN      ] Recovery.SequenceRestoredAboveMaxReplayed
[       OK ] Recovery.SequenceRestoredAboveMaxReplayed (32 ms)
[ RUN      ] Recovery.IdempotentAcrossRepeatedOpens
[       OK ] Recovery.IdempotentAcrossRepeatedOpens (34 ms)
[ RUN      ] Recovery.TornTailDoesNotResurrectOlderValue
[       OK ] Recovery.TornTailDoesNotResurrectOlderValue (16 ms)
[ RUN      ] Recovery.EmptyWalAndMissingDir
[       OK ] Recovery.EmptyWalAndMissingDir (14 ms)
[ RUN      ] Recovery.MalformedBatchPayloadIsCorruption
[       OK ] Recovery.MalformedBatchPayloadIsCorruption (19 ms)
[ RUN      ] Recovery.NonHighestLogTailCorruptionRejected
[       OK ] Recovery.NonHighestLogTailCorruptionRejected (11 ms)
[ RUN      ] Recovery.SameKeyManyVersionsReplaysLatest
[       OK ] Recovery.SameKeyManyVersionsReplaysLatest (128 ms)
[ RUN      ] Recovery.StatsAreReadableAndReportTruncationAndSkips
[WARN] recovery: skipped 1 record(s) with non-increasing sequence
[       OK ] Recovery.StatsAreReadableAndReportTruncationAndSkips (48 ms)
[----------] 11 tests from Recovery (655 ms total)

[----------] 2 tests from CrashSim
[ RUN      ] CrashSim.UnsyncedSuffixLostNoTornValue
[       OK ] CrashSim.UnsyncedSuffixLostNoTornValue (170 ms)
[ RUN      ] CrashSim.RepeatedCrashRecoverLoop50
[       OK ] CrashSim.RepeatedCrashRecoverLoop50 (838 ms)
[----------] 2 tests from CrashSim (1009 ms total)

[----------] 3 tests from Sync
[ RUN      ] Sync.SyncCoversAllPriorWrites
[       OK ] Sync.SyncCoversAllPriorWrites (50 ms)
[ RUN      ] Sync.CloseIsDurable
[       OK ] Sync.CloseIsDurable (39 ms)
[ RUN      ] Sync.PerLogBoundaryAfterRotation
[       OK ] Sync.PerLogBoundaryAfterRotation (17 ms)
[----------] 3 tests from Sync (108 ms total)

[----------] 4 tests from Close
[ RUN      ] Close.RejectsNewWriters
[       OK ] Close.RejectsNewWriters (56 ms)
[ RUN      ] Close.WaitsForDrainedQueue
[       OK ] Close.WaitsForDrainedQueue (376 ms)
[ RUN      ] Close.AbandonsImmutablesWithCounter
[       OK ] Close.AbandonsImmutablesWithCounter (150 ms)
[ RUN      ] Close.DrainsBackgroundThread
[       OK ] Close.DrainsBackgroundThread (98 ms)
[----------] 4 tests from Close (684 ms total)

[----------] 8 tests from GroupCommit
[ RUN      ] GroupCommit.WindowNotOpenedEarly
[       OK ] GroupCommit.WindowNotOpenedEarly (7 ms)
[ RUN      ] GroupCommit.NoLostWakeup
[       OK ] GroupCommit.NoLostWakeup (68 ms)
[ RUN      ] GroupCommit.FailurePropagatesToAllWaiters
[       OK ] GroupCommit.FailurePropagatesToAllWaiters (37 ms)
[ RUN      ] GroupCommit.BatchingReducesFsyncCount
[   INFO   ] GroupCommit.BatchingReducesFsyncCount: writers=32 fsync_calls=32 ratio=1.000
[       OK ] GroupCommit.BatchingReducesFsyncCount (71 ms)
[ RUN      ] GroupCommit.NWritersOneFsyncDeterministic
[       OK ] GroupCommit.NWritersOneFsyncDeterministic (189 ms)
[ RUN      ] GroupCommit.DurableSeqOnlyAdvancesOnSync
[       OK ] GroupCommit.DurableSeqOnlyAdvancesOnSync (6 ms)
[ RUN      ] GroupCommit.MixedSyncPropagates
[       OK ] GroupCommit.MixedSyncPropagates (185 ms)
[ RUN      ] GroupCommit.SyncDoesNotClaimInFlightBatch
[       OK ] GroupCommit.SyncDoesNotClaimInFlightBatch (6 ms)
[----------] 8 tests from GroupCommit (576 ms total)

[----------] 2 tests from Locks
[ RUN      ] Locks.ZeroIoWhileHoldingDbMutexOnCompactionPath
[       OK ] Locks.ZeroIoWhileHoldingDbMutexOnCompactionPath (257 ms)
[ RUN      ] Locks.ZeroIoWhileHoldingDbMutex
[       OK ] Locks.ZeroIoWhileHoldingDbMutex (902 ms)
[----------] 2 tests from Locks (1160 ms total)

[----------] 9 tests from Flush
[ RUN      ] Flush.AutoFlushOnFullBufferNeverFrozen
[       OK ] Flush.AutoFlushOnFullBufferNeverFrozen (348 ms)
[ RUN      ] Flush.SingleEntryLargerThanWriteBufferAccepted
[       OK ] Flush.SingleEntryLargerThanWriteBufferAccepted (52 ms)
[ RUN      ] Flush.OrderDurableRenameSyncDirRegister
[       OK ] Flush.OrderDurableRenameSyncDirRegister (112 ms)
[ RUN      ] Flush.NoIoWhileHoldingDbMutex
[       OK ] Flush.NoIoWhileHoldingDbMutex (379 ms)
[ RUN      ] Flush.FailureIsFailStopButReadable
[       OK ] Flush.FailureIsFailStopButReadable (110 ms)
[ RUN      ] Flush.ImmutableStallReleasesOnAllConditions
[       OK ] Flush.ImmutableStallReleasesOnAllConditions (77 ms)
[ RUN      ] Flush.TombstoneCountPreserved
[       OK ] Flush.TombstoneCountPreserved (840 ms)
[ RUN      ] Flush.FirstFlushCloseWindowRecoversFromCompleteWal
[       OK ] Flush.FirstFlushCloseWindowRecoversFromCompleteWal (42 ms)
[ RUN      ] Flush.StatsCountedNotSilent
[WARN] recovery: skipped 1 record(s) with non-increasing sequence
[       OK ] Flush.StatsCountedNotSilent (760 ms)
[----------] 9 tests from Flush (2727 ms total)

[----------] 5 tests from Read
[ RUN      ] Read.L0NewestFirst
[       OK ] Read.L0NewestFirst (27 ms)
[ RUN      ] Read.CoverageMemTableOverSSTable
[       OK ] Read.CoverageMemTableOverSSTable (593 ms)
[ RUN      ] Read.TombstoneShadowsSSTableOldValue
[       OK ] Read.TombstoneShadowsSSTableOldValue (539 ms)
[ RUN      ] Read.NewerSSTableTombstoneShadowsOlderFile
[       OK ] Read.NewerSSTableTombstoneShadowsOlderFile (1235 ms)
[ RUN      ] Read.NewestWinsAcrossThreeFiles
[       OK ] Read.NewestWinsAcrossThreeFiles (1713 ms)
[----------] 5 tests from Read (4111 ms total)

[----------] 4 tests from Iter
[ RUN      ] Iter.MergingIteratorOrder
[       OK ] Iter.MergingIteratorOrder (0 ms)
[ RUN      ] Iter.DBIterVisibilityAndTombstoneSkip
[       OK ] Iter.DBIterVisibilityAndTombstoneSkip (0 ms)
[ RUN      ] Iter.DBIterStableAcrossFlush
[       OK ] Iter.DBIterStableAcrossFlush (3842 ms)
[ RUN      ] Iter.UserIteratorUnchangedForMemoryMode
[       OK ] Iter.UserIteratorUnchangedForMemoryMode (127 ms)
[----------] 4 tests from Iter (3972 ms total)

[----------] 10 tests from Recover
[ RUN      ] Recover.SSTableOnly
[       OK ] Recover.SSTableOnly (441 ms)
[ RUN      ] Recover.SSTablePlusWalTail
[       OK ] Recover.SSTablePlusWalTail (148 ms)
[ RUN      ] Recover.LastSequenceUniqueSource
[       OK ] Recover.LastSequenceUniqueSource (178 ms)
[ RUN      ] Recover.MetaMaxSequenceVerifiedAgainstFullScan
[       OK ] Recover.MetaMaxSequenceVerifiedAgainstFullScan (117 ms)
[ RUN      ] Recover.MetaCorruptRefused
[       OK ] Recover.MetaCorruptRefused (282 ms)
[ RUN      ] Recover.OrphanHandledPerInvariant27
[       OK ] Recover.OrphanHandledPerInvariant27 (138 ms)
[ RUN      ] Recover.MetaMissingWithSstRefused
[       OK ] Recover.MetaMissingWithSstRefused (149 ms)
[ RUN      ] Recover.ComparatorNameMismatchRefused
[       OK ] Recover.ComparatorNameMismatchRefused (78 ms)
[ RUN      ] Recover.LogOrderIsNumericAscending
[       OK ] Recover.LogOrderIsNumericAscending (6 ms)
[ RUN      ] Recover.TruncationRulesUnchangedFromM2
[       OK ] Recover.TruncationRulesUnchangedFromM2 (6 ms)
[----------] 10 tests from Recover (1550 ms total)

[----------] 4 tests from WalReclaim
[ RUN      ] WalReclaim.WatermarkCriterion
[       OK ] WalReclaim.WatermarkCriterion (221 ms)
[ RUN      ] WalReclaim.RecoveredMemtableKeepsOldestLog
[       OK ] WalReclaim.RecoveredMemtableKeepsOldestLog (13 ms)
[ RUN      ] WalReclaim.DeleteOnlyAfterMetaDurable
[       OK ] WalReclaim.DeleteOnlyAfterMetaDurable (623 ms)
[ RUN      ] WalReclaim.DisabledByOption
[       OK ] WalReclaim.DisabledByOption (1169 ms)
[----------] 4 tests from WalReclaim (2029 ms total)

[----------] 1 test from Rotation
[ RUN      ] Rotation.BeforeSequenceAssignAndAtomicOnFailure
[       OK ] Rotation.BeforeSequenceAssignAndAtomicOnFailure (15 ms)
[----------] 1 test from Rotation (16 ms total)

[----------] 1 test from Options
[ RUN      ] Options.InvalidRejectedWithoutFailStop
[       OK ] Options.InvalidRejectedWithoutFailStop (3837 ms)
[----------] 1 test from Options (3838 ms total)

[----------] 3 tests from CrashFlush
[ RUN      ] CrashFlush.AfterSSTableWrittenThenPowerLoss
[       OK ] CrashFlush.AfterSSTableWrittenThenPowerLoss (234 ms)
[ RUN      ] CrashFlush.BeforeRenameThenPowerLoss
[       OK ] CrashFlush.BeforeRenameThenPowerLoss (211 ms)
[ RUN      ] CrashFlush.BeforeRegisterThenPowerLoss
[       OK ] CrashFlush.BeforeRegisterThenPowerLoss (208 ms)
[----------] 3 tests from CrashFlush (655 ms total)

[----------] 4 tests from VersionEdit
[ RUN      ] VersionEdit.CrcIndependentlyRecomputed
[       OK ] VersionEdit.CrcIndependentlyRecomputed (0 ms)
[ RUN      ] VersionEdit.RoundTripEmptyAndFull
[       OK ] VersionEdit.RoundTripEmptyAndFull (47 ms)
[ RUN      ] VersionEdit.OptionalFieldsAbsent
[       OK ] VersionEdit.OptionalFieldsAbsent (0 ms)
[ RUN      ] VersionEdit.MalformedRejected
[       OK ] VersionEdit.MalformedRejected (0 ms)
[----------] 4 tests from VersionEdit (49 ms total)

[----------] 5 tests from Manifest
[ RUN      ] Manifest.RecordBytesMatchHandBuilt
[       OK ] Manifest.RecordBytesMatchHandBuilt (0 ms)
[ RUN      ] Manifest.ReplayFullSnapshot
[       OK ] Manifest.ReplayFullSnapshot (1 ms)
[ RUN      ] Manifest.TailTornTruncatedAndCounted
[       OK ] Manifest.TailTornTruncatedAndCounted (1 ms)
[ RUN      ] Manifest.MiddleCorruptionRejected
[       OK ] Manifest.MiddleCorruptionRejected (1 ms)
[ RUN      ] Manifest.RollWritesSnapshotAndKeepsNumberingMonotonic
[       OK ] Manifest.RollWritesSnapshotAndKeepsNumberingMonotonic (847 ms)
[----------] 5 tests from Manifest (853 ms total)

[----------] 4 tests from Current
[ RUN      ] Current.InjectedRenameFailureKeepsOldCurrent
[       OK ] Current.InjectedRenameFailureKeepsOldCurrent (85 ms)
[ RUN      ] Current.AtomicSwitchOnInjectedCrash
[       OK ] Current.AtomicSwitchOnInjectedCrash (1 ms)
[ RUN      ] Current.MissingWithNonEmptyDirIsCorruption
[       OK ] Current.MissingWithNonEmptyDirIsCorruption (0 ms)
[ RUN      ] Current.ContentStrictlyValidated
[       OK ] Current.ContentStrictlyValidated (0 ms)
[----------] 4 tests from Current (89 ms total)

[----------] 1 test from Migration
[ RUN      ] Migration.MetaToManifestOneShot
[       OK ] Migration.MetaToManifestOneShot (132 ms)
[----------] 1 test from Migration (132 ms total)

[----------] 2 tests from Install
[ RUN      ] Install.RebaseOnConcurrentFlushKeepsI37
[       OK ] Install.RebaseOnConcurrentFlushKeepsI37 (26 ms)
[ RUN      ] Install.FailureKeepsCurrentRecoverable
[       OK ] Install.FailureKeepsCurrentRecoverable (3 ms)
[----------] 2 tests from Install (29 ms total)

[----------] 1 test from Level0
[ RUN      ] Level0.FileCountThresholdTriggers
[       OK ] Level0.FileCountThresholdTriggers (0 ms)
[----------] 1 test from Level0 (0 ms total)

[----------] 1 test from LevelN
[ RUN      ] LevelN.CapacityThresholdTriggers
[       OK ] LevelN.CapacityThresholdTriggers (0 ms)
[----------] 1 test from LevelN (0 ms total)

[----------] 1 test from PickLevel
[ RUN      ] PickLevel.MaxScoreAndTieBreak
[       OK ] PickLevel.MaxScoreAndTieBreak (0 ms)
[----------] 1 test from PickLevel (0 ms total)

[----------] 2 tests from PickFile
[ RUN      ] PickFile.RoundRobinDeterministic
[       OK ] PickFile.RoundRobinDeterministic (0 ms)
[ RUN      ] PickFile.MinOverlapDeterministic
[       OK ] PickFile.MinOverlapDeterministic (0 ms)
[----------] 2 tests from PickFile (0 ms total)

[----------] 1 test from L0Inputs
[ RUN      ] L0Inputs.TransitiveOverlapClosure
[       OK ] L0Inputs.TransitiveOverlapClosure (0 ms)
[----------] 1 test from L0Inputs (0 ms total)

[----------] 1 test from BaseLevelForKey
[ RUN      ] BaseLevelForKey.StartsAtLevelPlusTwo
[       OK ] BaseLevelForKey.StartsAtLevelPlusTwo (0 ms)
[----------] 1 test from BaseLevelForKey (0 ms total)

[----------] 1 test from Drop
[ RUN      ] Drop.DecisionIsDisjunctionNotConjunction
[       OK ] Drop.DecisionIsDisjunctionNotConjunction (0 ms)
[----------] 1 test from Drop (0 ms total)

[----------] 1 test from CompactionDb
[ RUN      ] CompactionDb.EndToEndMovesL0ToL1AndKeepsData
[       OK ] CompactionDb.EndToEndMovesL0ToL1AndKeepsData (434 ms)
[----------] 1 test from CompactionDb (434 ms total)

[----------] 1 test from ReadLevels
[ RUN      ] ReadLevels.NewestWinsAndRangeFilterNotCounted
[       OK ] ReadLevels.NewestWinsAndRangeFilterNotCounted (106 ms)
[----------] 1 test from ReadLevels (106 ms total)

[----------] 2 tests from Delete
[ RUN      ] Delete.DeferredUntilRefsZero
[       OK ] Delete.DeferredUntilRefsZero (55 ms)
[ RUN      ] Delete.NoUnlinkInsideInstallCriticalSection
[       OK ] Delete.NoUnlinkInsideInstallCriticalSection (103 ms)
[----------] 2 tests from Delete (159 ms total)

[----------] 1 test from LevelLayout
[ RUN      ] LevelLayout.OverlapRejectedOnInstall
[       OK ] LevelLayout.OverlapRejectedOnInstall (0 ms)
[----------] 1 test from LevelLayout (0 ms total)

[----------] 1 test from Snapshot
[ RUN      ] Snapshot.VisibleVersionSurvivesCompactionAndSmallestUpdates
[       OK ] Snapshot.VisibleVersionSurvivesCompactionAndSmallestUpdates (68 ms)
[----------] 1 test from Snapshot (68 ms total)

[----------] 2 tests from CompactionFail
[ RUN      ] CompactionFail.OutputWriteFailureKeepsOldVersion
[       OK ] CompactionFail.OutputWriteFailureKeepsOldVersion (242 ms)
[ RUN      ] CompactionFail.OutputRenameFailureKeepsOldVersion
[       OK ] CompactionFail.OutputRenameFailureKeepsOldVersion (260 ms)
[----------] 2 tests from CompactionFail (503 ms total)

[----------] 1 test from Scheduling
[ RUN      ] Scheduling.FlushTakesPriorityOverCompaction
[       OK ] Scheduling.FlushTakesPriorityOverCompaction (277 ms)
[----------] 1 test from Scheduling (277 ms total)

[----------] 5 tests from Merge
[ RUN      ] Merge.StdMapReconciliation
[       OK ] Merge.StdMapReconciliation (353 ms)
[ RUN      ] Merge.InternalKeyOrderContract
[       OK ] Merge.InternalKeyOrderContract (125 ms)
[ RUN      ] Merge.ConcurrentIteratorVsBackgroundCompaction
[       OK ] Merge.ConcurrentIteratorVsBackgroundCompaction (252 ms)
[ RUN      ] Merge.MixedMemTablesAndFileTombstoneVisibility
[       OK ] Merge.MixedMemTablesAndFileTombstoneVisibility (3 ms)
[ RUN      ] Merge.SkipAcrossChildrenWithVolatileChildKeyView
[       OK ] Merge.SkipAcrossChildrenWithVolatileChildKeyView (0 ms)
[----------] 5 tests from Merge (736 ms total)

[----------] 1 test from Shutdown
[ RUN      ] Shutdown.JoinsBothThreadsAndDrainsQueue
[       OK ] Shutdown.JoinsBothThreadsAndDrainsQueue (89 ms)
[----------] 1 test from Shutdown (89 ms total)

[----------] 1 test from Orphan
[ RUN      ] Orphan.CompactionOutputCleanedAndCounted
[       OK ] Orphan.CompactionOutputCleanedAndCounted (148 ms)
[----------] 1 test from Orphan (148 ms total)

[----------] 1 test from Amplification
[ RUN      ] Amplification.RowReproducibleAndSelfConsistent
[       OK ] Amplification.RowReproducibleAndSelfConsistent (343 ms)
[----------] 1 test from Amplification (343 ms total)

[----------] 12 tests from Filter
[ RUN      ] Filter.BloomEncodingRoundTrip
[       OK ] Filter.BloomEncodingRoundTrip (133 ms)
[ RUN      ] Filter.FalsePositiveRateMeasured
M5_FILTER_FALSE_NEGATIVE 0
M5_FILTER_FPR_PPM 8310
FILTER_FPR_MEASURED_PPM 8310 (inserted=100000 probes=100000)
M5_FILTER_FPR_STRUCTURED_PPM 14930 (even_keys=100000 odd_probes=100000)
M5_FILTER_FPR_STRUCTURED_BUCKET_PPM 214743 (bucket_keys=37 buckets=2000)
FILTER_FPR_STRUCTURED_MEASURED_PPM 14930
FILTER_FPR_STRUCTURED_BUCKET_MEASURED_PPM 214743
[       OK ] Filter.FalsePositiveRateMeasured (2513 ms)
[ RUN      ] Filter.NoFalseNegativeOnSSTable
[       OK ] Filter.NoFalseNegativeOnSSTable (75 ms)
[ RUN      ] Filter.MisalignedOffsetInjectionDetected
[       OK ] Filter.MisalignedOffsetInjectionDetected (375 ms)
[ RUN      ] Filter.NegationOnlySkipsDataBlocks
[       OK ] Filter.NegationOnlySkipsDataBlocks (114 ms)
[ RUN      ] Filter.MetaIndexRegistrationAndFormatVersion
[       OK ] Filter.MetaIndexRegistrationAndFormatVersion (4 ms)
[ RUN      ] Filter.OldFileWithoutFilterDegrades
[       OK ] Filter.OldFileWithoutFilterDegrades (156 ms)
[ RUN      ] Filter.CorruptFilterDegradesButReadsCorrect
[       OK ] Filter.CorruptFilterDegradesButReadsCorrect (9 ms)
[ RUN      ] Filter.FilterDamageScanNoSilentWrongValue
M5_FILTER_DAMAGE_CASES 2471
M5_FILTER_SILENT_FALSE_NEGATIVE 0
M5_FILTER_SILENT_WRONG_VALUE 0
M5_FILTER_DAMAGE_DETECTED 2386
M5_FILTER_DAMAGE_FILTER_DEGRADED 85
[FILTER_DAMAGE_OK]
[       OK ] Filter.FilterDamageScanNoSilentWrongValue (15404 ms)
[ RUN      ] Filter.FilterCrcAlwaysVerified
[       OK ] Filter.FilterCrcAlwaysVerified (3 ms)
[ RUN      ] Filter.BlockReadReductionAtLeastThreeTimes
M5_FILTER_BLOCK_READS_WITHOUT 300
M5_FILTER_BLOCK_READS_WITH 3
M5_FILTER_BLOCK_READ_RATIO 100.000000
M5_FILTER_FALSE_NEGATIVE 0
M5_FILTER_QUERIES 300
M5_FILTER_BLOCKS_SKIPPED 297
M5_FILTER_ON_CHECKED 300 POSITIVE 3 UNAVAILABLE 0 POSITIVE_PPM 10000
[FILTER_OK]
[       OK ] Filter.BlockReadReductionAtLeastThreeTimes (3315 ms)
[ RUN      ] Filter.MultiThreadedGetNoRace
[       OK ] Filter.MultiThreadedGetNoRace (965 ms)
[----------] 12 tests from Filter (23074 ms total)

[----------] 3 tests from WriteBatch
[ RUN      ] WriteBatch.EncodingRoundTrip
M5_BATCH_ROUNDTRIP_ENTRIES 9004
M5_BATCH_ENTRY_BYTES 153000
M5_BATCH_EMPTY_REJECTED 1
[       OK ] WriteBatch.EncodingRoundTrip (213 ms)
[ RUN      ] WriteBatch.OverLimitRejectedBeforeAnyWrite
M5_BATCH_OVERLIMIT_REJECTED 1
M5_BATCH_OVERLIMIT_BYTES 67108883
[       OK ] WriteBatch.OverLimitRejectedBeforeAnyWrite (4198 ms)
[ RUN      ] WriteBatch.OwnershipReuseAndMalformedRep
M5_BATCH_REUSE_OK 1
M5_BATCH_MALFORMED_CORRUPTION 6
[       OK ] WriteBatch.OwnershipReuseAndMalformedRep (6 ms)
[----------] 3 tests from WriteBatch (4419 ms total)

[----------] 5 tests from Batch
[ RUN      ] Batch.CapacityBoundUpperBoundMeasured
M5_BATCH_MEMTABLE_DELTA 86984
M5_BATCH_MEMTABLE_BOUND 87484
M5_BATCH_CAPACITY_SLACK_OK 1
[       OK ] Batch.CapacityBoundUpperBoundMeasured (48 ms)
[ RUN      ] Batch.AtomicVisibilityUnderAppendAndSyncFailure
M5_BATCH_APPEND_FAIL_INVISIBLE 1
M5_BATCH_FSYNC_FAIL_VISIBLE 0
M5_BATCH_CRASH_CASES 8
M5_BATCH_CRASH_HALF_VISIBLE 0
M5_BATCH_CAPACITY_BOUNDARY_VISIBLE 1
M5_BATCH_PARTIAL_VISIBLE 0
[       OK ] Batch.AtomicVisibilityUnderAppendAndSyncFailure (299 ms)
[ RUN      ] Batch.GroupCommitOneFsyncForConcurrentBatches
M5_BATCH_CONCURRENT_WRITERS 32
M5_BATCH_CONCURRENT_ENTRIES 128
M5_BATCH_GROUP_FSYNCS 1
M5_BATCH_LOST_WAKEUPS 0
M5_BATCH_DURABLE_COVERED 1
[       OK ] Batch.GroupCommitOneFsyncForConcurrentBatches (121 ms)
[ RUN      ] Batch.WalRecordTruncationNeverExposesHalfBatch
M5_BATCH_TRUNCATE_CASES 8
M5_BATCH_HALF_VISIBLE 0
M5_BATCH_TRUNCATE_FULL_LOG_BYTES 121
[       OK ] Batch.WalRecordTruncationNeverExposesHalfBatch (48 ms)
[ RUN      ] Batch.RecoverySequenceAndOneRecordPerBatch
M5_BATCH_RECOVERY_RECORDS 3
M5_BATCH_RECOVERY_ENTRIES 10
M5_BATCH_SEQ_CONTIGUOUS 1
M5_BATCH_LAST_SEQ_COVERS 1
M5_BATCH_ONE_RECORD_PER_BATCH 1
[       OK ] Batch.RecoverySequenceAndOneRecordPerBatch (10 ms)
[----------] 5 tests from Batch (530 ms total)

[----------] 2 tests from SyncIsolation
[ RUN      ] SyncIsolation.AsyncWriteIsNotBlockedByExplicitSync
[       OK ] SyncIsolation.AsyncWriteIsNotBlockedByExplicitSync (2008 ms)
[ RUN      ] SyncIsolation.CommitQueueReachableDuringRotationFsync
[       OK ] SyncIsolation.CommitQueueReachableDuringRotationFsync (20 ms)
[----------] 2 tests from SyncIsolation (2029 ms total)

[----------] Global test environment tear-down
[==========] 208 tests from 57 test suites ran. (480235 ms total)
[  PASSED  ] 208 tests.
TSAN_TEST_RC=0
TSAN_DONE 2026-10-02T16:06:27+08:00
