===== RELEASE FULL SUITE REPEAT 1 =====
Running main() from /home/tengyujie/googletest/googletest/src/gtest_main.cc
[==========] Running 208 tests from 57 test suites.
[----------] Global test environment set-up.
[----------] 6 tests from Block
[ RUN      ] Block.RoundTripEmptySingleMany
[       OK ] Block.RoundTripEmptySingleMany (0 ms)
[ RUN      ] Block.PrefixCompressionAndRestartGroups
[       OK ] Block.PrefixCompressionAndRestartGroups (0 ms)
[ RUN      ] Block.RestartOffsetsMonotonicAndAligned
[       OK ] Block.RestartOffsetsMonotonicAndAligned (0 ms)
[ RUN      ] Block.SeekSemantics
[       OK ] Block.SeekSemantics (0 ms)
[ RUN      ] Block.MalformedEntryRejectedWithoutOOB
[       OK ] Block.MalformedEntryRejectedWithoutOOB (0 ms)
[ RUN      ] Block.IteratorBidirectional
[       OK ] Block.IteratorBidirectional (0 ms)
[----------] 6 tests from Block (1 ms total)

[----------] 2 tests from Footer
[ RUN      ] Footer.RoundTrip
[       OK ] Footer.RoundTrip (0 ms)
[ RUN      ] Footer.RejectMatrix
[       OK ] Footer.RejectMatrix (0 ms)
[----------] 2 tests from Footer (0 ms total)

[----------] 12 tests from Table
[ RUN      ] Table.EmptyAndBoundarySizes
[       OK ] Table.EmptyAndBoundarySizes (0 ms)
[ RUN      ] Table.CrossBlockLargeValue
[       OK ] Table.CrossBlockLargeValue (1 ms)
[ RUN      ] Table.LargeNumberOfBlocksIndexWarn
WARN: sstable index_size_warn: block_count=65538 > 65536 (single-level index > ~2.5MB); two-level index is an M4 item
[       OK ] Table.LargeNumberOfBlocksIndexWarn (219 ms)
[ RUN      ] Table.CrcDetectsSingleByteFlipInDataBlock
FLIPS_DONE_A12=4912
[       OK ] Table.CrcDetectsSingleByteFlipInDataBlock (244 ms)
[ RUN      ] Table.CrcDetectsFlipInHeaderLengthAndTrailer
FLIPS_DONE_A13=11
[       OK ] Table.CrcDetectsFlipInHeaderLengthAndTrailer (0 ms)
[ RUN      ] Table.CrcDetectsFlipInIndexAndFooter
FLIPS_DONE_A14_INDEX=42
FLIPS_DONE_A14_TOTAL=45
[       OK ] Table.CrcDetectsFlipInIndexAndFooter (0 ms)
[ RUN      ] Table.VerifyChecksumsOffIsActuallyOff
[       OK ] Table.VerifyChecksumsOffIsActuallyOff (0 ms)
[ RUN      ] Table.IndexHandleTypeMismatchRejected
[       OK ] Table.IndexHandleTypeMismatchRejected (0 ms)
[ RUN      ] Table.HandleSizeVsBlockLengthMismatch
[       OK ] Table.HandleSizeVsBlockLengthMismatch (0 ms)
[ RUN      ] Table.MetaIndexEmptyBlockParses
[       OK ] Table.MetaIndexEmptyBlockParses (0 ms)
[ RUN      ] Table.KeyRangeFilterDoesZeroIo
[       OK ] Table.KeyRangeFilterDoesZeroIo (0 ms)
[ RUN      ] Table.SeekWithSnapshotLookupKeyUsesInternalKeyComparator
[       OK ] Table.SeekWithSnapshotLookupKeyUsesInternalKeyComparator (0 ms)
[----------] 12 tests from Table (466 ms total)

[----------] 2 tests from Slice
[ RUN      ] Slice.CompareAndStartsWith
[       OK ] Slice.CompareAndStartsWith (0 ms)
[ RUN      ] Slice.ToString
[       OK ] Slice.ToString (0 ms)
[----------] 2 tests from Slice (0 ms total)

[----------] 1 test from Status
[ RUN      ] Status.CodesAndToString
[       OK ] Status.CodesAndToString (0 ms)
[----------] 1 test from Status (0 ms total)

[----------] 6 tests from Coding
[ RUN      ] Coding.Fixed32RoundTrip
[       OK ] Coding.Fixed32RoundTrip (0 ms)
[ RUN      ] Coding.Fixed64RoundTrip
[       OK ] Coding.Fixed64RoundTrip (0 ms)
[ RUN      ] Coding.Varint32RoundTrip
[       OK ] Coding.Varint32RoundTrip (0 ms)
[ RUN      ] Coding.Varint64RoundTrip
[       OK ] Coding.Varint64RoundTrip (0 ms)
[ RUN      ] Coding.VarintRejectsOverflowAndTruncation
[       OK ] Coding.VarintRejectsOverflowAndTruncation (0 ms)
[ RUN      ] Coding.LengthPrefixedRoundTrip
[       OK ] Coding.LengthPrefixedRoundTrip (0 ms)
[----------] 6 tests from Coding (0 ms total)

[----------] 2 tests from CRC32C
[ RUN      ] CRC32C.KnownVectors
[       OK ] CRC32C.KnownVectors (0 ms)
[ RUN      ] CRC32C.SingleBitFlipDetected
[       OK ] CRC32C.SingleBitFlipDetected (26 ms)
[----------] 2 tests from CRC32C (26 ms total)

[----------] 2 tests from Arena
[ RUN      ] Arena.AlignmentAndUsage
[       OK ] Arena.AlignmentAndUsage (0 ms)
[ RUN      ] Arena.Reset
[       OK ] Arena.Reset (0 ms)
[----------] 2 tests from Arena (1 ms total)

[----------] 2 tests from Env
[ RUN      ] Env.TimeMonotonic
[       OK ] Env.TimeMonotonic (1 ms)
[ RUN      ] Env.FileRoundTrip
[       OK ] Env.FileRoundTrip (4 ms)
[----------] 2 tests from Env (5 ms total)

[----------] 4 tests from InternalKey
[ RUN      ] InternalKey.BuildParseRoundTrip
[       OK ] InternalKey.BuildParseRoundTrip (2 ms)
[ RUN      ] InternalKey.ParseMalformed
[       OK ] InternalKey.ParseMalformed (0 ms)
[ RUN      ] InternalKey.CompareOrder
[       OK ] InternalKey.CompareOrder (10 ms)
[ RUN      ] InternalKey.LookupKeySemantics
[       OK ] InternalKey.LookupKeySemantics (0 ms)
[----------] 4 tests from InternalKey (13 ms total)

[----------] 1 test from MemTableKeyComparator
[ RUN      ] MemTableKeyComparator.TotalOrder
[       OK ] MemTableKeyComparator.TotalOrder (55 ms)
[----------] 1 test from MemTableKeyComparator (55 ms total)

[----------] 4 tests from Skiplist
[ RUN      ] Skiplist.InsertContainsWithStdMultimap
[       OK ] Skiplist.InsertContainsWithStdMultimap (1425 ms)
[ RUN      ] Skiplist.RandomLayerDistribution
[   INFO   ] Skiplist.RandomLayerDistribution: node_count=100000 mean_height=1.33456 P(h>=2)=0.2502 P(h>=3)=0.06272 max_height=9
[       OK ] Skiplist.RandomLayerDistribution (120 ms)
[ RUN      ] Skiplist.IteratorForwardBackward
[       OK ] Skiplist.IteratorForwardBackward (27 ms)
[ RUN      ] Skiplist.DuplicateKeys
[       OK ] Skiplist.DuplicateKeys (0 ms)
[----------] 4 tests from Skiplist (1574 ms total)

[----------] 14 tests from MemTable
[ RUN      ] MemTable.PutGetRoundTrip
[       OK ] MemTable.PutGetRoundTrip (1 ms)
[ RUN      ] MemTable.OverwriteNewestWins
[       OK ] MemTable.OverwriteNewestWins (0 ms)
[ RUN      ] MemTable.DeleteThenNotFound
[       OK ] MemTable.DeleteThenNotFound (0 ms)
[ RUN      ] MemTable.DeleteThenPutNewerStaysVisible
[       OK ] MemTable.DeleteThenPutNewerStaysVisible (0 ms)
[ RUN      ] MemTable.MultiVersionOrderInInternalIterator
[       OK ] MemTable.MultiVersionOrderInInternalIterator (0 ms)
[ RUN      ] MemTable.UserIteratorDedupAndTombstone
[       OK ] MemTable.UserIteratorDedupAndTombstone (0 ms)
[ RUN      ] MemTable.IteratorStateMachine
[       OK ] MemTable.IteratorStateMachine (0 ms)
[ RUN      ] MemTable.InsertDuringIteration
[       OK ] MemTable.InsertDuringIteration (0 ms)
[ RUN      ] MemTable.FreezeRejectsWriteWithFrozenStatus
[       OK ] MemTable.FreezeRejectsWriteWithFrozenStatus (0 ms)
[ RUN      ] MemTable.FrozenStillReadable
[       OK ] MemTable.FrozenStillReadable (0 ms)
[ RUN      ] MemTable.CapacityStatsMonotonic
[       OK ] MemTable.CapacityStatsMonotonic (0 ms)
[ RUN      ] MemTable.RejectsEmptyAndOversizedKey
[       OK ] MemTable.RejectsEmptyAndOversizedKey (0 ms)
[ RUN      ] MemTable.CustomComparatorEqualityIsHonored
[       OK ] MemTable.CustomComparatorEqualityIsHonored (0 ms)
[ RUN      ] MemTable.MalformedInputDoesNotReadOutOfBounds
[       OK ] MemTable.MalformedInputDoesNotReadOutOfBounds (0 ms)
[----------] 14 tests from MemTable (3 ms total)

[----------] 6 tests from DB
[ RUN      ] DB.PutBlocksUntilFlush
[       OK ] DB.PutBlocksUntilFlush (15 ms)
[ RUN      ] DB.OpenMemoryMode
[       OK ] DB.OpenMemoryMode (0 ms)
[ RUN      ] DB.OpenPersistentMode
[       OK ] DB.OpenPersistentMode (12 ms)
[ RUN      ] DB.OpenRejectsInvalidOptions
[       OK ] DB.OpenRejectsInvalidOptions (0 ms)
[ RUN      ] DB.PutGetDeleteRoundTrip
[       OK ] DB.PutGetDeleteRoundTrip (0 ms)
[ RUN      ] DB.PutAfterFreezeReturnsFrozen
[       OK ] DB.PutAfterFreezeReturnsFrozen (0 ms)
[----------] 6 tests from DB (28 ms total)

[----------] 4 tests from Stress
[ RUN      ] Stress.OneMillionKeysReconcile
[   INFO   ] Stress.OneMillionKeysReconcile: n=1000000 write_ms=17479 reconcile_ms=1254 ApproximateMemoryUsage=155998029 bytes
[       OK ] Stress.OneMillionKeysReconcile (20765 ms)
[ RUN      ] Stress.DeleteThirtyPercentReconcile
[   INFO   ] Stress.DeleteThirtyPercentReconcile: entries=390000 visible=210000 deleted=90000 elapsed_ms=6298 memtable_bytes=61318518
[       OK ] Stress.DeleteThirtyPercentReconcile (7205 ms)
[ RUN      ] Stress.SameKey100kTimes
[   INFO   ] Stress.SameKey100kTimes: versions=100000 elapsed_ms=259 memtable_bytes=14389159
[       OK ] Stress.SameKey100kTimes (262 ms)
[ RUN      ] Stress.AlignmentUnderSanitizers
[   INFO   ] Stress.AlignmentUnderSanitizers: build=plain（ASan/UBSan 结论见 build-asan 门禁）
[   INFO   ] Stress.AlignmentUnderSanitizers: allocations=2000 alignof(max_align_t)=16
[       OK ] Stress.AlignmentUnderSanitizers (28 ms)
[----------] 4 tests from Stress (28262 ms total)

[----------] 10 tests from WAL
[ RUN      ] WAL.WriteReadRoundTrip
[       OK ] WAL.WriteReadRoundTrip (5 ms)
[ RUN      ] WAL.LargeRecordCrossBlockSplit
[       OK ] WAL.LargeRecordCrossBlockSplit (18 ms)
[ RUN      ] WAL.BlockTailPadding
[       OK ] WAL.BlockTailPadding (26 ms)
[ RUN      ] WAL.CrcDetectsSingleByteFlip
[       OK ] WAL.CrcDetectsSingleByteFlip (250 ms)
[ RUN      ] WAL.RejectsIllegalTypeAndLength
[       OK ] WAL.RejectsIllegalTypeAndLength (9 ms)
[ RUN      ] WAL.TruncatedTailIsCut
[       OK ] WAL.TruncatedTailIsCut (863 ms)
[ RUN      ] WAL.MiddleCorruptionRejected
[       OK ] WAL.MiddleCorruptionRejected (3 ms)
[ RUN      ] WAL.TailCorruptionWithNoValidRecordAfterIsCut
[       OK ] WAL.TailCorruptionWithNoValidRecordAfterIsCut (3 ms)
[ RUN      ] WAL.ShortWriteIsRetriedThenFails
[       OK ] WAL.ShortWriteIsRetriedThenFails (3 ms)
[ RUN      ] WAL.FsyncFailurePropagates
[       OK ] WAL.FsyncFailurePropagates (0 ms)
[----------] 10 tests from WAL (1185 ms total)

[----------] 11 tests from Recovery
[ RUN      ] Recovery.AckedDataVisibleAfterManifestReplay
[       OK ] Recovery.AckedDataVisibleAfterManifestReplay (6 ms)
[ RUN      ] Recovery.ReplayPutDeleteAndBatches
[       OK ] Recovery.ReplayPutDeleteAndBatches (14 ms)
[ RUN      ] Recovery.AllLogsAreReplayed
[       OK ] Recovery.AllLogsAreReplayed (12 ms)
[ RUN      ] Recovery.SequenceRestoredAboveMaxReplayed
[       OK ] Recovery.SequenceRestoredAboveMaxReplayed (23 ms)
[ RUN      ] Recovery.IdempotentAcrossRepeatedOpens
[       OK ] Recovery.IdempotentAcrossRepeatedOpens (9 ms)
[ RUN      ] Recovery.TornTailDoesNotResurrectOlderValue
[       OK ] Recovery.TornTailDoesNotResurrectOlderValue (13 ms)
[ RUN      ] Recovery.EmptyWalAndMissingDir
[       OK ] Recovery.EmptyWalAndMissingDir (5 ms)
[ RUN      ] Recovery.MalformedBatchPayloadIsCorruption
[       OK ] Recovery.MalformedBatchPayloadIsCorruption (10 ms)
[ RUN      ] Recovery.NonHighestLogTailCorruptionRejected
[       OK ] Recovery.NonHighestLogTailCorruptionRejected (9 ms)
[ RUN      ] Recovery.SameKeyManyVersionsReplaysLatest
[       OK ] Recovery.SameKeyManyVersionsReplaysLatest (20 ms)
[ RUN      ] Recovery.StatsAreReadableAndReportTruncationAndSkips
[WARN] recovery: skipped 1 record(s) with non-increasing sequence
[       OK ] Recovery.StatsAreReadableAndReportTruncationAndSkips (23 ms)
[----------] 11 tests from Recovery (150 ms total)

[----------] 2 tests from CrashSim
[ RUN      ] CrashSim.UnsyncedSuffixLostNoTornValue
[       OK ] CrashSim.UnsyncedSuffixLostNoTornValue (14 ms)
[ RUN      ] CrashSim.RepeatedCrashRecoverLoop50
[       OK ] CrashSim.RepeatedCrashRecoverLoop50 (83 ms)
[----------] 2 tests from CrashSim (98 ms total)

[----------] 3 tests from Sync
[ RUN      ] Sync.SyncCoversAllPriorWrites
[       OK ] Sync.SyncCoversAllPriorWrites (4 ms)
[ RUN      ] Sync.CloseIsDurable
[       OK ] Sync.CloseIsDurable (3 ms)
[ RUN      ] Sync.PerLogBoundaryAfterRotation
[       OK ] Sync.PerLogBoundaryAfterRotation (1 ms)
[----------] 3 tests from Sync (9 ms total)

[----------] 4 tests from Close
[ RUN      ] Close.RejectsNewWriters
[       OK ] Close.RejectsNewWriters (35 ms)
[ RUN      ] Close.WaitsForDrainedQueue
[       OK ] Close.WaitsForDrainedQueue (32 ms)
[ RUN      ] Close.AbandonsImmutablesWithCounter
[       OK ] Close.AbandonsImmutablesWithCounter (14 ms)
[ RUN      ] Close.DrainsBackgroundThread
[       OK ] Close.DrainsBackgroundThread (7 ms)
[----------] 4 tests from Close (89 ms total)

[----------] 8 tests from GroupCommit
[ RUN      ] GroupCommit.WindowNotOpenedEarly
[       OK ] GroupCommit.WindowNotOpenedEarly (1 ms)
[ RUN      ] GroupCommit.NoLostWakeup
[       OK ] GroupCommit.NoLostWakeup (12 ms)
[ RUN      ] GroupCommit.FailurePropagatesToAllWaiters
[       OK ] GroupCommit.FailurePropagatesToAllWaiters (8 ms)
[ RUN      ] GroupCommit.BatchingReducesFsyncCount
[   INFO   ] GroupCommit.BatchingReducesFsyncCount: writers=32 fsync_calls=32 ratio=1.000
[       OK ] GroupCommit.BatchingReducesFsyncCount (10 ms)
[ RUN      ] GroupCommit.NWritersOneFsyncDeterministic
[       OK ] GroupCommit.NWritersOneFsyncDeterministic (32 ms)
[ RUN      ] GroupCommit.DurableSeqOnlyAdvancesOnSync
[       OK ] GroupCommit.DurableSeqOnlyAdvancesOnSync (1 ms)
[ RUN      ] GroupCommit.MixedSyncPropagates
[       OK ] GroupCommit.MixedSyncPropagates (43 ms)
[ RUN      ] GroupCommit.SyncDoesNotClaimInFlightBatch
[       OK ] GroupCommit.SyncDoesNotClaimInFlightBatch (2 ms)
[----------] 8 tests from GroupCommit (112 ms total)

[----------] 2 tests from Locks
[ RUN      ] Locks.ZeroIoWhileHoldingDbMutexOnCompactionPath
[       OK ] Locks.ZeroIoWhileHoldingDbMutexOnCompactionPath (11 ms)
[ RUN      ] Locks.ZeroIoWhileHoldingDbMutex
[       OK ] Locks.ZeroIoWhileHoldingDbMutex (171 ms)
[----------] 2 tests from Locks (183 ms total)

[----------] 9 tests from Flush
[ RUN      ] Flush.AutoFlushOnFullBufferNeverFrozen
[       OK ] Flush.AutoFlushOnFullBufferNeverFrozen (19 ms)
[ RUN      ] Flush.SingleEntryLargerThanWriteBufferAccepted
[       OK ] Flush.SingleEntryLargerThanWriteBufferAccepted (1 ms)
[ RUN      ] Flush.OrderDurableRenameSyncDirRegister
[       OK ] Flush.OrderDurableRenameSyncDirRegister (7 ms)
[ RUN      ] Flush.NoIoWhileHoldingDbMutex
[       OK ] Flush.NoIoWhileHoldingDbMutex (16 ms)
[ RUN      ] Flush.FailureIsFailStopButReadable
[       OK ] Flush.FailureIsFailStopButReadable (9 ms)
[ RUN      ] Flush.ImmutableStallReleasesOnAllConditions
[       OK ] Flush.ImmutableStallReleasesOnAllConditions (10 ms)
[ RUN      ] Flush.TombstoneCountPreserved
[       OK ] Flush.TombstoneCountPreserved (49 ms)
[ RUN      ] Flush.FirstFlushCloseWindowRecoversFromCompleteWal
[       OK ] Flush.FirstFlushCloseWindowRecoversFromCompleteWal (5 ms)
[ RUN      ] Flush.StatsCountedNotSilent
[WARN] recovery: skipped 1 record(s) with non-increasing sequence
[       OK ] Flush.StatsCountedNotSilent (48 ms)
[----------] 9 tests from Flush (170 ms total)

[----------] 5 tests from Read
[ RUN      ] Read.L0NewestFirst
[       OK ] Read.L0NewestFirst (6 ms)
[ RUN      ] Read.CoverageMemTableOverSSTable
[       OK ] Read.CoverageMemTableOverSSTable (40 ms)
[ RUN      ] Read.TombstoneShadowsSSTableOldValue
[       OK ] Read.TombstoneShadowsSSTableOldValue (38 ms)
[ RUN      ] Read.NewerSSTableTombstoneShadowsOlderFile
[       OK ] Read.NewerSSTableTombstoneShadowsOlderFile (81 ms)
[ RUN      ] Read.NewestWinsAcrossThreeFiles
[       OK ] Read.NewestWinsAcrossThreeFiles (99 ms)
[----------] 5 tests from Read (267 ms total)

[----------] 4 tests from Iter
[ RUN      ] Iter.MergingIteratorOrder
[       OK ] Iter.MergingIteratorOrder (0 ms)
[ RUN      ] Iter.DBIterVisibilityAndTombstoneSkip
[       OK ] Iter.DBIterVisibilityAndTombstoneSkip (0 ms)
[ RUN      ] Iter.DBIterStableAcrossFlush
[       OK ] Iter.DBIterStableAcrossFlush (105 ms)
[ RUN      ] Iter.UserIteratorUnchangedForMemoryMode
[       OK ] Iter.UserIteratorUnchangedForMemoryMode (2 ms)
[----------] 4 tests from Iter (108 ms total)

[----------] 10 tests from Recover
[ RUN      ] Recover.SSTableOnly
[       OK ] Recover.SSTableOnly (19 ms)
[ RUN      ] Recover.SSTablePlusWalTail
[       OK ] Recover.SSTablePlusWalTail (11 ms)
[ RUN      ] Recover.LastSequenceUniqueSource
[       OK ] Recover.LastSequenceUniqueSource (13 ms)
[ RUN      ] Recover.MetaMaxSequenceVerifiedAgainstFullScan
[       OK ] Recover.MetaMaxSequenceVerifiedAgainstFullScan (8 ms)
[ RUN      ] Recover.MetaCorruptRefused
[       OK ] Recover.MetaCorruptRefused (17 ms)
[ RUN      ] Recover.OrphanHandledPerInvariant27
[       OK ] Recover.OrphanHandledPerInvariant27 (12 ms)
[ RUN      ] Recover.MetaMissingWithSstRefused
[       OK ] Recover.MetaMissingWithSstRefused (11 ms)
[ RUN      ] Recover.ComparatorNameMismatchRefused
[       OK ] Recover.ComparatorNameMismatchRefused (8 ms)
[ RUN      ] Recover.LogOrderIsNumericAscending
[       OK ] Recover.LogOrderIsNumericAscending (1 ms)
[ RUN      ] Recover.TruncationRulesUnchangedFromM2
[       OK ] Recover.TruncationRulesUnchangedFromM2 (1 ms)
[----------] 10 tests from Recover (107 ms total)

[----------] 4 tests from WalReclaim
[ RUN      ] WalReclaim.WatermarkCriterion
[       OK ] WalReclaim.WatermarkCriterion (9 ms)
[ RUN      ] WalReclaim.RecoveredMemtableKeepsOldestLog
[       OK ] WalReclaim.RecoveredMemtableKeepsOldestLog (2 ms)
[ RUN      ] WalReclaim.DeleteOnlyAfterMetaDurable
[       OK ] WalReclaim.DeleteOnlyAfterMetaDurable (45 ms)
[ RUN      ] WalReclaim.DisabledByOption
[       OK ] WalReclaim.DisabledByOption (53 ms)
[----------] 4 tests from WalReclaim (111 ms total)

[----------] 1 test from Rotation
[ RUN      ] Rotation.BeforeSequenceAssignAndAtomicOnFailure
[       OK ] Rotation.BeforeSequenceAssignAndAtomicOnFailure (1 ms)
[----------] 1 test from Rotation (1 ms total)

[----------] 1 test from Options
[ RUN      ] Options.InvalidRejectedWithoutFailStop
[       OK ] Options.InvalidRejectedWithoutFailStop (38 ms)
[----------] 1 test from Options (39 ms total)

[----------] 3 tests from CrashFlush
[ RUN      ] CrashFlush.AfterSSTableWrittenThenPowerLoss
[       OK ] CrashFlush.AfterSSTableWrittenThenPowerLoss (10 ms)
[ RUN      ] CrashFlush.BeforeRenameThenPowerLoss
[       OK ] CrashFlush.BeforeRenameThenPowerLoss (12 ms)
[ RUN      ] CrashFlush.BeforeRegisterThenPowerLoss
[       OK ] CrashFlush.BeforeRegisterThenPowerLoss (7 ms)
[----------] 3 tests from CrashFlush (31 ms total)

[----------] 4 tests from VersionEdit
[ RUN      ] VersionEdit.CrcIndependentlyRecomputed
[       OK ] VersionEdit.CrcIndependentlyRecomputed (0 ms)
[ RUN      ] VersionEdit.RoundTripEmptyAndFull
[       OK ] VersionEdit.RoundTripEmptyAndFull (0 ms)
[ RUN      ] VersionEdit.OptionalFieldsAbsent
[       OK ] VersionEdit.OptionalFieldsAbsent (0 ms)
[ RUN      ] VersionEdit.MalformedRejected
[       OK ] VersionEdit.MalformedRejected (0 ms)
[----------] 4 tests from VersionEdit (0 ms total)

[----------] 5 tests from Manifest
[ RUN      ] Manifest.RecordBytesMatchHandBuilt
[       OK ] Manifest.RecordBytesMatchHandBuilt (0 ms)
[ RUN      ] Manifest.ReplayFullSnapshot
[       OK ] Manifest.ReplayFullSnapshot (0 ms)
[ RUN      ] Manifest.TailTornTruncatedAndCounted
[       OK ] Manifest.TailTornTruncatedAndCounted (0 ms)
[ RUN      ] Manifest.MiddleCorruptionRejected
[       OK ] Manifest.MiddleCorruptionRejected (0 ms)
[ RUN      ] Manifest.RollWritesSnapshotAndKeepsNumberingMonotonic
[       OK ] Manifest.RollWritesSnapshotAndKeepsNumberingMonotonic (72 ms)
[----------] 5 tests from Manifest (73 ms total)

[----------] 4 tests from Current
[ RUN      ] Current.InjectedRenameFailureKeepsOldCurrent
[       OK ] Current.InjectedRenameFailureKeepsOldCurrent (4 ms)
[ RUN      ] Current.AtomicSwitchOnInjectedCrash
[       OK ] Current.AtomicSwitchOnInjectedCrash (0 ms)
[ RUN      ] Current.MissingWithNonEmptyDirIsCorruption
[       OK ] Current.MissingWithNonEmptyDirIsCorruption (0 ms)
[ RUN      ] Current.ContentStrictlyValidated
[       OK ] Current.ContentStrictlyValidated (0 ms)
[----------] 4 tests from Current (5 ms total)

[----------] 1 test from Migration
[ RUN      ] Migration.MetaToManifestOneShot
[       OK ] Migration.MetaToManifestOneShot (6 ms)
[----------] 1 test from Migration (7 ms total)

[----------] 2 tests from Install
[ RUN      ] Install.RebaseOnConcurrentFlushKeepsI37
[       OK ] Install.RebaseOnConcurrentFlushKeepsI37 (3 ms)
[ RUN      ] Install.FailureKeepsCurrentRecoverable
[       OK ] Install.FailureKeepsCurrentRecoverable (0 ms)
[----------] 2 tests from Install (4 ms total)

[----------] 1 test from Level0
[ RUN      ] Level0.FileCountThresholdTriggers
[       OK ] Level0.FileCountThresholdTriggers (0 ms)
[----------] 1 test from Level0 (0 ms total)

[----------] 1 test from LevelN
[ RUN      ] LevelN.CapacityThresholdTriggers
[       OK ] LevelN.CapacityThresholdTriggers (0 ms)
[----------] 1 test from LevelN (0 ms total)

[----------] 1 test from PickLevel
[ RUN      ] PickLevel.MaxScoreAndTieBreak
[       OK ] PickLevel.MaxScoreAndTieBreak (0 ms)
[----------] 1 test from PickLevel (0 ms total)

[----------] 2 tests from PickFile
[ RUN      ] PickFile.RoundRobinDeterministic
[       OK ] PickFile.RoundRobinDeterministic (0 ms)
[ RUN      ] PickFile.MinOverlapDeterministic
[       OK ] PickFile.MinOverlapDeterministic (0 ms)
[----------] 2 tests from PickFile (0 ms total)

[----------] 1 test from L0Inputs
[ RUN      ] L0Inputs.TransitiveOverlapClosure
[       OK ] L0Inputs.TransitiveOverlapClosure (0 ms)
[----------] 1 test from L0Inputs (0 ms total)

[----------] 1 test from BaseLevelForKey
[ RUN      ] BaseLevelForKey.StartsAtLevelPlusTwo
[       OK ] BaseLevelForKey.StartsAtLevelPlusTwo (0 ms)
[----------] 1 test from BaseLevelForKey (0 ms total)

[----------] 1 test from Drop
[ RUN      ] Drop.DecisionIsDisjunctionNotConjunction
[       OK ] Drop.DecisionIsDisjunctionNotConjunction (0 ms)
[----------] 1 test from Drop (0 ms total)

[----------] 1 test from CompactionDb
[ RUN      ] CompactionDb.EndToEndMovesL0ToL1AndKeepsData
[       OK ] CompactionDb.EndToEndMovesL0ToL1AndKeepsData (21 ms)
[----------] 1 test from CompactionDb (21 ms total)

[----------] 1 test from ReadLevels
[ RUN      ] ReadLevels.NewestWinsAndRangeFilterNotCounted
[       OK ] ReadLevels.NewestWinsAndRangeFilterNotCounted (11 ms)
[----------] 1 test from ReadLevels (11 ms total)

[----------] 2 tests from Delete
[ RUN      ] Delete.DeferredUntilRefsZero
[       OK ] Delete.DeferredUntilRefsZero (6 ms)
[ RUN      ] Delete.NoUnlinkInsideInstallCriticalSection
[       OK ] Delete.NoUnlinkInsideInstallCriticalSection (9 ms)
[----------] 2 tests from Delete (16 ms total)

[----------] 1 test from LevelLayout
[ RUN      ] LevelLayout.OverlapRejectedOnInstall
[       OK ] LevelLayout.OverlapRejectedOnInstall (0 ms)
[----------] 1 test from LevelLayout (0 ms total)

[----------] 1 test from Snapshot
[ RUN      ] Snapshot.VisibleVersionSurvivesCompactionAndSmallestUpdates
[       OK ] Snapshot.VisibleVersionSurvivesCompactionAndSmallestUpdates (10 ms)
[----------] 1 test from Snapshot (10 ms total)

[----------] 2 tests from CompactionFail
[ RUN      ] CompactionFail.OutputWriteFailureKeepsOldVersion
[       OK ] CompactionFail.OutputWriteFailureKeepsOldVersion (13 ms)
[ RUN      ] CompactionFail.OutputRenameFailureKeepsOldVersion
[       OK ] CompactionFail.OutputRenameFailureKeepsOldVersion (13 ms)
[----------] 2 tests from CompactionFail (27 ms total)

[----------] 1 test from Scheduling
[ RUN      ] Scheduling.FlushTakesPriorityOverCompaction
[       OK ] Scheduling.FlushTakesPriorityOverCompaction (13 ms)
[----------] 1 test from Scheduling (13 ms total)

[----------] 5 tests from Merge
[ RUN      ] Merge.StdMapReconciliation
[       OK ] Merge.StdMapReconciliation (19 ms)
[ RUN      ] Merge.InternalKeyOrderContract
[       OK ] Merge.InternalKeyOrderContract (10 ms)
[ RUN      ] Merge.ConcurrentIteratorVsBackgroundCompaction
[       OK ] Merge.ConcurrentIteratorVsBackgroundCompaction (12 ms)
[ RUN      ] Merge.MixedMemTablesAndFileTombstoneVisibility
[       OK ] Merge.MixedMemTablesAndFileTombstoneVisibility (0 ms)
[ RUN      ] Merge.SkipAcrossChildrenWithVolatileChildKeyView
[       OK ] Merge.SkipAcrossChildrenWithVolatileChildKeyView (0 ms)
[----------] 5 tests from Merge (43 ms total)

[----------] 1 test from Shutdown
[ RUN      ] Shutdown.JoinsBothThreadsAndDrainsQueue
[       OK ] Shutdown.JoinsBothThreadsAndDrainsQueue (11 ms)
[----------] 1 test from Shutdown (11 ms total)

[----------] 1 test from Orphan
[ RUN      ] Orphan.CompactionOutputCleanedAndCounted
[       OK ] Orphan.CompactionOutputCleanedAndCounted (11 ms)
[----------] 1 test from Orphan (11 ms total)

[----------] 1 test from Amplification
[ RUN      ] Amplification.RowReproducibleAndSelfConsistent
[       OK ] Amplification.RowReproducibleAndSelfConsistent (18 ms)
[----------] 1 test from Amplification (18 ms total)

[----------] 12 tests from Filter
[ RUN      ] Filter.BloomEncodingRoundTrip
[       OK ] Filter.BloomEncodingRoundTrip (4 ms)
[ RUN      ] Filter.FalsePositiveRateMeasured
M5_FILTER_FALSE_NEGATIVE 0
M5_FILTER_FPR_PPM 8310
FILTER_FPR_MEASURED_PPM 8310 (inserted=100000 probes=100000)
M5_FILTER_FPR_STRUCTURED_PPM 14930 (even_keys=100000 odd_probes=100000)
M5_FILTER_FPR_STRUCTURED_BUCKET_PPM 214743 (bucket_keys=37 buckets=2000)
FILTER_FPR_STRUCTURED_MEASURED_PPM 14930
FILTER_FPR_STRUCTURED_BUCKET_MEASURED_PPM 214743
[       OK ] Filter.FalsePositiveRateMeasured (98 ms)
[ RUN      ] Filter.NoFalseNegativeOnSSTable
[       OK ] Filter.NoFalseNegativeOnSSTable (2 ms)
[ RUN      ] Filter.MisalignedOffsetInjectionDetected
[       OK ] Filter.MisalignedOffsetInjectionDetected (8 ms)
[ RUN      ] Filter.NegationOnlySkipsDataBlocks
[       OK ] Filter.NegationOnlySkipsDataBlocks (6 ms)
[ RUN      ] Filter.MetaIndexRegistrationAndFormatVersion
[       OK ] Filter.MetaIndexRegistrationAndFormatVersion (0 ms)
[ RUN      ] Filter.OldFileWithoutFilterDegrades
[       OK ] Filter.OldFileWithoutFilterDegrades (9 ms)
[ RUN      ] Filter.CorruptFilterDegradesButReadsCorrect
[       OK ] Filter.CorruptFilterDegradesButReadsCorrect (0 ms)
[ RUN      ] Filter.FilterDamageScanNoSilentWrongValue
M5_FILTER_DAMAGE_CASES 2471
M5_FILTER_SILENT_FALSE_NEGATIVE 0
M5_FILTER_SILENT_WRONG_VALUE 0
M5_FILTER_DAMAGE_DETECTED 2386
M5_FILTER_DAMAGE_FILTER_DEGRADED 85
[FILTER_DAMAGE_OK]
[       OK ] Filter.FilterDamageScanNoSilentWrongValue (456 ms)
[ RUN      ] Filter.FilterCrcAlwaysVerified
[       OK ] Filter.FilterCrcAlwaysVerified (0 ms)
[ RUN      ] Filter.BlockReadReductionAtLeastThreeTimes
M5_FILTER_BLOCK_READS_WITHOUT 2000
M5_FILTER_BLOCK_READS_WITH 18
M5_FILTER_BLOCK_READ_RATIO 111.111111
M5_FILTER_FALSE_NEGATIVE 0
M5_FILTER_QUERIES 2000
M5_FILTER_BLOCKS_SKIPPED 1982
M5_FILTER_ON_CHECKED 2000 POSITIVE 18 UNAVAILABLE 0 POSITIVE_PPM 9000
[FILTER_OK]
[       OK ] Filter.BlockReadReductionAtLeastThreeTimes (1950 ms)
[ RUN      ] Filter.MultiThreadedGetNoRace
[       OK ] Filter.MultiThreadedGetNoRace (31 ms)
[----------] 12 tests from Filter (2570 ms total)

[----------] 3 tests from WriteBatch
[ RUN      ] WriteBatch.EncodingRoundTrip
M5_BATCH_ROUNDTRIP_ENTRIES 9004
M5_BATCH_ENTRY_BYTES 153000
M5_BATCH_EMPTY_REJECTED 1
[       OK ] WriteBatch.EncodingRoundTrip (9 ms)
[ RUN      ] WriteBatch.OverLimitRejectedBeforeAnyWrite
M5_BATCH_OVERLIMIT_REJECTED 1
M5_BATCH_OVERLIMIT_BYTES 67108883
[       OK ] WriteBatch.OverLimitRejectedBeforeAnyWrite (35 ms)
[ RUN      ] WriteBatch.OwnershipReuseAndMalformedRep
M5_BATCH_REUSE_OK 1
M5_BATCH_MALFORMED_CORRUPTION 6
[       OK ] WriteBatch.OwnershipReuseAndMalformedRep (1 ms)
[----------] 3 tests from WriteBatch (46 ms total)

[----------] 5 tests from Batch
[ RUN      ] Batch.CapacityBoundUpperBoundMeasured
M5_BATCH_MEMTABLE_DELTA 86984
M5_BATCH_MEMTABLE_BOUND 87484
M5_BATCH_CAPACITY_SLACK_OK 1
[       OK ] Batch.CapacityBoundUpperBoundMeasured (1 ms)
[ RUN      ] Batch.AtomicVisibilityUnderAppendAndSyncFailure
M5_BATCH_APPEND_FAIL_INVISIBLE 1
M5_BATCH_FSYNC_FAIL_VISIBLE 0
M5_BATCH_CRASH_CASES 8
M5_BATCH_CRASH_HALF_VISIBLE 0
M5_BATCH_CAPACITY_BOUNDARY_VISIBLE 1
M5_BATCH_PARTIAL_VISIBLE 0
[       OK ] Batch.AtomicVisibilityUnderAppendAndSyncFailure (31 ms)
[ RUN      ] Batch.GroupCommitOneFsyncForConcurrentBatches
M5_BATCH_CONCURRENT_WRITERS 32
M5_BATCH_CONCURRENT_ENTRIES 128
M5_BATCH_GROUP_FSYNCS 1
M5_BATCH_LOST_WAKEUPS 0
M5_BATCH_DURABLE_COVERED 1
[       OK ] Batch.GroupCommitOneFsyncForConcurrentBatches (13 ms)
[ RUN      ] Batch.WalRecordTruncationNeverExposesHalfBatch
M5_BATCH_TRUNCATE_CASES 8
M5_BATCH_HALF_VISIBLE 0
M5_BATCH_TRUNCATE_FULL_LOG_BYTES 121
[       OK ] Batch.WalRecordTruncationNeverExposesHalfBatch (9 ms)
[ RUN      ] Batch.RecoverySequenceAndOneRecordPerBatch
M5_BATCH_RECOVERY_RECORDS 3
M5_BATCH_RECOVERY_ENTRIES 10
M5_BATCH_SEQ_CONTIGUOUS 1
M5_BATCH_LAST_SEQ_COVERS 1
M5_BATCH_ONE_RECORD_PER_BATCH 1
[       OK ] Batch.RecoverySequenceAndOneRecordPerBatch (1 ms)
[----------] 5 tests from Batch (57 ms total)

[----------] 2 tests from SyncIsolation
[ RUN      ] SyncIsolation.AsyncWriteIsNotBlockedByExplicitSync
[       OK ] SyncIsolation.AsyncWriteIsNotBlockedByExplicitSync (2000 ms)
[ RUN      ] SyncIsolation.CommitQueueReachableDuringRotationFsync
[       OK ] SyncIsolation.CommitQueueReachableDuringRotationFsync (4 ms)
[----------] 2 tests from SyncIsolation (2005 ms total)

[----------] Global test environment tear-down
[==========] 208 tests from 57 test suites ran. (38068 ms total)
[  PASSED  ] 208 tests.
===== RELEASE FULL SUITE REPEAT 2 =====
Running main() from /home/tengyujie/googletest/googletest/src/gtest_main.cc
[==========] Running 208 tests from 57 test suites.
[----------] Global test environment set-up.
[----------] 6 tests from Block
[ RUN      ] Block.RoundTripEmptySingleMany
[       OK ] Block.RoundTripEmptySingleMany (0 ms)
[ RUN      ] Block.PrefixCompressionAndRestartGroups
[       OK ] Block.PrefixCompressionAndRestartGroups (0 ms)
[ RUN      ] Block.RestartOffsetsMonotonicAndAligned
[       OK ] Block.RestartOffsetsMonotonicAndAligned (0 ms)
[ RUN      ] Block.SeekSemantics
[       OK ] Block.SeekSemantics (0 ms)
[ RUN      ] Block.MalformedEntryRejectedWithoutOOB
[       OK ] Block.MalformedEntryRejectedWithoutOOB (0 ms)
[ RUN      ] Block.IteratorBidirectional
[       OK ] Block.IteratorBidirectional (0 ms)
[----------] 6 tests from Block (1 ms total)

[----------] 2 tests from Footer
[ RUN      ] Footer.RoundTrip
[       OK ] Footer.RoundTrip (0 ms)
[ RUN      ] Footer.RejectMatrix
[       OK ] Footer.RejectMatrix (0 ms)
[----------] 2 tests from Footer (0 ms total)

[----------] 12 tests from Table
[ RUN      ] Table.EmptyAndBoundarySizes
[       OK ] Table.EmptyAndBoundarySizes (0 ms)
[ RUN      ] Table.CrossBlockLargeValue
[       OK ] Table.CrossBlockLargeValue (1 ms)
[ RUN      ] Table.LargeNumberOfBlocksIndexWarn
WARN: sstable index_size_warn: block_count=65538 > 65536 (single-level index > ~2.5MB); two-level index is an M4 item
[       OK ] Table.LargeNumberOfBlocksIndexWarn (202 ms)
[ RUN      ] Table.CrcDetectsSingleByteFlipInDataBlock
FLIPS_DONE_A12=4912
[       OK ] Table.CrcDetectsSingleByteFlipInDataBlock (225 ms)
[ RUN      ] Table.CrcDetectsFlipInHeaderLengthAndTrailer
FLIPS_DONE_A13=11
[       OK ] Table.CrcDetectsFlipInHeaderLengthAndTrailer (0 ms)
[ RUN      ] Table.CrcDetectsFlipInIndexAndFooter
FLIPS_DONE_A14_INDEX=42
FLIPS_DONE_A14_TOTAL=45
[       OK ] Table.CrcDetectsFlipInIndexAndFooter (0 ms)
[ RUN      ] Table.VerifyChecksumsOffIsActuallyOff
[       OK ] Table.VerifyChecksumsOffIsActuallyOff (0 ms)
[ RUN      ] Table.IndexHandleTypeMismatchRejected
[       OK ] Table.IndexHandleTypeMismatchRejected (0 ms)
[ RUN      ] Table.HandleSizeVsBlockLengthMismatch
[       OK ] Table.HandleSizeVsBlockLengthMismatch (0 ms)
[ RUN      ] Table.MetaIndexEmptyBlockParses
[       OK ] Table.MetaIndexEmptyBlockParses (0 ms)
[ RUN      ] Table.KeyRangeFilterDoesZeroIo
[       OK ] Table.KeyRangeFilterDoesZeroIo (0 ms)
[ RUN      ] Table.SeekWithSnapshotLookupKeyUsesInternalKeyComparator
[       OK ] Table.SeekWithSnapshotLookupKeyUsesInternalKeyComparator (0 ms)
[----------] 12 tests from Table (430 ms total)

[----------] 2 tests from Slice
[ RUN      ] Slice.CompareAndStartsWith
[       OK ] Slice.CompareAndStartsWith (0 ms)
[ RUN      ] Slice.ToString
[       OK ] Slice.ToString (0 ms)
[----------] 2 tests from Slice (0 ms total)

[----------] 1 test from Status
[ RUN      ] Status.CodesAndToString
[       OK ] Status.CodesAndToString (0 ms)
[----------] 1 test from Status (0 ms total)

[----------] 6 tests from Coding
[ RUN      ] Coding.Fixed32RoundTrip
[       OK ] Coding.Fixed32RoundTrip (0 ms)
[ RUN      ] Coding.Fixed64RoundTrip
[       OK ] Coding.Fixed64RoundTrip (0 ms)
[ RUN      ] Coding.Varint32RoundTrip
[       OK ] Coding.Varint32RoundTrip (0 ms)
[ RUN      ] Coding.Varint64RoundTrip
[       OK ] Coding.Varint64RoundTrip (0 ms)
[ RUN      ] Coding.VarintRejectsOverflowAndTruncation
[       OK ] Coding.VarintRejectsOverflowAndTruncation (0 ms)
[ RUN      ] Coding.LengthPrefixedRoundTrip
[       OK ] Coding.LengthPrefixedRoundTrip (0 ms)
[----------] 6 tests from Coding (0 ms total)

[----------] 2 tests from CRC32C
[ RUN      ] CRC32C.KnownVectors
[       OK ] CRC32C.KnownVectors (0 ms)
[ RUN      ] CRC32C.SingleBitFlipDetected
[       OK ] CRC32C.SingleBitFlipDetected (30 ms)
[----------] 2 tests from CRC32C (30 ms total)

[----------] 2 tests from Arena
[ RUN      ] Arena.AlignmentAndUsage
[       OK ] Arena.AlignmentAndUsage (0 ms)
[ RUN      ] Arena.Reset
[       OK ] Arena.Reset (0 ms)
[----------] 2 tests from Arena (1 ms total)

[----------] 2 tests from Env
[ RUN      ] Env.TimeMonotonic
[       OK ] Env.TimeMonotonic (3 ms)
[ RUN      ] Env.FileRoundTrip
[       OK ] Env.FileRoundTrip (5 ms)
[----------] 2 tests from Env (9 ms total)

[----------] 4 tests from InternalKey
[ RUN      ] InternalKey.BuildParseRoundTrip
[       OK ] InternalKey.BuildParseRoundTrip (2 ms)
[ RUN      ] InternalKey.ParseMalformed
[       OK ] InternalKey.ParseMalformed (0 ms)
[ RUN      ] InternalKey.CompareOrder
[       OK ] InternalKey.CompareOrder (11 ms)
[ RUN      ] InternalKey.LookupKeySemantics
[       OK ] InternalKey.LookupKeySemantics (0 ms)
[----------] 4 tests from InternalKey (13 ms total)

[----------] 1 test from MemTableKeyComparator
[ RUN      ] MemTableKeyComparator.TotalOrder
[       OK ] MemTableKeyComparator.TotalOrder (52 ms)
[----------] 1 test from MemTableKeyComparator (52 ms total)

[----------] 4 tests from Skiplist
[ RUN      ] Skiplist.InsertContainsWithStdMultimap
[       OK ] Skiplist.InsertContainsWithStdMultimap (1387 ms)
[ RUN      ] Skiplist.RandomLayerDistribution
[   INFO   ] Skiplist.RandomLayerDistribution: node_count=100000 mean_height=1.33456 P(h>=2)=0.2502 P(h>=3)=0.06272 max_height=9
[       OK ] Skiplist.RandomLayerDistribution (107 ms)
[ RUN      ] Skiplist.IteratorForwardBackward
[       OK ] Skiplist.IteratorForwardBackward (29 ms)
[ RUN      ] Skiplist.DuplicateKeys
[       OK ] Skiplist.DuplicateKeys (0 ms)
[----------] 4 tests from Skiplist (1525 ms total)

[----------] 14 tests from MemTable
[ RUN      ] MemTable.PutGetRoundTrip
[       OK ] MemTable.PutGetRoundTrip (1 ms)
[ RUN      ] MemTable.OverwriteNewestWins
[       OK ] MemTable.OverwriteNewestWins (0 ms)
[ RUN      ] MemTable.DeleteThenNotFound
[       OK ] MemTable.DeleteThenNotFound (0 ms)
[ RUN      ] MemTable.DeleteThenPutNewerStaysVisible
[       OK ] MemTable.DeleteThenPutNewerStaysVisible (0 ms)
[ RUN      ] MemTable.MultiVersionOrderInInternalIterator
[       OK ] MemTable.MultiVersionOrderInInternalIterator (0 ms)
[ RUN      ] MemTable.UserIteratorDedupAndTombstone
[       OK ] MemTable.UserIteratorDedupAndTombstone (0 ms)
[ RUN      ] MemTable.IteratorStateMachine
[       OK ] MemTable.IteratorStateMachine (0 ms)
[ RUN      ] MemTable.InsertDuringIteration
[       OK ] MemTable.InsertDuringIteration (0 ms)
[ RUN      ] MemTable.FreezeRejectsWriteWithFrozenStatus
[       OK ] MemTable.FreezeRejectsWriteWithFrozenStatus (0 ms)
[ RUN      ] MemTable.FrozenStillReadable
[       OK ] MemTable.FrozenStillReadable (0 ms)
[ RUN      ] MemTable.CapacityStatsMonotonic
[       OK ] MemTable.CapacityStatsMonotonic (0 ms)
[ RUN      ] MemTable.RejectsEmptyAndOversizedKey
[       OK ] MemTable.RejectsEmptyAndOversizedKey (0 ms)
[ RUN      ] MemTable.CustomComparatorEqualityIsHonored
[       OK ] MemTable.CustomComparatorEqualityIsHonored (0 ms)
[ RUN      ] MemTable.MalformedInputDoesNotReadOutOfBounds
[       OK ] MemTable.MalformedInputDoesNotReadOutOfBounds (0 ms)
[----------] 14 tests from MemTable (3 ms total)

[----------] 6 tests from DB
[ RUN      ] DB.PutBlocksUntilFlush
[       OK ] DB.PutBlocksUntilFlush (14 ms)
[ RUN      ] DB.OpenMemoryMode
[       OK ] DB.OpenMemoryMode (0 ms)
[ RUN      ] DB.OpenPersistentMode
[       OK ] DB.OpenPersistentMode (13 ms)
[ RUN      ] DB.OpenRejectsInvalidOptions
[       OK ] DB.OpenRejectsInvalidOptions (0 ms)
[ RUN      ] DB.PutGetDeleteRoundTrip
[       OK ] DB.PutGetDeleteRoundTrip (0 ms)
[ RUN      ] DB.PutAfterFreezeReturnsFrozen
[       OK ] DB.PutAfterFreezeReturnsFrozen (0 ms)
[----------] 6 tests from DB (28 ms total)

[----------] 4 tests from Stress
[ RUN      ] Stress.OneMillionKeysReconcile
[   INFO   ] Stress.OneMillionKeysReconcile: n=1000000 write_ms=17717 reconcile_ms=1363 ApproximateMemoryUsage=155998029 bytes
[       OK ] Stress.OneMillionKeysReconcile (21349 ms)
[ RUN      ] Stress.DeleteThirtyPercentReconcile
[   INFO   ] Stress.DeleteThirtyPercentReconcile: entries=390000 visible=210000 deleted=90000 elapsed_ms=5721 memtable_bytes=61318518
[       OK ] Stress.DeleteThirtyPercentReconcile (6545 ms)
[ RUN      ] Stress.SameKey100kTimes
[   INFO   ] Stress.SameKey100kTimes: versions=100000 elapsed_ms=231 memtable_bytes=14389159
[       OK ] Stress.SameKey100kTimes (233 ms)
[ RUN      ] Stress.AlignmentUnderSanitizers
[   INFO   ] Stress.AlignmentUnderSanitizers: build=plain（ASan/UBSan 结论见 build-asan 门禁）
[   INFO   ] Stress.AlignmentUnderSanitizers: allocations=2000 alignof(max_align_t)=16
[       OK ] Stress.AlignmentUnderSanitizers (26 ms)
[----------] 4 tests from Stress (28154 ms total)

[----------] 10 tests from WAL
[ RUN      ] WAL.WriteReadRoundTrip
[       OK ] WAL.WriteReadRoundTrip (6 ms)
[ RUN      ] WAL.LargeRecordCrossBlockSplit
[       OK ] WAL.LargeRecordCrossBlockSplit (18 ms)
[ RUN      ] WAL.BlockTailPadding
[       OK ] WAL.BlockTailPadding (24 ms)
[ RUN      ] WAL.CrcDetectsSingleByteFlip
[       OK ] WAL.CrcDetectsSingleByteFlip (195 ms)
[ RUN      ] WAL.RejectsIllegalTypeAndLength
[       OK ] WAL.RejectsIllegalTypeAndLength (9 ms)
[ RUN      ] WAL.TruncatedTailIsCut
[       OK ] WAL.TruncatedTailIsCut (785 ms)
[ RUN      ] WAL.MiddleCorruptionRejected
[       OK ] WAL.MiddleCorruptionRejected (6 ms)
[ RUN      ] WAL.TailCorruptionWithNoValidRecordAfterIsCut
[       OK ] WAL.TailCorruptionWithNoValidRecordAfterIsCut (6 ms)
[ RUN      ] WAL.ShortWriteIsRetriedThenFails
[       OK ] WAL.ShortWriteIsRetriedThenFails (6 ms)
[ RUN      ] WAL.FsyncFailurePropagates
[       OK ] WAL.FsyncFailurePropagates (0 ms)
[----------] 10 tests from WAL (1061 ms total)

[----------] 11 tests from Recovery
[ RUN      ] Recovery.AckedDataVisibleAfterManifestReplay
[       OK ] Recovery.AckedDataVisibleAfterManifestReplay (12 ms)
[ RUN      ] Recovery.ReplayPutDeleteAndBatches
[       OK ] Recovery.ReplayPutDeleteAndBatches (19 ms)
[ RUN      ] Recovery.AllLogsAreReplayed
[       OK ] Recovery.AllLogsAreReplayed (15 ms)
[ RUN      ] Recovery.SequenceRestoredAboveMaxReplayed
[       OK ] Recovery.SequenceRestoredAboveMaxReplayed (11 ms)
[ RUN      ] Recovery.IdempotentAcrossRepeatedOpens
[       OK ] Recovery.IdempotentAcrossRepeatedOpens (13 ms)
[ RUN      ] Recovery.TornTailDoesNotResurrectOlderValue
[       OK ] Recovery.TornTailDoesNotResurrectOlderValue (10 ms)
[ RUN      ] Recovery.EmptyWalAndMissingDir
[       OK ] Recovery.EmptyWalAndMissingDir (14 ms)
[ RUN      ] Recovery.MalformedBatchPayloadIsCorruption
[       OK ] Recovery.MalformedBatchPayloadIsCorruption (9 ms)
[ RUN      ] Recovery.NonHighestLogTailCorruptionRejected
[       OK ] Recovery.NonHighestLogTailCorruptionRejected (3 ms)
[ RUN      ] Recovery.SameKeyManyVersionsReplaysLatest
[       OK ] Recovery.SameKeyManyVersionsReplaysLatest (16 ms)
[ RUN      ] Recovery.StatsAreReadableAndReportTruncationAndSkips
[WARN] recovery: skipped 1 record(s) with non-increasing sequence
[       OK ] Recovery.StatsAreReadableAndReportTruncationAndSkips (30 ms)
[----------] 11 tests from Recovery (157 ms total)

[----------] 2 tests from CrashSim
[ RUN      ] CrashSim.UnsyncedSuffixLostNoTornValue
[       OK ] CrashSim.UnsyncedSuffixLostNoTornValue (14 ms)
[ RUN      ] CrashSim.RepeatedCrashRecoverLoop50
[       OK ] CrashSim.RepeatedCrashRecoverLoop50 (86 ms)
[----------] 2 tests from CrashSim (101 ms total)

[----------] 3 tests from Sync
[ RUN      ] Sync.SyncCoversAllPriorWrites
[       OK ] Sync.SyncCoversAllPriorWrites (3 ms)
[ RUN      ] Sync.CloseIsDurable
[       OK ] Sync.CloseIsDurable (3 ms)
[ RUN      ] Sync.PerLogBoundaryAfterRotation
[       OK ] Sync.PerLogBoundaryAfterRotation (2 ms)
[----------] 3 tests from Sync (8 ms total)

[----------] 4 tests from Close
[ RUN      ] Close.RejectsNewWriters
[       OK ] Close.RejectsNewWriters (35 ms)
[ RUN      ] Close.WaitsForDrainedQueue
[       OK ] Close.WaitsForDrainedQueue (30 ms)
[ RUN      ] Close.AbandonsImmutablesWithCounter
[       OK ] Close.AbandonsImmutablesWithCounter (11 ms)
[ RUN      ] Close.DrainsBackgroundThread
[       OK ] Close.DrainsBackgroundThread (6 ms)
[----------] 4 tests from Close (85 ms total)

[----------] 8 tests from GroupCommit
[ RUN      ] GroupCommit.WindowNotOpenedEarly
[       OK ] GroupCommit.WindowNotOpenedEarly (0 ms)
[ RUN      ] GroupCommit.NoLostWakeup
[       OK ] GroupCommit.NoLostWakeup (9 ms)
[ RUN      ] GroupCommit.FailurePropagatesToAllWaiters
[       OK ] GroupCommit.FailurePropagatesToAllWaiters (5 ms)
[ RUN      ] GroupCommit.BatchingReducesFsyncCount
[   INFO   ] GroupCommit.BatchingReducesFsyncCount: writers=32 fsync_calls=32 ratio=1.000
[       OK ] GroupCommit.BatchingReducesFsyncCount (9 ms)
[ RUN      ] GroupCommit.NWritersOneFsyncDeterministic
[       OK ] GroupCommit.NWritersOneFsyncDeterministic (28 ms)
[ RUN      ] GroupCommit.DurableSeqOnlyAdvancesOnSync
[       OK ] GroupCommit.DurableSeqOnlyAdvancesOnSync (1 ms)
[ RUN      ] GroupCommit.MixedSyncPropagates
[       OK ] GroupCommit.MixedSyncPropagates (47 ms)
[ RUN      ] GroupCommit.SyncDoesNotClaimInFlightBatch
[       OK ] GroupCommit.SyncDoesNotClaimInFlightBatch (1 ms)
[----------] 8 tests from GroupCommit (105 ms total)

[----------] 2 tests from Locks
[ RUN      ] Locks.ZeroIoWhileHoldingDbMutexOnCompactionPath
[       OK ] Locks.ZeroIoWhileHoldingDbMutexOnCompactionPath (10 ms)
[ RUN      ] Locks.ZeroIoWhileHoldingDbMutex
[       OK ] Locks.ZeroIoWhileHoldingDbMutex (162 ms)
[----------] 2 tests from Locks (173 ms total)

[----------] 9 tests from Flush
[ RUN      ] Flush.AutoFlushOnFullBufferNeverFrozen
[       OK ] Flush.AutoFlushOnFullBufferNeverFrozen (17 ms)
[ RUN      ] Flush.SingleEntryLargerThanWriteBufferAccepted
[       OK ] Flush.SingleEntryLargerThanWriteBufferAccepted (2 ms)
[ RUN      ] Flush.OrderDurableRenameSyncDirRegister
[       OK ] Flush.OrderDurableRenameSyncDirRegister (8 ms)
[ RUN      ] Flush.NoIoWhileHoldingDbMutex
[       OK ] Flush.NoIoWhileHoldingDbMutex (16 ms)
[ RUN      ] Flush.FailureIsFailStopButReadable
[       OK ] Flush.FailureIsFailStopButReadable (9 ms)
[ RUN      ] Flush.ImmutableStallReleasesOnAllConditions
[       OK ] Flush.ImmutableStallReleasesOnAllConditions (11 ms)
[ RUN      ] Flush.TombstoneCountPreserved
[       OK ] Flush.TombstoneCountPreserved (48 ms)
[ RUN      ] Flush.FirstFlushCloseWindowRecoversFromCompleteWal
[       OK ] Flush.FirstFlushCloseWindowRecoversFromCompleteWal (6 ms)
[ RUN      ] Flush.StatsCountedNotSilent
[WARN] recovery: skipped 1 record(s) with non-increasing sequence
[       OK ] Flush.StatsCountedNotSilent (50 ms)
[----------] 9 tests from Flush (172 ms total)

[----------] 5 tests from Read
[ RUN      ] Read.L0NewestFirst
[       OK ] Read.L0NewestFirst (4 ms)
[ RUN      ] Read.CoverageMemTableOverSSTable
[       OK ] Read.CoverageMemTableOverSSTable (40 ms)
[ RUN      ] Read.TombstoneShadowsSSTableOldValue
[       OK ] Read.TombstoneShadowsSSTableOldValue (38 ms)
[ RUN      ] Read.NewerSSTableTombstoneShadowsOlderFile
[       OK ] Read.NewerSSTableTombstoneShadowsOlderFile (77 ms)
[ RUN      ] Read.NewestWinsAcrossThreeFiles
[       OK ] Read.NewestWinsAcrossThreeFiles (104 ms)
[----------] 5 tests from Read (265 ms total)

[----------] 4 tests from Iter
[ RUN      ] Iter.MergingIteratorOrder
[       OK ] Iter.MergingIteratorOrder (0 ms)
[ RUN      ] Iter.DBIterVisibilityAndTombstoneSkip
[       OK ] Iter.DBIterVisibilityAndTombstoneSkip (0 ms)
[ RUN      ] Iter.DBIterStableAcrossFlush
[       OK ] Iter.DBIterStableAcrossFlush (128 ms)
[ RUN      ] Iter.UserIteratorUnchangedForMemoryMode
[       OK ] Iter.UserIteratorUnchangedForMemoryMode (2 ms)
[----------] 4 tests from Iter (131 ms total)

[----------] 10 tests from Recover
[ RUN      ] Recover.SSTableOnly
[       OK ] Recover.SSTableOnly (23 ms)
[ RUN      ] Recover.SSTablePlusWalTail
[       OK ] Recover.SSTablePlusWalTail (10 ms)
[ RUN      ] Recover.LastSequenceUniqueSource
[       OK ] Recover.LastSequenceUniqueSource (13 ms)
[ RUN      ] Recover.MetaMaxSequenceVerifiedAgainstFullScan
[       OK ] Recover.MetaMaxSequenceVerifiedAgainstFullScan (10 ms)
[ RUN      ] Recover.MetaCorruptRefused
[       OK ] Recover.MetaCorruptRefused (17 ms)
[ RUN      ] Recover.OrphanHandledPerInvariant27
[       OK ] Recover.OrphanHandledPerInvariant27 (12 ms)
[ RUN      ] Recover.MetaMissingWithSstRefused
[       OK ] Recover.MetaMissingWithSstRefused (14 ms)
[ RUN      ] Recover.ComparatorNameMismatchRefused
[       OK ] Recover.ComparatorNameMismatchRefused (9 ms)
[ RUN      ] Recover.LogOrderIsNumericAscending
[       OK ] Recover.LogOrderIsNumericAscending (1 ms)
[ RUN      ] Recover.TruncationRulesUnchangedFromM2
[       OK ] Recover.TruncationRulesUnchangedFromM2 (1 ms)
[----------] 10 tests from Recover (115 ms total)

[----------] 4 tests from WalReclaim
[ RUN      ] WalReclaim.WatermarkCriterion
[       OK ] WalReclaim.WatermarkCriterion (10 ms)
[ RUN      ] WalReclaim.RecoveredMemtableKeepsOldestLog
[       OK ] WalReclaim.RecoveredMemtableKeepsOldestLog (3 ms)
[ RUN      ] WalReclaim.DeleteOnlyAfterMetaDurable
[       OK ] WalReclaim.DeleteOnlyAfterMetaDurable (41 ms)
[ RUN      ] WalReclaim.DisabledByOption
[       OK ] WalReclaim.DisabledByOption (41 ms)
[----------] 4 tests from WalReclaim (97 ms total)

[----------] 1 test from Rotation
[ RUN      ] Rotation.BeforeSequenceAssignAndAtomicOnFailure
[       OK ] Rotation.BeforeSequenceAssignAndAtomicOnFailure (1 ms)
[----------] 1 test from Rotation (1 ms total)

[----------] 1 test from Options
[ RUN      ] Options.InvalidRejectedWithoutFailStop
[       OK ] Options.InvalidRejectedWithoutFailStop (18 ms)
[----------] 1 test from Options (18 ms total)

[----------] 3 tests from CrashFlush
[ RUN      ] CrashFlush.AfterSSTableWrittenThenPowerLoss
[       OK ] CrashFlush.AfterSSTableWrittenThenPowerLoss (6 ms)
[ RUN      ] CrashFlush.BeforeRenameThenPowerLoss
[       OK ] CrashFlush.BeforeRenameThenPowerLoss (10 ms)
[ RUN      ] CrashFlush.BeforeRegisterThenPowerLoss
[       OK ] CrashFlush.BeforeRegisterThenPowerLoss (11 ms)
[----------] 3 tests from CrashFlush (29 ms total)

[----------] 4 tests from VersionEdit
[ RUN      ] VersionEdit.CrcIndependentlyRecomputed
[       OK ] VersionEdit.CrcIndependentlyRecomputed (0 ms)
[ RUN      ] VersionEdit.RoundTripEmptyAndFull
[       OK ] VersionEdit.RoundTripEmptyAndFull (0 ms)
[ RUN      ] VersionEdit.OptionalFieldsAbsent
[       OK ] VersionEdit.OptionalFieldsAbsent (0 ms)
[ RUN      ] VersionEdit.MalformedRejected
[       OK ] VersionEdit.MalformedRejected (0 ms)
[----------] 4 tests from VersionEdit (0 ms total)

[----------] 5 tests from Manifest
[ RUN      ] Manifest.RecordBytesMatchHandBuilt
[       OK ] Manifest.RecordBytesMatchHandBuilt (0 ms)
[ RUN      ] Manifest.ReplayFullSnapshot
[       OK ] Manifest.ReplayFullSnapshot (0 ms)
[ RUN      ] Manifest.TailTornTruncatedAndCounted
[       OK ] Manifest.TailTornTruncatedAndCounted (0 ms)
[ RUN      ] Manifest.MiddleCorruptionRejected
[       OK ] Manifest.MiddleCorruptionRejected (0 ms)
[ RUN      ] Manifest.RollWritesSnapshotAndKeepsNumberingMonotonic
[       OK ] Manifest.RollWritesSnapshotAndKeepsNumberingMonotonic (84 ms)
[----------] 5 tests from Manifest (85 ms total)

[----------] 4 tests from Current
[ RUN      ] Current.InjectedRenameFailureKeepsOldCurrent
[       OK ] Current.InjectedRenameFailureKeepsOldCurrent (5 ms)
[ RUN      ] Current.AtomicSwitchOnInjectedCrash
[       OK ] Current.AtomicSwitchOnInjectedCrash (0 ms)
[ RUN      ] Current.MissingWithNonEmptyDirIsCorruption
[       OK ] Current.MissingWithNonEmptyDirIsCorruption (0 ms)
[ RUN      ] Current.ContentStrictlyValidated
[       OK ] Current.ContentStrictlyValidated (0 ms)
[----------] 4 tests from Current (5 ms total)

[----------] 1 test from Migration
[ RUN      ] Migration.MetaToManifestOneShot
[       OK ] Migration.MetaToManifestOneShot (10 ms)
[----------] 1 test from Migration (10 ms total)

[----------] 2 tests from Install
[ RUN      ] Install.RebaseOnConcurrentFlushKeepsI37
[       OK ] Install.RebaseOnConcurrentFlushKeepsI37 (4 ms)
[ RUN      ] Install.FailureKeepsCurrentRecoverable
[       OK ] Install.FailureKeepsCurrentRecoverable (0 ms)
[----------] 2 tests from Install (5 ms total)

[----------] 1 test from Level0
[ RUN      ] Level0.FileCountThresholdTriggers
[       OK ] Level0.FileCountThresholdTriggers (0 ms)
[----------] 1 test from Level0 (0 ms total)

[----------] 1 test from LevelN
[ RUN      ] LevelN.CapacityThresholdTriggers
[       OK ] LevelN.CapacityThresholdTriggers (0 ms)
[----------] 1 test from LevelN (0 ms total)

[----------] 1 test from PickLevel
[ RUN      ] PickLevel.MaxScoreAndTieBreak
[       OK ] PickLevel.MaxScoreAndTieBreak (0 ms)
[----------] 1 test from PickLevel (0 ms total)

[----------] 2 tests from PickFile
[ RUN      ] PickFile.RoundRobinDeterministic
[       OK ] PickFile.RoundRobinDeterministic (0 ms)
[ RUN      ] PickFile.MinOverlapDeterministic
[       OK ] PickFile.MinOverlapDeterministic (0 ms)
[----------] 2 tests from PickFile (0 ms total)

[----------] 1 test from L0Inputs
[ RUN      ] L0Inputs.TransitiveOverlapClosure
[       OK ] L0Inputs.TransitiveOverlapClosure (0 ms)
[----------] 1 test from L0Inputs (0 ms total)

[----------] 1 test from BaseLevelForKey
[ RUN      ] BaseLevelForKey.StartsAtLevelPlusTwo
[       OK ] BaseLevelForKey.StartsAtLevelPlusTwo (0 ms)
[----------] 1 test from BaseLevelForKey (0 ms total)

[----------] 1 test from Drop
[ RUN      ] Drop.DecisionIsDisjunctionNotConjunction
[       OK ] Drop.DecisionIsDisjunctionNotConjunction (0 ms)
[----------] 1 test from Drop (0 ms total)

[----------] 1 test from CompactionDb
[ RUN      ] CompactionDb.EndToEndMovesL0ToL1AndKeepsData
[       OK ] CompactionDb.EndToEndMovesL0ToL1AndKeepsData (20 ms)
[----------] 1 test from CompactionDb (20 ms total)

[----------] 1 test from ReadLevels
[ RUN      ] ReadLevels.NewestWinsAndRangeFilterNotCounted
[       OK ] ReadLevels.NewestWinsAndRangeFilterNotCounted (10 ms)
[----------] 1 test from ReadLevels (11 ms total)

[----------] 2 tests from Delete
[ RUN      ] Delete.DeferredUntilRefsZero
[       OK ] Delete.DeferredUntilRefsZero (7 ms)
[ RUN      ] Delete.NoUnlinkInsideInstallCriticalSection
[       OK ] Delete.NoUnlinkInsideInstallCriticalSection (10 ms)
[----------] 2 tests from Delete (18 ms total)

[----------] 1 test from LevelLayout
[ RUN      ] LevelLayout.OverlapRejectedOnInstall
[       OK ] LevelLayout.OverlapRejectedOnInstall (0 ms)
[----------] 1 test from LevelLayout (0 ms total)

[----------] 1 test from Snapshot
[ RUN      ] Snapshot.VisibleVersionSurvivesCompactionAndSmallestUpdates
[       OK ] Snapshot.VisibleVersionSurvivesCompactionAndSmallestUpdates (7 ms)
[----------] 1 test from Snapshot (7 ms total)

[----------] 2 tests from CompactionFail
[ RUN      ] CompactionFail.OutputWriteFailureKeepsOldVersion
[       OK ] CompactionFail.OutputWriteFailureKeepsOldVersion (13 ms)
[ RUN      ] CompactionFail.OutputRenameFailureKeepsOldVersion
[       OK ] CompactionFail.OutputRenameFailureKeepsOldVersion (15 ms)
[----------] 2 tests from CompactionFail (28 ms total)

[----------] 1 test from Scheduling
[ RUN      ] Scheduling.FlushTakesPriorityOverCompaction
[       OK ] Scheduling.FlushTakesPriorityOverCompaction (14 ms)
[----------] 1 test from Scheduling (14 ms total)

[----------] 5 tests from Merge
[ RUN      ] Merge.StdMapReconciliation
[       OK ] Merge.StdMapReconciliation (23 ms)
[ RUN      ] Merge.InternalKeyOrderContract
[       OK ] Merge.InternalKeyOrderContract (10 ms)
[ RUN      ] Merge.ConcurrentIteratorVsBackgroundCompaction
[       OK ] Merge.ConcurrentIteratorVsBackgroundCompaction (12 ms)
[ RUN      ] Merge.MixedMemTablesAndFileTombstoneVisibility
[       OK ] Merge.MixedMemTablesAndFileTombstoneVisibility (0 ms)
[ RUN      ] Merge.SkipAcrossChildrenWithVolatileChildKeyView
[       OK ] Merge.SkipAcrossChildrenWithVolatileChildKeyView (0 ms)
[----------] 5 tests from Merge (47 ms total)

[----------] 1 test from Shutdown
[ RUN      ] Shutdown.JoinsBothThreadsAndDrainsQueue
[       OK ] Shutdown.JoinsBothThreadsAndDrainsQueue (10 ms)
[----------] 1 test from Shutdown (11 ms total)

[----------] 1 test from Orphan
[ RUN      ] Orphan.CompactionOutputCleanedAndCounted
[       OK ] Orphan.CompactionOutputCleanedAndCounted (10 ms)
[----------] 1 test from Orphan (10 ms total)

[----------] 1 test from Amplification
[ RUN      ] Amplification.RowReproducibleAndSelfConsistent
[       OK ] Amplification.RowReproducibleAndSelfConsistent (21 ms)
[----------] 1 test from Amplification (21 ms total)

[----------] 12 tests from Filter
[ RUN      ] Filter.BloomEncodingRoundTrip
[       OK ] Filter.BloomEncodingRoundTrip (5 ms)
[ RUN      ] Filter.FalsePositiveRateMeasured
M5_FILTER_FALSE_NEGATIVE 0
M5_FILTER_FPR_PPM 8310
FILTER_FPR_MEASURED_PPM 8310 (inserted=100000 probes=100000)
M5_FILTER_FPR_STRUCTURED_PPM 14930 (even_keys=100000 odd_probes=100000)
M5_FILTER_FPR_STRUCTURED_BUCKET_PPM 214743 (bucket_keys=37 buckets=2000)
FILTER_FPR_STRUCTURED_MEASURED_PPM 14930
FILTER_FPR_STRUCTURED_BUCKET_MEASURED_PPM 214743
[       OK ] Filter.FalsePositiveRateMeasured (96 ms)
[ RUN      ] Filter.NoFalseNegativeOnSSTable
[       OK ] Filter.NoFalseNegativeOnSSTable (1 ms)
[ RUN      ] Filter.MisalignedOffsetInjectionDetected
[       OK ] Filter.MisalignedOffsetInjectionDetected (7 ms)
[ RUN      ] Filter.NegationOnlySkipsDataBlocks
[       OK ] Filter.NegationOnlySkipsDataBlocks (4 ms)
[ RUN      ] Filter.MetaIndexRegistrationAndFormatVersion
[       OK ] Filter.MetaIndexRegistrationAndFormatVersion (0 ms)
[ RUN      ] Filter.OldFileWithoutFilterDegrades
[       OK ] Filter.OldFileWithoutFilterDegrades (8 ms)
[ RUN      ] Filter.CorruptFilterDegradesButReadsCorrect
[       OK ] Filter.CorruptFilterDegradesButReadsCorrect (0 ms)
[ RUN      ] Filter.FilterDamageScanNoSilentWrongValue
M5_FILTER_DAMAGE_CASES 2471
M5_FILTER_SILENT_FALSE_NEGATIVE 0
M5_FILTER_SILENT_WRONG_VALUE 0
M5_FILTER_DAMAGE_DETECTED 2386
M5_FILTER_DAMAGE_FILTER_DEGRADED 85
[FILTER_DAMAGE_OK]
[       OK ] Filter.FilterDamageScanNoSilentWrongValue (424 ms)
[ RUN      ] Filter.FilterCrcAlwaysVerified
[       OK ] Filter.FilterCrcAlwaysVerified (0 ms)
[ RUN      ] Filter.BlockReadReductionAtLeastThreeTimes
M5_FILTER_BLOCK_READS_WITHOUT 2000
M5_FILTER_BLOCK_READS_WITH 18
M5_FILTER_BLOCK_READ_RATIO 111.111111
M5_FILTER_FALSE_NEGATIVE 0
M5_FILTER_QUERIES 2000
M5_FILTER_BLOCKS_SKIPPED 1982
M5_FILTER_ON_CHECKED 2000 POSITIVE 18 UNAVAILABLE 0 POSITIVE_PPM 9000
[FILTER_OK]
[       OK ] Filter.BlockReadReductionAtLeastThreeTimes (2285 ms)
[ RUN      ] Filter.MultiThreadedGetNoRace
[       OK ] Filter.MultiThreadedGetNoRace (30 ms)
[----------] 12 tests from Filter (2866 ms total)

[----------] 3 tests from WriteBatch
[ RUN      ] WriteBatch.EncodingRoundTrip
M5_BATCH_ROUNDTRIP_ENTRIES 9004
M5_BATCH_ENTRY_BYTES 153000
M5_BATCH_EMPTY_REJECTED 1
[       OK ] WriteBatch.EncodingRoundTrip (11 ms)
[ RUN      ] WriteBatch.OverLimitRejectedBeforeAnyWrite
M5_BATCH_OVERLIMIT_REJECTED 1
M5_BATCH_OVERLIMIT_BYTES 67108883
[       OK ] WriteBatch.OverLimitRejectedBeforeAnyWrite (46 ms)
[ RUN      ] WriteBatch.OwnershipReuseAndMalformedRep
M5_BATCH_REUSE_OK 1
M5_BATCH_MALFORMED_CORRUPTION 6
[       OK ] WriteBatch.OwnershipReuseAndMalformedRep (1 ms)
[----------] 3 tests from WriteBatch (58 ms total)

[----------] 5 tests from Batch
[ RUN      ] Batch.CapacityBoundUpperBoundMeasured
M5_BATCH_MEMTABLE_DELTA 86984
M5_BATCH_MEMTABLE_BOUND 87484
M5_BATCH_CAPACITY_SLACK_OK 1
[       OK ] Batch.CapacityBoundUpperBoundMeasured (1 ms)
[ RUN      ] Batch.AtomicVisibilityUnderAppendAndSyncFailure
M5_BATCH_APPEND_FAIL_INVISIBLE 1
M5_BATCH_FSYNC_FAIL_VISIBLE 0
M5_BATCH_CRASH_CASES 8
M5_BATCH_CRASH_HALF_VISIBLE 0
M5_BATCH_CAPACITY_BOUNDARY_VISIBLE 1
M5_BATCH_PARTIAL_VISIBLE 0
[       OK ] Batch.AtomicVisibilityUnderAppendAndSyncFailure (39 ms)
[ RUN      ] Batch.GroupCommitOneFsyncForConcurrentBatches
M5_BATCH_CONCURRENT_WRITERS 32
M5_BATCH_CONCURRENT_ENTRIES 128
M5_BATCH_GROUP_FSYNCS 1
M5_BATCH_LOST_WAKEUPS 0
M5_BATCH_DURABLE_COVERED 1
[       OK ] Batch.GroupCommitOneFsyncForConcurrentBatches (12 ms)
[ RUN      ] Batch.WalRecordTruncationNeverExposesHalfBatch
M5_BATCH_TRUNCATE_CASES 8
M5_BATCH_HALF_VISIBLE 0
M5_BATCH_TRUNCATE_FULL_LOG_BYTES 121
[       OK ] Batch.WalRecordTruncationNeverExposesHalfBatch (9 ms)
[ RUN      ] Batch.RecoverySequenceAndOneRecordPerBatch
M5_BATCH_RECOVERY_RECORDS 3
M5_BATCH_RECOVERY_ENTRIES 10
M5_BATCH_SEQ_CONTIGUOUS 1
M5_BATCH_LAST_SEQ_COVERS 1
M5_BATCH_ONE_RECORD_PER_BATCH 1
[       OK ] Batch.RecoverySequenceAndOneRecordPerBatch (2 ms)
[----------] 5 tests from Batch (65 ms total)

[----------] 2 tests from SyncIsolation
[ RUN      ] SyncIsolation.AsyncWriteIsNotBlockedByExplicitSync
[       OK ] SyncIsolation.AsyncWriteIsNotBlockedByExplicitSync (2001 ms)
[ RUN      ] SyncIsolation.CommitQueueReachableDuringRotationFsync
[       OK ] SyncIsolation.CommitQueueReachableDuringRotationFsync (3 ms)
[----------] 2 tests from SyncIsolation (2005 ms total)

[----------] Global test environment tear-down
[==========] 208 tests from 57 test suites ran. (38075 ms total)
[  PASSED  ] 208 tests.
===== RELEASE FULL SUITE REPEAT 3 =====
Running main() from /home/tengyujie/googletest/googletest/src/gtest_main.cc
[==========] Running 208 tests from 57 test suites.
[----------] Global test environment set-up.
[----------] 6 tests from Block
[ RUN      ] Block.RoundTripEmptySingleMany
[       OK ] Block.RoundTripEmptySingleMany (1 ms)
[ RUN      ] Block.PrefixCompressionAndRestartGroups
[       OK ] Block.PrefixCompressionAndRestartGroups (0 ms)
[ RUN      ] Block.RestartOffsetsMonotonicAndAligned
[       OK ] Block.RestartOffsetsMonotonicAndAligned (0 ms)
[ RUN      ] Block.SeekSemantics
[       OK ] Block.SeekSemantics (0 ms)
[ RUN      ] Block.MalformedEntryRejectedWithoutOOB
[       OK ] Block.MalformedEntryRejectedWithoutOOB (0 ms)
[ RUN      ] Block.IteratorBidirectional
[       OK ] Block.IteratorBidirectional (0 ms)
[----------] 6 tests from Block (1 ms total)

[----------] 2 tests from Footer
[ RUN      ] Footer.RoundTrip
[       OK ] Footer.RoundTrip (0 ms)
[ RUN      ] Footer.RejectMatrix
[       OK ] Footer.RejectMatrix (0 ms)
[----------] 2 tests from Footer (0 ms total)

[----------] 12 tests from Table
[ RUN      ] Table.EmptyAndBoundarySizes
[       OK ] Table.EmptyAndBoundarySizes (0 ms)
[ RUN      ] Table.CrossBlockLargeValue
[       OK ] Table.CrossBlockLargeValue (1 ms)
[ RUN      ] Table.LargeNumberOfBlocksIndexWarn
WARN: sstable index_size_warn: block_count=65538 > 65536 (single-level index > ~2.5MB); two-level index is an M4 item
[       OK ] Table.LargeNumberOfBlocksIndexWarn (205 ms)
[ RUN      ] Table.CrcDetectsSingleByteFlipInDataBlock
FLIPS_DONE_A12=4912
[       OK ] Table.CrcDetectsSingleByteFlipInDataBlock (219 ms)
[ RUN      ] Table.CrcDetectsFlipInHeaderLengthAndTrailer
FLIPS_DONE_A13=11
[       OK ] Table.CrcDetectsFlipInHeaderLengthAndTrailer (0 ms)
[ RUN      ] Table.CrcDetectsFlipInIndexAndFooter
FLIPS_DONE_A14_INDEX=42
FLIPS_DONE_A14_TOTAL=45
[       OK ] Table.CrcDetectsFlipInIndexAndFooter (0 ms)
[ RUN      ] Table.VerifyChecksumsOffIsActuallyOff
[       OK ] Table.VerifyChecksumsOffIsActuallyOff (0 ms)
[ RUN      ] Table.IndexHandleTypeMismatchRejected
[       OK ] Table.IndexHandleTypeMismatchRejected (0 ms)
[ RUN      ] Table.HandleSizeVsBlockLengthMismatch
[       OK ] Table.HandleSizeVsBlockLengthMismatch (0 ms)
[ RUN      ] Table.MetaIndexEmptyBlockParses
[       OK ] Table.MetaIndexEmptyBlockParses (0 ms)
[ RUN      ] Table.KeyRangeFilterDoesZeroIo
[       OK ] Table.KeyRangeFilterDoesZeroIo (0 ms)
[ RUN      ] Table.SeekWithSnapshotLookupKeyUsesInternalKeyComparator
[       OK ] Table.SeekWithSnapshotLookupKeyUsesInternalKeyComparator (0 ms)
[----------] 12 tests from Table (427 ms total)

[----------] 2 tests from Slice
[ RUN      ] Slice.CompareAndStartsWith
[       OK ] Slice.CompareAndStartsWith (0 ms)
[ RUN      ] Slice.ToString
[       OK ] Slice.ToString (0 ms)
[----------] 2 tests from Slice (0 ms total)

[----------] 1 test from Status
[ RUN      ] Status.CodesAndToString
[       OK ] Status.CodesAndToString (0 ms)
[----------] 1 test from Status (0 ms total)

[----------] 6 tests from Coding
[ RUN      ] Coding.Fixed32RoundTrip
[       OK ] Coding.Fixed32RoundTrip (0 ms)
[ RUN      ] Coding.Fixed64RoundTrip
[       OK ] Coding.Fixed64RoundTrip (0 ms)
[ RUN      ] Coding.Varint32RoundTrip
[       OK ] Coding.Varint32RoundTrip (0 ms)
[ RUN      ] Coding.Varint64RoundTrip
[       OK ] Coding.Varint64RoundTrip (0 ms)
[ RUN      ] Coding.VarintRejectsOverflowAndTruncation
[       OK ] Coding.VarintRejectsOverflowAndTruncation (0 ms)
[ RUN      ] Coding.LengthPrefixedRoundTrip
[       OK ] Coding.LengthPrefixedRoundTrip (0 ms)
[----------] 6 tests from Coding (0 ms total)

[----------] 2 tests from CRC32C
[ RUN      ] CRC32C.KnownVectors
[       OK ] CRC32C.KnownVectors (0 ms)
[ RUN      ] CRC32C.SingleBitFlipDetected
[       OK ] CRC32C.SingleBitFlipDetected (27 ms)
[----------] 2 tests from CRC32C (27 ms total)

[----------] 2 tests from Arena
[ RUN      ] Arena.AlignmentAndUsage
[       OK ] Arena.AlignmentAndUsage (1 ms)
[ RUN      ] Arena.Reset
[       OK ] Arena.Reset (0 ms)
[----------] 2 tests from Arena (1 ms total)

[----------] 2 tests from Env
[ RUN      ] Env.TimeMonotonic
[       OK ] Env.TimeMonotonic (4 ms)
[ RUN      ] Env.FileRoundTrip
[       OK ] Env.FileRoundTrip (4 ms)
[----------] 2 tests from Env (9 ms total)

[----------] 4 tests from InternalKey
[ RUN      ] InternalKey.BuildParseRoundTrip
[       OK ] InternalKey.BuildParseRoundTrip (1 ms)
[ RUN      ] InternalKey.ParseMalformed
[       OK ] InternalKey.ParseMalformed (0 ms)
[ RUN      ] InternalKey.CompareOrder
[       OK ] InternalKey.CompareOrder (10 ms)
[ RUN      ] InternalKey.LookupKeySemantics
[       OK ] InternalKey.LookupKeySemantics (0 ms)
[----------] 4 tests from InternalKey (12 ms total)

[----------] 1 test from MemTableKeyComparator
[ RUN      ] MemTableKeyComparator.TotalOrder
[       OK ] MemTableKeyComparator.TotalOrder (47 ms)
[----------] 1 test from MemTableKeyComparator (47 ms total)

[----------] 4 tests from Skiplist
[ RUN      ] Skiplist.InsertContainsWithStdMultimap
[       OK ] Skiplist.InsertContainsWithStdMultimap (1308 ms)
[ RUN      ] Skiplist.RandomLayerDistribution
[   INFO   ] Skiplist.RandomLayerDistribution: node_count=100000 mean_height=1.33456 P(h>=2)=0.2502 P(h>=3)=0.06272 max_height=9
[       OK ] Skiplist.RandomLayerDistribution (111 ms)
[ RUN      ] Skiplist.IteratorForwardBackward
[       OK ] Skiplist.IteratorForwardBackward (28 ms)
[ RUN      ] Skiplist.DuplicateKeys
[       OK ] Skiplist.DuplicateKeys (0 ms)
[----------] 4 tests from Skiplist (1448 ms total)

[----------] 14 tests from MemTable
[ RUN      ] MemTable.PutGetRoundTrip
[       OK ] MemTable.PutGetRoundTrip (1 ms)
[ RUN      ] MemTable.OverwriteNewestWins
[       OK ] MemTable.OverwriteNewestWins (0 ms)
[ RUN      ] MemTable.DeleteThenNotFound
[       OK ] MemTable.DeleteThenNotFound (0 ms)
[ RUN      ] MemTable.DeleteThenPutNewerStaysVisible
[       OK ] MemTable.DeleteThenPutNewerStaysVisible (0 ms)
[ RUN      ] MemTable.MultiVersionOrderInInternalIterator
[       OK ] MemTable.MultiVersionOrderInInternalIterator (0 ms)
[ RUN      ] MemTable.UserIteratorDedupAndTombstone
[       OK ] MemTable.UserIteratorDedupAndTombstone (0 ms)
[ RUN      ] MemTable.IteratorStateMachine
[       OK ] MemTable.IteratorStateMachine (0 ms)
[ RUN      ] MemTable.InsertDuringIteration
[       OK ] MemTable.InsertDuringIteration (0 ms)
[ RUN      ] MemTable.FreezeRejectsWriteWithFrozenStatus
[       OK ] MemTable.FreezeRejectsWriteWithFrozenStatus (0 ms)
[ RUN      ] MemTable.FrozenStillReadable
[       OK ] MemTable.FrozenStillReadable (0 ms)
[ RUN      ] MemTable.CapacityStatsMonotonic
[       OK ] MemTable.CapacityStatsMonotonic (0 ms)
[ RUN      ] MemTable.RejectsEmptyAndOversizedKey
[       OK ] MemTable.RejectsEmptyAndOversizedKey (0 ms)
[ RUN      ] MemTable.CustomComparatorEqualityIsHonored
[       OK ] MemTable.CustomComparatorEqualityIsHonored (0 ms)
[ RUN      ] MemTable.MalformedInputDoesNotReadOutOfBounds
[       OK ] MemTable.MalformedInputDoesNotReadOutOfBounds (0 ms)
[----------] 14 tests from MemTable (2 ms total)

[----------] 6 tests from DB
[ RUN      ] DB.PutBlocksUntilFlush
[       OK ] DB.PutBlocksUntilFlush (16 ms)
[ RUN      ] DB.OpenMemoryMode
[       OK ] DB.OpenMemoryMode (0 ms)
[ RUN      ] DB.OpenPersistentMode
[       OK ] DB.OpenPersistentMode (16 ms)
[ RUN      ] DB.OpenRejectsInvalidOptions
[       OK ] DB.OpenRejectsInvalidOptions (0 ms)
[ RUN      ] DB.PutGetDeleteRoundTrip
[       OK ] DB.PutGetDeleteRoundTrip (0 ms)
[ RUN      ] DB.PutAfterFreezeReturnsFrozen
[       OK ] DB.PutAfterFreezeReturnsFrozen (0 ms)
[----------] 6 tests from DB (33 ms total)

[----------] 4 tests from Stress
[ RUN      ] Stress.OneMillionKeysReconcile
[   INFO   ] Stress.OneMillionKeysReconcile: n=1000000 write_ms=17586 reconcile_ms=1142 ApproximateMemoryUsage=155998029 bytes
[       OK ] Stress.OneMillionKeysReconcile (20960 ms)
[ RUN      ] Stress.DeleteThirtyPercentReconcile
[   INFO   ] Stress.DeleteThirtyPercentReconcile: entries=390000 visible=210000 deleted=90000 elapsed_ms=6213 memtable_bytes=61318518
[       OK ] Stress.DeleteThirtyPercentReconcile (7106 ms)
[ RUN      ] Stress.SameKey100kTimes
[   INFO   ] Stress.SameKey100kTimes: versions=100000 elapsed_ms=235 memtable_bytes=14389159
[       OK ] Stress.SameKey100kTimes (237 ms)
[ RUN      ] Stress.AlignmentUnderSanitizers
[   INFO   ] Stress.AlignmentUnderSanitizers: build=plain（ASan/UBSan 结论见 build-asan 门禁）
[   INFO   ] Stress.AlignmentUnderSanitizers: allocations=2000 alignof(max_align_t)=16
[       OK ] Stress.AlignmentUnderSanitizers (26 ms)
[----------] 4 tests from Stress (28331 ms total)

[----------] 10 tests from WAL
[ RUN      ] WAL.WriteReadRoundTrip
[       OK ] WAL.WriteReadRoundTrip (4 ms)
[ RUN      ] WAL.LargeRecordCrossBlockSplit
[       OK ] WAL.LargeRecordCrossBlockSplit (19 ms)
[ RUN      ] WAL.BlockTailPadding
[       OK ] WAL.BlockTailPadding (29 ms)
[ RUN      ] WAL.CrcDetectsSingleByteFlip
[       OK ] WAL.CrcDetectsSingleByteFlip (262 ms)
[ RUN      ] WAL.RejectsIllegalTypeAndLength
[       OK ] WAL.RejectsIllegalTypeAndLength (9 ms)
[ RUN      ] WAL.TruncatedTailIsCut
[       OK ] WAL.TruncatedTailIsCut (811 ms)
[ RUN      ] WAL.MiddleCorruptionRejected
[       OK ] WAL.MiddleCorruptionRejected (5 ms)
[ RUN      ] WAL.TailCorruptionWithNoValidRecordAfterIsCut
[       OK ] WAL.TailCorruptionWithNoValidRecordAfterIsCut (5 ms)
[ RUN      ] WAL.ShortWriteIsRetriedThenFails
[       OK ] WAL.ShortWriteIsRetriedThenFails (5 ms)
[ RUN      ] WAL.FsyncFailurePropagates
[       OK ] WAL.FsyncFailurePropagates (0 ms)
[----------] 10 tests from WAL (1155 ms total)

[----------] 11 tests from Recovery
[ RUN      ] Recovery.AckedDataVisibleAfterManifestReplay
[       OK ] Recovery.AckedDataVisibleAfterManifestReplay (11 ms)
[ RUN      ] Recovery.ReplayPutDeleteAndBatches
[       OK ] Recovery.ReplayPutDeleteAndBatches (18 ms)
[ RUN      ] Recovery.AllLogsAreReplayed
[       OK ] Recovery.AllLogsAreReplayed (15 ms)
[ RUN      ] Recovery.SequenceRestoredAboveMaxReplayed
[       OK ] Recovery.SequenceRestoredAboveMaxReplayed (22 ms)
[ RUN      ] Recovery.IdempotentAcrossRepeatedOpens
[       OK ] Recovery.IdempotentAcrossRepeatedOpens (5 ms)
[ RUN      ] Recovery.TornTailDoesNotResurrectOlderValue
[       OK ] Recovery.TornTailDoesNotResurrectOlderValue (10 ms)
[ RUN      ] Recovery.EmptyWalAndMissingDir
[       OK ] Recovery.EmptyWalAndMissingDir (8 ms)
[ RUN      ] Recovery.MalformedBatchPayloadIsCorruption
[       OK ] Recovery.MalformedBatchPayloadIsCorruption (9 ms)
[ RUN      ] Recovery.NonHighestLogTailCorruptionRejected
[       OK ] Recovery.NonHighestLogTailCorruptionRejected (8 ms)
[ RUN      ] Recovery.SameKeyManyVersionsReplaysLatest
[       OK ] Recovery.SameKeyManyVersionsReplaysLatest (18 ms)
[ RUN      ] Recovery.StatsAreReadableAndReportTruncationAndSkips
[WARN] recovery: skipped 1 record(s) with non-increasing sequence
[       OK ] Recovery.StatsAreReadableAndReportTruncationAndSkips (38 ms)
[----------] 11 tests from Recovery (169 ms total)

[----------] 2 tests from CrashSim
[ RUN      ] CrashSim.UnsyncedSuffixLostNoTornValue
[       OK ] CrashSim.UnsyncedSuffixLostNoTornValue (16 ms)
[ RUN      ] CrashSim.RepeatedCrashRecoverLoop50
[       OK ] CrashSim.RepeatedCrashRecoverLoop50 (78 ms)
[----------] 2 tests from CrashSim (95 ms total)

[----------] 3 tests from Sync
[ RUN      ] Sync.SyncCoversAllPriorWrites
[       OK ] Sync.SyncCoversAllPriorWrites (3 ms)
[ RUN      ] Sync.CloseIsDurable
[       OK ] Sync.CloseIsDurable (3 ms)
[ RUN      ] Sync.PerLogBoundaryAfterRotation
[       OK ] Sync.PerLogBoundaryAfterRotation (1 ms)
[----------] 3 tests from Sync (8 ms total)

[----------] 4 tests from Close
[ RUN      ] Close.RejectsNewWriters
[       OK ] Close.RejectsNewWriters (33 ms)
[ RUN      ] Close.WaitsForDrainedQueue
[       OK ] Close.WaitsForDrainedQueue (26 ms)
[ RUN      ] Close.AbandonsImmutablesWithCounter
[       OK ] Close.AbandonsImmutablesWithCounter (12 ms)
[ RUN      ] Close.DrainsBackgroundThread
[       OK ] Close.DrainsBackgroundThread (7 ms)
[----------] 4 tests from Close (80 ms total)

[----------] 8 tests from GroupCommit
[ RUN      ] GroupCommit.WindowNotOpenedEarly
[       OK ] GroupCommit.WindowNotOpenedEarly (1 ms)
[ RUN      ] GroupCommit.NoLostWakeup
[       OK ] GroupCommit.NoLostWakeup (13 ms)
[ RUN      ] GroupCommit.FailurePropagatesToAllWaiters
[       OK ] GroupCommit.FailurePropagatesToAllWaiters (4 ms)
[ RUN      ] GroupCommit.BatchingReducesFsyncCount
[   INFO   ] GroupCommit.BatchingReducesFsyncCount: writers=32 fsync_calls=30 ratio=0.938
[       OK ] GroupCommit.BatchingReducesFsyncCount (11 ms)
[ RUN      ] GroupCommit.NWritersOneFsyncDeterministic
[       OK ] GroupCommit.NWritersOneFsyncDeterministic (30 ms)
[ RUN      ] GroupCommit.DurableSeqOnlyAdvancesOnSync
[       OK ] GroupCommit.DurableSeqOnlyAdvancesOnSync (1 ms)
[ RUN      ] GroupCommit.MixedSyncPropagates
[       OK ] GroupCommit.MixedSyncPropagates (49 ms)
[ RUN      ] GroupCommit.SyncDoesNotClaimInFlightBatch
[       OK ] GroupCommit.SyncDoesNotClaimInFlightBatch (2 ms)
[----------] 8 tests from GroupCommit (115 ms total)

[----------] 2 tests from Locks
[ RUN      ] Locks.ZeroIoWhileHoldingDbMutexOnCompactionPath
[       OK ] Locks.ZeroIoWhileHoldingDbMutexOnCompactionPath (17 ms)
[ RUN      ] Locks.ZeroIoWhileHoldingDbMutex
[       OK ] Locks.ZeroIoWhileHoldingDbMutex (184 ms)
[----------] 2 tests from Locks (202 ms total)

[----------] 9 tests from Flush
[ RUN      ] Flush.AutoFlushOnFullBufferNeverFrozen
[       OK ] Flush.AutoFlushOnFullBufferNeverFrozen (16 ms)
[ RUN      ] Flush.SingleEntryLargerThanWriteBufferAccepted
[       OK ] Flush.SingleEntryLargerThanWriteBufferAccepted (2 ms)
[ RUN      ] Flush.OrderDurableRenameSyncDirRegister
[       OK ] Flush.OrderDurableRenameSyncDirRegister (7 ms)
[ RUN      ] Flush.NoIoWhileHoldingDbMutex
[       OK ] Flush.NoIoWhileHoldingDbMutex (15 ms)
[ RUN      ] Flush.FailureIsFailStopButReadable
[       OK ] Flush.FailureIsFailStopButReadable (7 ms)
[ RUN      ] Flush.ImmutableStallReleasesOnAllConditions
[       OK ] Flush.ImmutableStallReleasesOnAllConditions (8 ms)
[ RUN      ] Flush.TombstoneCountPreserved
[       OK ] Flush.TombstoneCountPreserved (44 ms)
[ RUN      ] Flush.FirstFlushCloseWindowRecoversFromCompleteWal
[       OK ] Flush.FirstFlushCloseWindowRecoversFromCompleteWal (4 ms)
[ RUN      ] Flush.StatsCountedNotSilent
[WARN] recovery: skipped 1 record(s) with non-increasing sequence
[       OK ] Flush.StatsCountedNotSilent (51 ms)
[----------] 9 tests from Flush (159 ms total)

[----------] 5 tests from Read
[ RUN      ] Read.L0NewestFirst
[       OK ] Read.L0NewestFirst (5 ms)
[ RUN      ] Read.CoverageMemTableOverSSTable
[       OK ] Read.CoverageMemTableOverSSTable (42 ms)
[ RUN      ] Read.TombstoneShadowsSSTableOldValue
[       OK ] Read.TombstoneShadowsSSTableOldValue (40 ms)
[ RUN      ] Read.NewerSSTableTombstoneShadowsOlderFile
[       OK ] Read.NewerSSTableTombstoneShadowsOlderFile (81 ms)
[ RUN      ] Read.NewestWinsAcrossThreeFiles
[       OK ] Read.NewestWinsAcrossThreeFiles (129 ms)
[----------] 5 tests from Read (299 ms total)

[----------] 4 tests from Iter
[ RUN      ] Iter.MergingIteratorOrder
[       OK ] Iter.MergingIteratorOrder (0 ms)
[ RUN      ] Iter.DBIterVisibilityAndTombstoneSkip
[       OK ] Iter.DBIterVisibilityAndTombstoneSkip (0 ms)
[ RUN      ] Iter.DBIterStableAcrossFlush
[       OK ] Iter.DBIterStableAcrossFlush (118 ms)
[ RUN      ] Iter.UserIteratorUnchangedForMemoryMode
[       OK ] Iter.UserIteratorUnchangedForMemoryMode (2 ms)
[----------] 4 tests from Iter (121 ms total)

[----------] 10 tests from Recover
[ RUN      ] Recover.SSTableOnly
[       OK ] Recover.SSTableOnly (19 ms)
[ RUN      ] Recover.SSTablePlusWalTail
[       OK ] Recover.SSTablePlusWalTail (9 ms)
[ RUN      ] Recover.LastSequenceUniqueSource
[       OK ] Recover.LastSequenceUniqueSource (13 ms)
[ RUN      ] Recover.MetaMaxSequenceVerifiedAgainstFullScan
[       OK ] Recover.MetaMaxSequenceVerifiedAgainstFullScan (8 ms)
[ RUN      ] Recover.MetaCorruptRefused
[       OK ] Recover.MetaCorruptRefused (16 ms)
[ RUN      ] Recover.OrphanHandledPerInvariant27
[       OK ] Recover.OrphanHandledPerInvariant27 (12 ms)
[ RUN      ] Recover.MetaMissingWithSstRefused
[       OK ] Recover.MetaMissingWithSstRefused (11 ms)
[ RUN      ] Recover.ComparatorNameMismatchRefused
[       OK ] Recover.ComparatorNameMismatchRefused (7 ms)
[ RUN      ] Recover.LogOrderIsNumericAscending
[       OK ] Recover.LogOrderIsNumericAscending (1 ms)
[ RUN      ] Recover.TruncationRulesUnchangedFromM2
[       OK ] Recover.TruncationRulesUnchangedFromM2 (1 ms)
[----------] 10 tests from Recover (104 ms total)

[----------] 4 tests from WalReclaim
[ RUN      ] WalReclaim.WatermarkCriterion
[       OK ] WalReclaim.WatermarkCriterion (12 ms)
[ RUN      ] WalReclaim.RecoveredMemtableKeepsOldestLog
[       OK ] WalReclaim.RecoveredMemtableKeepsOldestLog (2 ms)
[ RUN      ] WalReclaim.DeleteOnlyAfterMetaDurable
[       OK ] WalReclaim.DeleteOnlyAfterMetaDurable (38 ms)
[ RUN      ] WalReclaim.DisabledByOption
[       OK ] WalReclaim.DisabledByOption (57 ms)
[----------] 4 tests from WalReclaim (110 ms total)

[----------] 1 test from Rotation
[ RUN      ] Rotation.BeforeSequenceAssignAndAtomicOnFailure
[       OK ] Rotation.BeforeSequenceAssignAndAtomicOnFailure (1 ms)
[----------] 1 test from Rotation (1 ms total)

[----------] 1 test from Options
[ RUN      ] Options.InvalidRejectedWithoutFailStop
[       OK ] Options.InvalidRejectedWithoutFailStop (38 ms)
[----------] 1 test from Options (38 ms total)

[----------] 3 tests from CrashFlush
[ RUN      ] CrashFlush.AfterSSTableWrittenThenPowerLoss
[       OK ] CrashFlush.AfterSSTableWrittenThenPowerLoss (12 ms)
[ RUN      ] CrashFlush.BeforeRenameThenPowerLoss
[       OK ] CrashFlush.BeforeRenameThenPowerLoss (9 ms)
[ RUN      ] CrashFlush.BeforeRegisterThenPowerLoss
[       OK ] CrashFlush.BeforeRegisterThenPowerLoss (10 ms)
[----------] 3 tests from CrashFlush (32 ms total)

[----------] 4 tests from VersionEdit
[ RUN      ] VersionEdit.CrcIndependentlyRecomputed
[       OK ] VersionEdit.CrcIndependentlyRecomputed (0 ms)
[ RUN      ] VersionEdit.RoundTripEmptyAndFull
[       OK ] VersionEdit.RoundTripEmptyAndFull (0 ms)
[ RUN      ] VersionEdit.OptionalFieldsAbsent
[       OK ] VersionEdit.OptionalFieldsAbsent (0 ms)
[ RUN      ] VersionEdit.MalformedRejected
[       OK ] VersionEdit.MalformedRejected (0 ms)
[----------] 4 tests from VersionEdit (0 ms total)

[----------] 5 tests from Manifest
[ RUN      ] Manifest.RecordBytesMatchHandBuilt
[       OK ] Manifest.RecordBytesMatchHandBuilt (0 ms)
[ RUN      ] Manifest.ReplayFullSnapshot
[       OK ] Manifest.ReplayFullSnapshot (0 ms)
[ RUN      ] Manifest.TailTornTruncatedAndCounted
[       OK ] Manifest.TailTornTruncatedAndCounted (0 ms)
[ RUN      ] Manifest.MiddleCorruptionRejected
[       OK ] Manifest.MiddleCorruptionRejected (0 ms)
[ RUN      ] Manifest.RollWritesSnapshotAndKeepsNumberingMonotonic
[       OK ] Manifest.RollWritesSnapshotAndKeepsNumberingMonotonic (85 ms)
[----------] 5 tests from Manifest (86 ms total)

[----------] 4 tests from Current
[ RUN      ] Current.InjectedRenameFailureKeepsOldCurrent
[       OK ] Current.InjectedRenameFailureKeepsOldCurrent (4 ms)
[ RUN      ] Current.AtomicSwitchOnInjectedCrash
[       OK ] Current.AtomicSwitchOnInjectedCrash (0 ms)
[ RUN      ] Current.MissingWithNonEmptyDirIsCorruption
[       OK ] Current.MissingWithNonEmptyDirIsCorruption (0 ms)
[ RUN      ] Current.ContentStrictlyValidated
[       OK ] Current.ContentStrictlyValidated (0 ms)
[----------] 4 tests from Current (5 ms total)

[----------] 1 test from Migration
[ RUN      ] Migration.MetaToManifestOneShot
[       OK ] Migration.MetaToManifestOneShot (12 ms)
[----------] 1 test from Migration (12 ms total)

[----------] 2 tests from Install
[ RUN      ] Install.RebaseOnConcurrentFlushKeepsI37
[       OK ] Install.RebaseOnConcurrentFlushKeepsI37 (4 ms)
[ RUN      ] Install.FailureKeepsCurrentRecoverable
[       OK ] Install.FailureKeepsCurrentRecoverable (0 ms)
[----------] 2 tests from Install (4 ms total)

[----------] 1 test from Level0
[ RUN      ] Level0.FileCountThresholdTriggers
[       OK ] Level0.FileCountThresholdTriggers (0 ms)
[----------] 1 test from Level0 (0 ms total)

[----------] 1 test from LevelN
[ RUN      ] LevelN.CapacityThresholdTriggers
[       OK ] LevelN.CapacityThresholdTriggers (0 ms)
[----------] 1 test from LevelN (0 ms total)

[----------] 1 test from PickLevel
[ RUN      ] PickLevel.MaxScoreAndTieBreak
[       OK ] PickLevel.MaxScoreAndTieBreak (0 ms)
[----------] 1 test from PickLevel (0 ms total)

[----------] 2 tests from PickFile
[ RUN      ] PickFile.RoundRobinDeterministic
[       OK ] PickFile.RoundRobinDeterministic (0 ms)
[ RUN      ] PickFile.MinOverlapDeterministic
[       OK ] PickFile.MinOverlapDeterministic (0 ms)
[----------] 2 tests from PickFile (0 ms total)

[----------] 1 test from L0Inputs
[ RUN      ] L0Inputs.TransitiveOverlapClosure
[       OK ] L0Inputs.TransitiveOverlapClosure (0 ms)
[----------] 1 test from L0Inputs (0 ms total)

[----------] 1 test from BaseLevelForKey
[ RUN      ] BaseLevelForKey.StartsAtLevelPlusTwo
[       OK ] BaseLevelForKey.StartsAtLevelPlusTwo (0 ms)
[----------] 1 test from BaseLevelForKey (0 ms total)

[----------] 1 test from Drop
[ RUN      ] Drop.DecisionIsDisjunctionNotConjunction
[       OK ] Drop.DecisionIsDisjunctionNotConjunction (0 ms)
[----------] 1 test from Drop (0 ms total)

[----------] 1 test from CompactionDb
[ RUN      ] CompactionDb.EndToEndMovesL0ToL1AndKeepsData
[       OK ] CompactionDb.EndToEndMovesL0ToL1AndKeepsData (22 ms)
[----------] 1 test from CompactionDb (22 ms total)

[----------] 1 test from ReadLevels
[ RUN      ] ReadLevels.NewestWinsAndRangeFilterNotCounted
[       OK ] ReadLevels.NewestWinsAndRangeFilterNotCounted (10 ms)
[----------] 1 test from ReadLevels (10 ms total)

[----------] 2 tests from Delete
[ RUN      ] Delete.DeferredUntilRefsZero
[       OK ] Delete.DeferredUntilRefsZero (7 ms)
[ RUN      ] Delete.NoUnlinkInsideInstallCriticalSection
[       OK ] Delete.NoUnlinkInsideInstallCriticalSection (9 ms)
[----------] 2 tests from Delete (16 ms total)

[----------] 1 test from LevelLayout
[ RUN      ] LevelLayout.OverlapRejectedOnInstall
[       OK ] LevelLayout.OverlapRejectedOnInstall (0 ms)
[----------] 1 test from LevelLayout (0 ms total)

[----------] 1 test from Snapshot
[ RUN      ] Snapshot.VisibleVersionSurvivesCompactionAndSmallestUpdates
[       OK ] Snapshot.VisibleVersionSurvivesCompactionAndSmallestUpdates (7 ms)
[----------] 1 test from Snapshot (7 ms total)

[----------] 2 tests from CompactionFail
[ RUN      ] CompactionFail.OutputWriteFailureKeepsOldVersion
[       OK ] CompactionFail.OutputWriteFailureKeepsOldVersion (12 ms)
[ RUN      ] CompactionFail.OutputRenameFailureKeepsOldVersion
[       OK ] CompactionFail.OutputRenameFailureKeepsOldVersion (12 ms)
[----------] 2 tests from CompactionFail (25 ms total)

[----------] 1 test from Scheduling
[ RUN      ] Scheduling.FlushTakesPriorityOverCompaction
[       OK ] Scheduling.FlushTakesPriorityOverCompaction (13 ms)
[----------] 1 test from Scheduling (13 ms total)

[----------] 5 tests from Merge
[ RUN      ] Merge.StdMapReconciliation
[       OK ] Merge.StdMapReconciliation (19 ms)
[ RUN      ] Merge.InternalKeyOrderContract
[       OK ] Merge.InternalKeyOrderContract (11 ms)
[ RUN      ] Merge.ConcurrentIteratorVsBackgroundCompaction
[       OK ] Merge.ConcurrentIteratorVsBackgroundCompaction (11 ms)
[ RUN      ] Merge.MixedMemTablesAndFileTombstoneVisibility
[       OK ] Merge.MixedMemTablesAndFileTombstoneVisibility (0 ms)
[ RUN      ] Merge.SkipAcrossChildrenWithVolatileChildKeyView
[       OK ] Merge.SkipAcrossChildrenWithVolatileChildKeyView (0 ms)
[----------] 5 tests from Merge (43 ms total)

[----------] 1 test from Shutdown
[ RUN      ] Shutdown.JoinsBothThreadsAndDrainsQueue
[       OK ] Shutdown.JoinsBothThreadsAndDrainsQueue (10 ms)
[----------] 1 test from Shutdown (10 ms total)

[----------] 1 test from Orphan
[ RUN      ] Orphan.CompactionOutputCleanedAndCounted
[       OK ] Orphan.CompactionOutputCleanedAndCounted (10 ms)
[----------] 1 test from Orphan (10 ms total)

[----------] 1 test from Amplification
[ RUN      ] Amplification.RowReproducibleAndSelfConsistent
[       OK ] Amplification.RowReproducibleAndSelfConsistent (19 ms)
[----------] 1 test from Amplification (19 ms total)

[----------] 12 tests from Filter
[ RUN      ] Filter.BloomEncodingRoundTrip
[       OK ] Filter.BloomEncodingRoundTrip (4 ms)
[ RUN      ] Filter.FalsePositiveRateMeasured
M5_FILTER_FALSE_NEGATIVE 0
M5_FILTER_FPR_PPM 8310
FILTER_FPR_MEASURED_PPM 8310 (inserted=100000 probes=100000)
M5_FILTER_FPR_STRUCTURED_PPM 14930 (even_keys=100000 odd_probes=100000)
M5_FILTER_FPR_STRUCTURED_BUCKET_PPM 214743 (bucket_keys=37 buckets=2000)
FILTER_FPR_STRUCTURED_MEASURED_PPM 14930
FILTER_FPR_STRUCTURED_BUCKET_MEASURED_PPM 214743
[       OK ] Filter.FalsePositiveRateMeasured (92 ms)
[ RUN      ] Filter.NoFalseNegativeOnSSTable
[       OK ] Filter.NoFalseNegativeOnSSTable (2 ms)
[ RUN      ] Filter.MisalignedOffsetInjectionDetected
[       OK ] Filter.MisalignedOffsetInjectionDetected (6 ms)
[ RUN      ] Filter.NegationOnlySkipsDataBlocks
[       OK ] Filter.NegationOnlySkipsDataBlocks (4 ms)
[ RUN      ] Filter.MetaIndexRegistrationAndFormatVersion
[       OK ] Filter.MetaIndexRegistrationAndFormatVersion (0 ms)
[ RUN      ] Filter.OldFileWithoutFilterDegrades
[       OK ] Filter.OldFileWithoutFilterDegrades (8 ms)
[ RUN      ] Filter.CorruptFilterDegradesButReadsCorrect
[       OK ] Filter.CorruptFilterDegradesButReadsCorrect (0 ms)
[ RUN      ] Filter.FilterDamageScanNoSilentWrongValue
M5_FILTER_DAMAGE_CASES 2471
M5_FILTER_SILENT_FALSE_NEGATIVE 0
M5_FILTER_SILENT_WRONG_VALUE 0
M5_FILTER_DAMAGE_DETECTED 2386
M5_FILTER_DAMAGE_FILTER_DEGRADED 85
[FILTER_DAMAGE_OK]
[       OK ] Filter.FilterDamageScanNoSilentWrongValue (416 ms)
[ RUN      ] Filter.FilterCrcAlwaysVerified
[       OK ] Filter.FilterCrcAlwaysVerified (0 ms)
[ RUN      ] Filter.BlockReadReductionAtLeastThreeTimes
M5_FILTER_BLOCK_READS_WITHOUT 2000
M5_FILTER_BLOCK_READS_WITH 18
M5_FILTER_BLOCK_READ_RATIO 111.111111
M5_FILTER_FALSE_NEGATIVE 0
M5_FILTER_QUERIES 2000
M5_FILTER_BLOCKS_SKIPPED 1982
M5_FILTER_ON_CHECKED 2000 POSITIVE 18 UNAVAILABLE 0 POSITIVE_PPM 9000
[FILTER_OK]
[       OK ] Filter.BlockReadReductionAtLeastThreeTimes (1876 ms)
[ RUN      ] Filter.MultiThreadedGetNoRace
[       OK ] Filter.MultiThreadedGetNoRace (32 ms)
[----------] 12 tests from Filter (2445 ms total)

[----------] 3 tests from WriteBatch
[ RUN      ] WriteBatch.EncodingRoundTrip
M5_BATCH_ROUNDTRIP_ENTRIES 9004
M5_BATCH_ENTRY_BYTES 153000
M5_BATCH_EMPTY_REJECTED 1
[       OK ] WriteBatch.EncodingRoundTrip (10 ms)
[ RUN      ] WriteBatch.OverLimitRejectedBeforeAnyWrite
M5_BATCH_OVERLIMIT_REJECTED 1
M5_BATCH_OVERLIMIT_BYTES 67108883
[       OK ] WriteBatch.OverLimitRejectedBeforeAnyWrite (37 ms)
[ RUN      ] WriteBatch.OwnershipReuseAndMalformedRep
M5_BATCH_REUSE_OK 1
M5_BATCH_MALFORMED_CORRUPTION 6
[       OK ] WriteBatch.OwnershipReuseAndMalformedRep (0 ms)
[----------] 3 tests from WriteBatch (48 ms total)

[----------] 5 tests from Batch
[ RUN      ] Batch.CapacityBoundUpperBoundMeasured
M5_BATCH_MEMTABLE_DELTA 86984
M5_BATCH_MEMTABLE_BOUND 87484
M5_BATCH_CAPACITY_SLACK_OK 1
[       OK ] Batch.CapacityBoundUpperBoundMeasured (1 ms)
[ RUN      ] Batch.AtomicVisibilityUnderAppendAndSyncFailure
M5_BATCH_APPEND_FAIL_INVISIBLE 1
M5_BATCH_FSYNC_FAIL_VISIBLE 0
M5_BATCH_CRASH_CASES 8
M5_BATCH_CRASH_HALF_VISIBLE 0
M5_BATCH_CAPACITY_BOUNDARY_VISIBLE 1
M5_BATCH_PARTIAL_VISIBLE 0
[       OK ] Batch.AtomicVisibilityUnderAppendAndSyncFailure (35 ms)
[ RUN      ] Batch.GroupCommitOneFsyncForConcurrentBatches
M5_BATCH_CONCURRENT_WRITERS 32
M5_BATCH_CONCURRENT_ENTRIES 128
M5_BATCH_GROUP_FSYNCS 1
M5_BATCH_LOST_WAKEUPS 0
M5_BATCH_DURABLE_COVERED 1
[       OK ] Batch.GroupCommitOneFsyncForConcurrentBatches (14 ms)
[ RUN      ] Batch.WalRecordTruncationNeverExposesHalfBatch
M5_BATCH_TRUNCATE_CASES 8
M5_BATCH_HALF_VISIBLE 0
M5_BATCH_TRUNCATE_FULL_LOG_BYTES 121
[       OK ] Batch.WalRecordTruncationNeverExposesHalfBatch (10 ms)
[ RUN      ] Batch.RecoverySequenceAndOneRecordPerBatch
M5_BATCH_RECOVERY_RECORDS 3
M5_BATCH_RECOVERY_ENTRIES 10
M5_BATCH_SEQ_CONTIGUOUS 1
M5_BATCH_LAST_SEQ_COVERS 1
M5_BATCH_ONE_RECORD_PER_BATCH 1
[       OK ] Batch.RecoverySequenceAndOneRecordPerBatch (2 ms)
[----------] 5 tests from Batch (64 ms total)

[----------] 2 tests from SyncIsolation
[ RUN      ] SyncIsolation.AsyncWriteIsNotBlockedByExplicitSync
[       OK ] SyncIsolation.AsyncWriteIsNotBlockedByExplicitSync (2001 ms)
[ RUN      ] SyncIsolation.CommitQueueReachableDuringRotationFsync
[       OK ] SyncIsolation.CommitQueueReachableDuringRotationFsync (3 ms)
[----------] 2 tests from SyncIsolation (2005 ms total)

[----------] Global test environment tear-down
[==========] 208 tests from 57 test suites ran. (37895 ms total)
[  PASSED  ] 208 tests.
