== clean Release build + full lsm_tests ==
2026-10-02T17:06:03+08:00
== lsm_build: root=/home/tengyujie/lsm-kv build_dir=build jobs=8 ==
[CHECK] warning 计数 = 0（要求 0）
===== [2026-10-02T17:08:00+08:00] 运行 lsm_tests =====
Running main() from /home/tengyujie/googletest/googletest/src/gtest_main.cc
[==========] Running 208 tests from 57 test suites.
[----------] Global test environment set-up.
[----------] 6 tests from Block
[ RUN      ] Block.RoundTripEmptySingleMany
[       OK ] Block.RoundTripEmptySingleMany (0 ms)
[ RUN      ] Block.PrefixCompressionAndRestartGroups
[       OK ] Block.PrefixCompressionAndRestartGroups (0 ms)
[ RUN      ] Block.RestartOffsetsMonotonicAndAligned
[       OK ] Block.RestartOffsetsMonotonicAndAligned (0 ms)
[ RUN      ] Block.SeekSemantics
[       OK ] Block.SeekSemantics (0 ms)
[ RUN      ] Block.MalformedEntryRejectedWithoutOOB
[       OK ] Block.MalformedEntryRejectedWithoutOOB (0 ms)
[ RUN      ] Block.IteratorBidirectional
[       OK ] Block.IteratorBidirectional (0 ms)
[----------] 6 tests from Block (3 ms total)

[----------] 2 tests from Footer
[ RUN      ] Footer.RoundTrip
[       OK ] Footer.RoundTrip (0 ms)
[ RUN      ] Footer.RejectMatrix
[       OK ] Footer.RejectMatrix (0 ms)
[----------] 2 tests from Footer (0 ms total)

[----------] 12 tests from Table
[ RUN      ] Table.EmptyAndBoundarySizes
[       OK ] Table.EmptyAndBoundarySizes (0 ms)
[ RUN      ] Table.CrossBlockLargeValue
[       OK ] Table.CrossBlockLargeValue (1 ms)
[ RUN      ] Table.LargeNumberOfBlocksIndexWarn
WARN: sstable index_size_warn: block_count=65538 > 65536 (single-level index > ~2.5MB); two-level index is an M4 item
[       OK ] Table.LargeNumberOfBlocksIndexWarn (210 ms)
[ RUN      ] Table.CrcDetectsSingleByteFlipInDataBlock
FLIPS_DONE_A12=4912
[       OK ] Table.CrcDetectsSingleByteFlipInDataBlock (224 ms)
[ RUN      ] Table.CrcDetectsFlipInHeaderLengthAndTrailer
FLIPS_DONE_A13=11
[       OK ] Table.CrcDetectsFlipInHeaderLengthAndTrailer (0 ms)
[ RUN      ] Table.CrcDetectsFlipInIndexAndFooter
FLIPS_DONE_A14_INDEX=42
FLIPS_DONE_A14_TOTAL=45
[       OK ] Table.CrcDetectsFlipInIndexAndFooter (0 ms)
[ RUN      ] Table.VerifyChecksumsOffIsActuallyOff
[       OK ] Table.VerifyChecksumsOffIsActuallyOff (0 ms)
[ RUN      ] Table.IndexHandleTypeMismatchRejected
[       OK ] Table.IndexHandleTypeMismatchRejected (0 ms)
[ RUN      ] Table.HandleSizeVsBlockLengthMismatch
[       OK ] Table.HandleSizeVsBlockLengthMismatch (0 ms)
[ RUN      ] Table.MetaIndexEmptyBlockParses
[       OK ] Table.MetaIndexEmptyBlockParses (0 ms)
[ RUN      ] Table.KeyRangeFilterDoesZeroIo
[       OK ] Table.KeyRangeFilterDoesZeroIo (0 ms)
[ RUN      ] Table.SeekWithSnapshotLookupKeyUsesInternalKeyComparator
[       OK ] Table.SeekWithSnapshotLookupKeyUsesInternalKeyComparator (0 ms)
[----------] 12 tests from Table (439 ms total)

[----------] 2 tests from Slice
[ RUN      ] Slice.CompareAndStartsWith
[       OK ] Slice.CompareAndStartsWith (0 ms)
[ RUN      ] Slice.ToString
[       OK ] Slice.ToString (0 ms)
[----------] 2 tests from Slice (0 ms total)

[----------] 1 test from Status
[ RUN      ] Status.CodesAndToString
[       OK ] Status.CodesAndToString (0 ms)
[----------] 1 test from Status (0 ms total)

[----------] 6 tests from Coding
[ RUN      ] Coding.Fixed32RoundTrip
[       OK ] Coding.Fixed32RoundTrip (0 ms)
[ RUN      ] Coding.Fixed64RoundTrip
[       OK ] Coding.Fixed64RoundTrip (0 ms)
[ RUN      ] Coding.Varint32RoundTrip
[       OK ] Coding.Varint32RoundTrip (0 ms)
[ RUN      ] Coding.Varint64RoundTrip
[       OK ] Coding.Varint64RoundTrip (0 ms)
[ RUN      ] Coding.VarintRejectsOverflowAndTruncation
[       OK ] Coding.VarintRejectsOverflowAndTruncation (0 ms)
[ RUN      ] Coding.LengthPrefixedRoundTrip
[       OK ] Coding.LengthPrefixedRoundTrip (0 ms)
[----------] 6 tests from Coding (0 ms total)

[----------] 2 tests from CRC32C
[ RUN      ] CRC32C.KnownVectors
[       OK ] CRC32C.KnownVectors (0 ms)
[ RUN      ] CRC32C.SingleBitFlipDetected
[       OK ] CRC32C.SingleBitFlipDetected (26 ms)
[----------] 2 tests from CRC32C (26 ms total)

[----------] 2 tests from Arena
[ RUN      ] Arena.AlignmentAndUsage
[       OK ] Arena.AlignmentAndUsage (1 ms)
[ RUN      ] Arena.Reset
[       OK ] Arena.Reset (0 ms)
[----------] 2 tests from Arena (1 ms total)

[----------] 2 tests from Env
[ RUN      ] Env.TimeMonotonic
[       OK ] Env.TimeMonotonic (1 ms)
[ RUN      ] Env.FileRoundTrip
[       OK ] Env.FileRoundTrip (8 ms)
[----------] 2 tests from Env (10 ms total)

[----------] 4 tests from InternalKey
[ RUN      ] InternalKey.BuildParseRoundTrip
[       OK ] InternalKey.BuildParseRoundTrip (1 ms)
[ RUN      ] InternalKey.ParseMalformed
[       OK ] InternalKey.ParseMalformed (0 ms)
[ RUN      ] InternalKey.CompareOrder
[       OK ] InternalKey.CompareOrder (6 ms)
[ RUN      ] InternalKey.LookupKeySemantics
[       OK ] InternalKey.LookupKeySemantics (0 ms)
[----------] 4 tests from InternalKey (8 ms total)

[----------] 1 test from MemTableKeyComparator
[ RUN      ] MemTableKeyComparator.TotalOrder
[       OK ] MemTableKeyComparator.TotalOrder (53 ms)
[----------] 1 test from MemTableKeyComparator (53 ms total)

[----------] 4 tests from Skiplist
[ RUN      ] Skiplist.InsertContainsWithStdMultimap
[       OK ] Skiplist.InsertContainsWithStdMultimap (1404 ms)
[ RUN      ] Skiplist.RandomLayerDistribution
[   INFO   ] Skiplist.RandomLayerDistribution: node_count=100000 mean_height=1.33456 P(h>=2)=0.2502 P(h>=3)=0.06272 max_height=9
[       OK ] Skiplist.RandomLayerDistribution (100 ms)
[ RUN      ] Skiplist.IteratorForwardBackward
[       OK ] Skiplist.IteratorForwardBackward (25 ms)
[ RUN      ] Skiplist.DuplicateKeys
[       OK ] Skiplist.DuplicateKeys (0 ms)
[----------] 4 tests from Skiplist (1531 ms total)

[----------] 14 tests from MemTable
[ RUN      ] MemTable.PutGetRoundTrip
[       OK ] MemTable.PutGetRoundTrip (2 ms)
[ RUN      ] MemTable.OverwriteNewestWins
[       OK ] MemTable.OverwriteNewestWins (0 ms)
[ RUN      ] MemTable.DeleteThenNotFound
[       OK ] MemTable.DeleteThenNotFound (0 ms)
[ RUN      ] MemTable.DeleteThenPutNewerStaysVisible
[       OK ] MemTable.DeleteThenPutNewerStaysVisible (0 ms)
[ RUN      ] MemTable.MultiVersionOrderInInternalIterator
[       OK ] MemTable.MultiVersionOrderInInternalIterator (0 ms)
[ RUN      ] MemTable.UserIteratorDedupAndTombstone
[       OK ] MemTable.UserIteratorDedupAndTombstone (0 ms)
[ RUN      ] MemTable.IteratorStateMachine
[       OK ] MemTable.IteratorStateMachine (0 ms)
[ RUN      ] MemTable.InsertDuringIteration
[       OK ] MemTable.InsertDuringIteration (0 ms)
[ RUN      ] MemTable.FreezeRejectsWriteWithFrozenStatus
[       OK ] MemTable.FreezeRejectsWriteWithFrozenStatus (0 ms)
[ RUN      ] MemTable.FrozenStillReadable
[       OK ] MemTable.FrozenStillReadable (0 ms)
[ RUN      ] MemTable.CapacityStatsMonotonic
[       OK ] MemTable.CapacityStatsMonotonic (0 ms)
[ RUN      ] MemTable.RejectsEmptyAndOversizedKey
[       OK ] MemTable.RejectsEmptyAndOversizedKey (0 ms)
[ RUN      ] MemTable.CustomComparatorEqualityIsHonored
[       OK ] MemTable.CustomComparatorEqualityIsHonored (0 ms)
[ RUN      ] MemTable.MalformedInputDoesNotReadOutOfBounds
[       OK ] MemTable.MalformedInputDoesNotReadOutOfBounds (0 ms)
[----------] 14 tests from MemTable (4 ms total)

[----------] 6 tests from DB
[ RUN      ] DB.PutBlocksUntilFlush
[       OK ] DB.PutBlocksUntilFlush (14 ms)
[ RUN      ] DB.OpenMemoryMode
[       OK ] DB.OpenMemoryMode (0 ms)
[ RUN      ] DB.OpenPersistentMode
[       OK ] DB.OpenPersistentMode (14 ms)
[ RUN      ] DB.OpenRejectsInvalidOptions
[       OK ] DB.OpenRejectsInvalidOptions (0 ms)
[ RUN      ] DB.PutGetDeleteRoundTrip
[       OK ] DB.PutGetDeleteRoundTrip (0 ms)
[ RUN      ] DB.PutAfterFreezeReturnsFrozen
[       OK ] DB.PutAfterFreezeReturnsFrozen (0 ms)
[----------] 6 tests from DB (28 ms total)

[----------] 4 tests from Stress
[ RUN      ] Stress.OneMillionKeysReconcile
[   INFO   ] Stress.OneMillionKeysReconcile: n=1000000 write_ms=18825 reconcile_ms=1277 ApproximateMemoryUsage=155998029 bytes
[       OK ] Stress.OneMillionKeysReconcile (22365 ms)
[ RUN      ] Stress.DeleteThirtyPercentReconcile
[   INFO   ] Stress.DeleteThirtyPercentReconcile: entries=390000 visible=210000 deleted=90000 elapsed_ms=5650 memtable_bytes=61318518
[       OK ] Stress.DeleteThirtyPercentReconcile (6590 ms)
[ RUN      ] Stress.SameKey100kTimes
[   INFO   ] Stress.SameKey100kTimes: versions=100000 elapsed_ms=252 memtable_bytes=14389159
[       OK ] Stress.SameKey100kTimes (255 ms)
[ RUN      ] Stress.AlignmentUnderSanitizers
[   INFO   ] Stress.AlignmentUnderSanitizers: build=plain（ASan/UBSan 结论见 build-asan 门禁）
[   INFO   ] Stress.AlignmentUnderSanitizers: allocations=2000 alignof(max_align_t)=16
[       OK ] Stress.AlignmentUnderSanitizers (27 ms)
[----------] 4 tests from Stress (29241 ms total)

[----------] 10 tests from WAL
[ RUN      ] WAL.WriteReadRoundTrip
[       OK ] WAL.WriteReadRoundTrip (5 ms)
[ RUN      ] WAL.LargeRecordCrossBlockSplit
[       OK ] WAL.LargeRecordCrossBlockSplit (20 ms)
[ RUN      ] WAL.BlockTailPadding
[       OK ] WAL.BlockTailPadding (28 ms)
[ RUN      ] WAL.CrcDetectsSingleByteFlip
[       OK ] WAL.CrcDetectsSingleByteFlip (201 ms)
[ RUN      ] WAL.RejectsIllegalTypeAndLength
[       OK ] WAL.RejectsIllegalTypeAndLength (8 ms)
[ RUN      ] WAL.TruncatedTailIsCut
[       OK ] WAL.TruncatedTailIsCut (931 ms)
[ RUN      ] WAL.MiddleCorruptionRejected
[       OK ] WAL.MiddleCorruptionRejected (6 ms)
[ RUN      ] WAL.TailCorruptionWithNoValidRecordAfterIsCut
[       OK ] WAL.TailCorruptionWithNoValidRecordAfterIsCut (5 ms)
[ RUN      ] WAL.ShortWriteIsRetriedThenFails
[       OK ] WAL.ShortWriteIsRetriedThenFails (6 ms)
[ RUN      ] WAL.FsyncFailurePropagates
[       OK ] WAL.FsyncFailurePropagates (0 ms)
[----------] 10 tests from WAL (1216 ms total)

[----------] 11 tests from Recovery
[ RUN      ] Recovery.AckedDataVisibleAfterManifestReplay
[       OK ] Recovery.AckedDataVisibleAfterManifestReplay (11 ms)
[ RUN      ] Recovery.ReplayPutDeleteAndBatches
[       OK ] Recovery.ReplayPutDeleteAndBatches (16 ms)
[ RUN      ] Recovery.AllLogsAreReplayed
[       OK ] Recovery.AllLogsAreReplayed (10 ms)
[ RUN      ] Recovery.SequenceRestoredAboveMaxReplayed
[       OK ] Recovery.SequenceRestoredAboveMaxReplayed (11 ms)
[ RUN      ] Recovery.IdempotentAcrossRepeatedOpens
[       OK ] Recovery.IdempotentAcrossRepeatedOpens (8 ms)
[ RUN      ] Recovery.TornTailDoesNotResurrectOlderValue
[       OK ] Recovery.TornTailDoesNotResurrectOlderValue (17 ms)
[ RUN      ] Recovery.EmptyWalAndMissingDir
[       OK ] Recovery.EmptyWalAndMissingDir (7 ms)
[ RUN      ] Recovery.MalformedBatchPayloadIsCorruption
[       OK ] Recovery.MalformedBatchPayloadIsCorruption (9 ms)
[ RUN      ] Recovery.NonHighestLogTailCorruptionRejected
[       OK ] Recovery.NonHighestLogTailCorruptionRejected (5 ms)
[ RUN      ] Recovery.SameKeyManyVersionsReplaysLatest
[       OK ] Recovery.SameKeyManyVersionsReplaysLatest (10 ms)
[ RUN      ] Recovery.StatsAreReadableAndReportTruncationAndSkips
[WARN] recovery: skipped 1 record(s) with non-increasing sequence
[       OK ] Recovery.StatsAreReadableAndReportTruncationAndSkips (19 ms)
[----------] 11 tests from Recovery (129 ms total)

[----------] 2 tests from CrashSim
[ RUN      ] CrashSim.UnsyncedSuffixLostNoTornValue
[       OK ] CrashSim.UnsyncedSuffixLostNoTornValue (16 ms)
[ RUN      ] CrashSim.RepeatedCrashRecoverLoop50
[       OK ] CrashSim.RepeatedCrashRecoverLoop50 (73 ms)
[----------] 2 tests from CrashSim (90 ms total)

[----------] 3 tests from Sync
[ RUN      ] Sync.SyncCoversAllPriorWrites
[       OK ] Sync.SyncCoversAllPriorWrites (3 ms)
[ RUN      ] Sync.CloseIsDurable
[       OK ] Sync.CloseIsDurable (3 ms)
[ RUN      ] Sync.PerLogBoundaryAfterRotation
[       OK ] Sync.PerLogBoundaryAfterRotation (1 ms)
[----------] 3 tests from Sync (8 ms total)

[----------] 4 tests from Close
[ RUN      ] Close.RejectsNewWriters
[       OK ] Close.RejectsNewWriters (35 ms)
[ RUN      ] Close.WaitsForDrainedQueue
[       OK ] Close.WaitsForDrainedQueue (35 ms)
[ RUN      ] Close.AbandonsImmutablesWithCounter
[       OK ] Close.AbandonsImmutablesWithCounter (13 ms)
[ RUN      ] Close.DrainsBackgroundThread
[       OK ] Close.DrainsBackgroundThread (9 ms)
[----------] 4 tests from Close (93 ms total)

[----------] 8 tests from GroupCommit
[ RUN      ] GroupCommit.WindowNotOpenedEarly
[       OK ] GroupCommit.WindowNotOpenedEarly (1 ms)
[ RUN      ] GroupCommit.NoLostWakeup
[       OK ] GroupCommit.NoLostWakeup (13 ms)
[ RUN      ] GroupCommit.FailurePropagatesToAllWaiters
[       OK ] GroupCommit.FailurePropagatesToAllWaiters (6 ms)
[ RUN      ] GroupCommit.BatchingReducesFsyncCount
[   INFO   ] GroupCommit.BatchingReducesFsyncCount: writers=32 fsync_calls=32 ratio=1.000
[       OK ] GroupCommit.BatchingReducesFsyncCount (11 ms)
[ RUN      ] GroupCommit.NWritersOneFsyncDeterministic
[       OK ] GroupCommit.NWritersOneFsyncDeterministic (22 ms)
[ RUN      ] GroupCommit.DurableSeqOnlyAdvancesOnSync
[       OK ] GroupCommit.DurableSeqOnlyAdvancesOnSync (0 ms)
[ RUN      ] GroupCommit.MixedSyncPropagates
[       OK ] GroupCommit.MixedSyncPropagates (45 ms)
[ RUN      ] GroupCommit.SyncDoesNotClaimInFlightBatch
[       OK ] GroupCommit.SyncDoesNotClaimInFlightBatch (2 ms)
[----------] 8 tests from GroupCommit (103 ms total)

[----------] 2 tests from Locks
[ RUN      ] Locks.ZeroIoWhileHoldingDbMutexOnCompactionPath
[       OK ] Locks.ZeroIoWhileHoldingDbMutexOnCompactionPath (15 ms)
[ RUN      ] Locks.ZeroIoWhileHoldingDbMutex
[       OK ] Locks.ZeroIoWhileHoldingDbMutex (173 ms)
[----------] 2 tests from Locks (189 ms total)

[----------] 9 tests from Flush
[ RUN      ] Flush.AutoFlushOnFullBufferNeverFrozen
[       OK ] Flush.AutoFlushOnFullBufferNeverFrozen (18 ms)
[ RUN      ] Flush.SingleEntryLargerThanWriteBufferAccepted
[       OK ] Flush.SingleEntryLargerThanWriteBufferAccepted (2 ms)
[ RUN      ] Flush.OrderDurableRenameSyncDirRegister
[       OK ] Flush.OrderDurableRenameSyncDirRegister (7 ms)
[ RUN      ] Flush.NoIoWhileHoldingDbMutex
[       OK ] Flush.NoIoWhileHoldingDbMutex (16 ms)
[ RUN      ] Flush.FailureIsFailStopButReadable
[       OK ] Flush.FailureIsFailStopButReadable (8 ms)
[ RUN      ] Flush.ImmutableStallReleasesOnAllConditions
[       OK ] Flush.ImmutableStallReleasesOnAllConditions (11 ms)
[ RUN      ] Flush.TombstoneCountPreserved
[       OK ] Flush.TombstoneCountPreserved (45 ms)
[ RUN      ] Flush.FirstFlushCloseWindowRecoversFromCompleteWal
[       OK ] Flush.FirstFlushCloseWindowRecoversFromCompleteWal (4 ms)
[ RUN      ] Flush.StatsCountedNotSilent
[WARN] recovery: skipped 1 record(s) with non-increasing sequence
[       OK ] Flush.StatsCountedNotSilent (43 ms)
[----------] 9 tests from Flush (159 ms total)

[----------] 5 tests from Read
[ RUN      ] Read.L0NewestFirst
[       OK ] Read.L0NewestFirst (4 ms)
[ RUN      ] Read.CoverageMemTableOverSSTable
[       OK ] Read.CoverageMemTableOverSSTable (41 ms)
[ RUN      ] Read.TombstoneShadowsSSTableOldValue
[       OK ] Read.TombstoneShadowsSSTableOldValue (39 ms)
[ RUN      ] Read.NewerSSTableTombstoneShadowsOlderFile
[       OK ] Read.NewerSSTableTombstoneShadowsOlderFile (78 ms)
[ RUN      ] Read.NewestWinsAcrossThreeFiles
[       OK ] Read.NewestWinsAcrossThreeFiles (106 ms)
[----------] 5 tests from Read (271 ms total)

[----------] 4 tests from Iter
[ RUN      ] Iter.MergingIteratorOrder
[       OK ] Iter.MergingIteratorOrder (0 ms)
[ RUN      ] Iter.DBIterVisibilityAndTombstoneSkip
[       OK ] Iter.DBIterVisibilityAndTombstoneSkip (0 ms)
[ RUN      ] Iter.DBIterStableAcrossFlush
[       OK ] Iter.DBIterStableAcrossFlush (104 ms)
[ RUN      ] Iter.UserIteratorUnchangedForMemoryMode
[       OK ] Iter.UserIteratorUnchangedForMemoryMode (2 ms)
[----------] 4 tests from Iter (108 ms total)

[----------] 10 tests from Recover
[ RUN      ] Recover.SSTableOnly
[       OK ] Recover.SSTableOnly (18 ms)
[ RUN      ] Recover.SSTablePlusWalTail
[       OK ] Recover.SSTablePlusWalTail (10 ms)
[ RUN      ] Recover.LastSequenceUniqueSource
[       OK ] Recover.LastSequenceUniqueSource (13 ms)
[ RUN      ] Recover.MetaMaxSequenceVerifiedAgainstFullScan
[       OK ] Recover.MetaMaxSequenceVerifiedAgainstFullScan (8 ms)
[ RUN      ] Recover.MetaCorruptRefused
[       OK ] Recover.MetaCorruptRefused (17 ms)
[ RUN      ] Recover.OrphanHandledPerInvariant27
[       OK ] Recover.OrphanHandledPerInvariant27 (11 ms)
[ RUN      ] Recover.MetaMissingWithSstRefused
[       OK ] Recover.MetaMissingWithSstRefused (10 ms)
[ RUN      ] Recover.ComparatorNameMismatchRefused
[       OK ] Recover.ComparatorNameMismatchRefused (7 ms)
[ RUN      ] Recover.LogOrderIsNumericAscending
[       OK ] Recover.LogOrderIsNumericAscending (1 ms)
[ RUN      ] Recover.TruncationRulesUnchangedFromM2
[       OK ] Recover.TruncationRulesUnchangedFromM2 (1 ms)
[----------] 10 tests from Recover (101 ms total)

[----------] 4 tests from WalReclaim
[ RUN      ] WalReclaim.WatermarkCriterion
[       OK ] WalReclaim.WatermarkCriterion (11 ms)
[ RUN      ] WalReclaim.RecoveredMemtableKeepsOldestLog
[       OK ] WalReclaim.RecoveredMemtableKeepsOldestLog (2 ms)
[ RUN      ] WalReclaim.DeleteOnlyAfterMetaDurable
[       OK ] WalReclaim.DeleteOnlyAfterMetaDurable (38 ms)
[ RUN      ] WalReclaim.DisabledByOption
[       OK ] WalReclaim.DisabledByOption (56 ms)
[----------] 4 tests from WalReclaim (110 ms total)

[----------] 1 test from Rotation
[ RUN      ] Rotation.BeforeSequenceAssignAndAtomicOnFailure
[       OK ] Rotation.BeforeSequenceAssignAndAtomicOnFailure (1 ms)
[----------] 1 test from Rotation (2 ms total)

[----------] 1 test from Options
[ RUN      ] Options.InvalidRejectedWithoutFailStop
[       OK ] Options.InvalidRejectedWithoutFailStop (36 ms)
[----------] 1 test from Options (36 ms total)

[----------] 3 tests from CrashFlush
[ RUN      ] CrashFlush.AfterSSTableWrittenThenPowerLoss
[       OK ] CrashFlush.AfterSSTableWrittenThenPowerLoss (12 ms)
[ RUN      ] CrashFlush.BeforeRenameThenPowerLoss
[       OK ] CrashFlush.BeforeRenameThenPowerLoss (12 ms)
[ RUN      ] CrashFlush.BeforeRegisterThenPowerLoss
[       OK ] CrashFlush.BeforeRegisterThenPowerLoss (9 ms)
[----------] 3 tests from CrashFlush (35 ms total)

[----------] 4 tests from VersionEdit
[ RUN      ] VersionEdit.CrcIndependentlyRecomputed
[       OK ] VersionEdit.CrcIndependentlyRecomputed (0 ms)
[ RUN      ] VersionEdit.RoundTripEmptyAndFull
[       OK ] VersionEdit.RoundTripEmptyAndFull (0 ms)
[ RUN      ] VersionEdit.OptionalFieldsAbsent
[       OK ] VersionEdit.OptionalFieldsAbsent (0 ms)
[ RUN      ] VersionEdit.MalformedRejected
[       OK ] VersionEdit.MalformedRejected (0 ms)
[----------] 4 tests from VersionEdit (0 ms total)

[----------] 5 tests from Manifest
[ RUN      ] Manifest.RecordBytesMatchHandBuilt
[       OK ] Manifest.RecordBytesMatchHandBuilt (0 ms)
[ RUN      ] Manifest.ReplayFullSnapshot
[       OK ] Manifest.ReplayFullSnapshot (0 ms)
[ RUN      ] Manifest.TailTornTruncatedAndCounted
[       OK ] Manifest.TailTornTruncatedAndCounted (0 ms)
[ RUN      ] Manifest.MiddleCorruptionRejected
[       OK ] Manifest.MiddleCorruptionRejected (0 ms)
[ RUN      ] Manifest.RollWritesSnapshotAndKeepsNumberingMonotonic
[       OK ] Manifest.RollWritesSnapshotAndKeepsNumberingMonotonic (75 ms)
[----------] 5 tests from Manifest (76 ms total)

[----------] 4 tests from Current
[ RUN      ] Current.InjectedRenameFailureKeepsOldCurrent
[       OK ] Current.InjectedRenameFailureKeepsOldCurrent (6 ms)
[ RUN      ] Current.AtomicSwitchOnInjectedCrash
[       OK ] Current.AtomicSwitchOnInjectedCrash (0 ms)
[ RUN      ] Current.MissingWithNonEmptyDirIsCorruption
[       OK ] Current.MissingWithNonEmptyDirIsCorruption (0 ms)
[ RUN      ] Current.ContentStrictlyValidated
[       OK ] Current.ContentStrictlyValidated (0 ms)
[----------] 4 tests from Current (6 ms total)

[----------] 1 test from Migration
[ RUN      ] Migration.MetaToManifestOneShot
[       OK ] Migration.MetaToManifestOneShot (10 ms)
[----------] 1 test from Migration (10 ms total)

[----------] 2 tests from Install
[ RUN      ] Install.RebaseOnConcurrentFlushKeepsI37
[       OK ] Install.RebaseOnConcurrentFlushKeepsI37 (4 ms)
[ RUN      ] Install.FailureKeepsCurrentRecoverable
[       OK ] Install.FailureKeepsCurrentRecoverable (0 ms)
[----------] 2 tests from Install (4 ms total)

[----------] 1 test from Level0
[ RUN      ] Level0.FileCountThresholdTriggers
[       OK ] Level0.FileCountThresholdTriggers (0 ms)
[----------] 1 test from Level0 (0 ms total)

[----------] 1 test from LevelN
[ RUN      ] LevelN.CapacityThresholdTriggers
[       OK ] LevelN.CapacityThresholdTriggers (0 ms)
[----------] 1 test from LevelN (0 ms total)

[----------] 1 test from PickLevel
[ RUN      ] PickLevel.MaxScoreAndTieBreak
[       OK ] PickLevel.MaxScoreAndTieBreak (0 ms)
[----------] 1 test from PickLevel (0 ms total)

[----------] 2 tests from PickFile
[ RUN      ] PickFile.RoundRobinDeterministic
[       OK ] PickFile.RoundRobinDeterministic (0 ms)
[ RUN      ] PickFile.MinOverlapDeterministic
[       OK ] PickFile.MinOverlapDeterministic (0 ms)
[----------] 2 tests from PickFile (0 ms total)

[----------] 1 test from L0Inputs
[ RUN      ] L0Inputs.TransitiveOverlapClosure
[       OK ] L0Inputs.TransitiveOverlapClosure (0 ms)
[----------] 1 test from L0Inputs (0 ms total)

[----------] 1 test from BaseLevelForKey
[ RUN      ] BaseLevelForKey.StartsAtLevelPlusTwo
[       OK ] BaseLevelForKey.StartsAtLevelPlusTwo (0 ms)
[----------] 1 test from BaseLevelForKey (0 ms total)

[----------] 1 test from Drop
[ RUN      ] Drop.DecisionIsDisjunctionNotConjunction
[       OK ] Drop.DecisionIsDisjunctionNotConjunction (0 ms)
[----------] 1 test from Drop (0 ms total)

[----------] 1 test from CompactionDb
[ RUN      ] CompactionDb.EndToEndMovesL0ToL1AndKeepsData
[       OK ] CompactionDb.EndToEndMovesL0ToL1AndKeepsData (20 ms)
[----------] 1 test from CompactionDb (20 ms total)

[----------] 1 test from ReadLevels
[ RUN      ] ReadLevels.NewestWinsAndRangeFilterNotCounted
[       OK ] ReadLevels.NewestWinsAndRangeFilterNotCounted (11 ms)
[----------] 1 test from ReadLevels (11 ms total)

[----------] 2 tests from Delete
[ RUN      ] Delete.DeferredUntilRefsZero
[       OK ] Delete.DeferredUntilRefsZero (7 ms)
[ RUN      ] Delete.NoUnlinkInsideInstallCriticalSection
[       OK ] Delete.NoUnlinkInsideInstallCriticalSection (9 ms)
[----------] 2 tests from Delete (17 ms total)

[----------] 1 test from LevelLayout
[ RUN      ] LevelLayout.OverlapRejectedOnInstall
[       OK ] LevelLayout.OverlapRejectedOnInstall (0 ms)
[----------] 1 test from LevelLayout (0 ms total)

[----------] 1 test from Snapshot
[ RUN      ] Snapshot.VisibleVersionSurvivesCompactionAndSmallestUpdates
[       OK ] Snapshot.VisibleVersionSurvivesCompactionAndSmallestUpdates (7 ms)
[----------] 1 test from Snapshot (7 ms total)

[----------] 2 tests from CompactionFail
[ RUN      ] CompactionFail.OutputWriteFailureKeepsOldVersion
[       OK ] CompactionFail.OutputWriteFailureKeepsOldVersion (12 ms)
[ RUN      ] CompactionFail.OutputRenameFailureKeepsOldVersion
[       OK ] CompactionFail.OutputRenameFailureKeepsOldVersion (12 ms)
[----------] 2 tests from CompactionFail (24 ms total)

[----------] 1 test from Scheduling
[ RUN      ] Scheduling.FlushTakesPriorityOverCompaction
[       OK ] Scheduling.FlushTakesPriorityOverCompaction (15 ms)
[----------] 1 test from Scheduling (15 ms total)

[----------] 5 tests from Merge
[ RUN      ] Merge.StdMapReconciliation
[       OK ] Merge.StdMapReconciliation (21 ms)
[ RUN      ] Merge.InternalKeyOrderContract
[       OK ] Merge.InternalKeyOrderContract (10 ms)
[ RUN      ] Merge.ConcurrentIteratorVsBackgroundCompaction
[       OK ] Merge.ConcurrentIteratorVsBackgroundCompaction (12 ms)
[ RUN      ] Merge.MixedMemTablesAndFileTombstoneVisibility
[       OK ] Merge.MixedMemTablesAndFileTombstoneVisibility (0 ms)
[ RUN      ] Merge.SkipAcrossChildrenWithVolatileChildKeyView
[       OK ] Merge.SkipAcrossChildrenWithVolatileChildKeyView (0 ms)
[----------] 5 tests from Merge (44 ms total)

[----------] 1 test from Shutdown
[ RUN      ] Shutdown.JoinsBothThreadsAndDrainsQueue
[       OK ] Shutdown.JoinsBothThreadsAndDrainsQueue (8 ms)
[----------] 1 test from Shutdown (8 ms total)

[----------] 1 test from Orphan
[ RUN      ] Orphan.CompactionOutputCleanedAndCounted
[       OK ] Orphan.CompactionOutputCleanedAndCounted (11 ms)
[----------] 1 test from Orphan (11 ms total)

[----------] 1 test from Amplification
[ RUN      ] Amplification.RowReproducibleAndSelfConsistent
[       OK ] Amplification.RowReproducibleAndSelfConsistent (18 ms)
[----------] 1 test from Amplification (18 ms total)

[----------] 12 tests from Filter
[ RUN      ] Filter.BloomEncodingRoundTrip
[       OK ] Filter.BloomEncodingRoundTrip (4 ms)
[ RUN      ] Filter.FalsePositiveRateMeasured
M5_FILTER_FALSE_NEGATIVE 0
M5_FILTER_FPR_PPM 8310
FILTER_FPR_MEASURED_PPM 8310 (inserted=100000 probes=100000)
M5_FILTER_FPR_STRUCTURED_PPM 14930 (even_keys=100000 odd_probes=100000)
M5_FILTER_FPR_STRUCTURED_BUCKET_PPM 214743 (bucket_keys=37 buckets=2000)
FILTER_FPR_STRUCTURED_MEASURED_PPM 14930
FILTER_FPR_STRUCTURED_BUCKET_MEASURED_PPM 214743
[       OK ] Filter.FalsePositiveRateMeasured (97 ms)
[ RUN      ] Filter.NoFalseNegativeOnSSTable
[       OK ] Filter.NoFalseNegativeOnSSTable (2 ms)
[ RUN      ] Filter.MisalignedOffsetInjectionDetected
[       OK ] Filter.MisalignedOffsetInjectionDetected (7 ms)
[ RUN      ] Filter.NegationOnlySkipsDataBlocks
[       OK ] Filter.NegationOnlySkipsDataBlocks (3 ms)
[ RUN      ] Filter.MetaIndexRegistrationAndFormatVersion
[       OK ] Filter.MetaIndexRegistrationAndFormatVersion (0 ms)
[ RUN      ] Filter.OldFileWithoutFilterDegrades
[       OK ] Filter.OldFileWithoutFilterDegrades (8 ms)
[ RUN      ] Filter.CorruptFilterDegradesButReadsCorrect
[       OK ] Filter.CorruptFilterDegradesButReadsCorrect (0 ms)
[ RUN      ] Filter.FilterDamageScanNoSilentWrongValue
M5_FILTER_DAMAGE_CASES 2471
M5_FILTER_SILENT_FALSE_NEGATIVE 0
M5_FILTER_SILENT_WRONG_VALUE 0
M5_FILTER_DAMAGE_DETECTED 2386
M5_FILTER_DAMAGE_FILTER_DEGRADED 85
[FILTER_DAMAGE_OK]
[       OK ] Filter.FilterDamageScanNoSilentWrongValue (430 ms)
[ RUN      ] Filter.FilterCrcAlwaysVerified
[       OK ] Filter.FilterCrcAlwaysVerified (0 ms)
[ RUN      ] Filter.BlockReadReductionAtLeastThreeTimes
M5_FILTER_BLOCK_READS_WITHOUT 2000
M5_FILTER_BLOCK_READS_WITH 18
M5_FILTER_BLOCK_READ_RATIO 111.111111
M5_FILTER_FALSE_NEGATIVE 0
M5_FILTER_QUERIES 2000
M5_FILTER_BLOCKS_SKIPPED 1982
M5_FILTER_ON_CHECKED 2000 POSITIVE 18 UNAVAILABLE 0 POSITIVE_PPM 9000
[FILTER_OK]
[       OK ] Filter.BlockReadReductionAtLeastThreeTimes (1873 ms)
[ RUN      ] Filter.MultiThreadedGetNoRace
[       OK ] Filter.MultiThreadedGetNoRace (27 ms)
[----------] 12 tests from Filter (2458 ms total)

[----------] 3 tests from WriteBatch
[ RUN      ] WriteBatch.EncodingRoundTrip
M5_BATCH_ROUNDTRIP_ENTRIES 9004
M5_BATCH_ENTRY_BYTES 153000
M5_BATCH_EMPTY_REJECTED 1
[       OK ] WriteBatch.EncodingRoundTrip (10 ms)
[ RUN      ] WriteBatch.OverLimitRejectedBeforeAnyWrite
M5_BATCH_OVERLIMIT_REJECTED 1
M5_BATCH_OVERLIMIT_BYTES 67108883
[       OK ] WriteBatch.OverLimitRejectedBeforeAnyWrite (41 ms)
[ RUN      ] WriteBatch.OwnershipReuseAndMalformedRep
M5_BATCH_REUSE_OK 1
M5_BATCH_MALFORMED_CORRUPTION 6
[       OK ] WriteBatch.OwnershipReuseAndMalformedRep (1 ms)
[----------] 3 tests from WriteBatch (54 ms total)

[----------] 5 tests from Batch
[ RUN      ] Batch.CapacityBoundUpperBoundMeasured
M5_BATCH_MEMTABLE_DELTA 86984
M5_BATCH_MEMTABLE_BOUND 87484
M5_BATCH_CAPACITY_SLACK_OK 1
[       OK ] Batch.CapacityBoundUpperBoundMeasured (1 ms)
[ RUN      ] Batch.AtomicVisibilityUnderAppendAndSyncFailure
M5_BATCH_APPEND_FAIL_INVISIBLE 1
M5_BATCH_FSYNC_FAIL_VISIBLE 0
M5_BATCH_CRASH_CASES 8
M5_BATCH_CRASH_HALF_VISIBLE 0
M5_BATCH_CAPACITY_BOUNDARY_VISIBLE 1
M5_BATCH_PARTIAL_VISIBLE 0
[       OK ] Batch.AtomicVisibilityUnderAppendAndSyncFailure (37 ms)
[ RUN      ] Batch.GroupCommitOneFsyncForConcurrentBatches
M5_BATCH_CONCURRENT_WRITERS 32
M5_BATCH_CONCURRENT_ENTRIES 128
M5_BATCH_GROUP_FSYNCS 1
M5_BATCH_LOST_WAKEUPS 0
M5_BATCH_DURABLE_COVERED 1
[       OK ] Batch.GroupCommitOneFsyncForConcurrentBatches (15 ms)
[ RUN      ] Batch.WalRecordTruncationNeverExposesHalfBatch
M5_BATCH_TRUNCATE_CASES 8
M5_BATCH_HALF_VISIBLE 0
M5_BATCH_TRUNCATE_FULL_LOG_BYTES 121
[       OK ] Batch.WalRecordTruncationNeverExposesHalfBatch (9 ms)
[ RUN      ] Batch.RecoverySequenceAndOneRecordPerBatch
M5_BATCH_RECOVERY_RECORDS 3
M5_BATCH_RECOVERY_ENTRIES 10
M5_BATCH_SEQ_CONTIGUOUS 1
M5_BATCH_LAST_SEQ_COVERS 1
M5_BATCH_ONE_RECORD_PER_BATCH 1
[       OK ] Batch.RecoverySequenceAndOneRecordPerBatch (1 ms)
[----------] 5 tests from Batch (66 ms total)

[----------] 2 tests from SyncIsolation
[ RUN      ] SyncIsolation.AsyncWriteIsNotBlockedByExplicitSync
[       OK ] SyncIsolation.AsyncWriteIsNotBlockedByExplicitSync (2001 ms)
[ RUN      ] SyncIsolation.CommitQueueReachableDuringRotationFsync
[       OK ] SyncIsolation.CommitQueueReachableDuringRotationFsync (4 ms)
[----------] 2 tests from SyncIsolation (2006 ms total)

[----------] Global test environment tear-down
[==========] 208 tests from 57 test suites ran. (38879 ms total)
[  PASSED  ] 208 tests.
[CHECK] 用例计数：
[==========] 208 tests from 57 test suites ran. (38879 ms total)
[  PASSED  ] 208 tests.
[OK] 干净重建 + 0 warning + lsm_tests 全绿（日志：build/build.log）
RELEASE_BUILD_RC=0
RELEASE_BUILD_DONE 2026-10-02T17:08:39+08:00
